ARM Linker, 5.03 [Build 76] [MDK-ARM Standard]

==============================================================================

Section Cross References

    ampm_gsm_main_task.o(.text) refers to ampm_gsm_io.o(.text) for Ampm_SendAtCmdNow
    ampm_gsm_main_task.o(.text) refers to ampm_gsm_ring.o(.text) for Ampm_Ringing_GetPhase
    ampm_gsm_main_task.o(.text) refers to ampm_gsm_sms.o(.text) for Ampm_SmsCheckMessage_IsEmpty
    ampm_gsm_main_task.o(.text) refers to ampm_gsm_call.o(.text) for Ampm_VoiceCallCheckList_IsEmpty
    ampm_gsm_main_task.o(.text) refers to ampm_gsm_dial_up.o(.text) for Ampm_GSM_DialUp_Reset
    ampm_gsm_main_task.o(.text) refers to ppp.o(.text) for PPP_Init
    ampm_gsm_main_task.o(.text) refers to led.o(.text) for LedSetStatus
    ampm_gsm_main_task.o(.text) refers to ampm_gsm_startup.o(.text) for AMPM_GSM_Startup_Init
    ampm_gsm_main_task.o(.text) refers to ampm_list.o(.text) for list_init
    ampm_gsm_main_task.o(.text) refers to resolver.o(.text) for RESOLVER_Manage
    ampm_gsm_main_task.o(.text) refers to sparser.o(.text) for Ampm_CmdTask_IsIdle
    ampm_gsm_main_task.o(.text) refers to sys_tick.o(.text) for SysTick_Get
    ampm_gsm_main_task.o(.text) refers to ampm_gsm_main_task.o(.data) for ampmGSM_TaskPhase
    ampm_gsm_main_task.o(.text) refers to ampm_gsm_main_task.o(.constdata) for ampmMainCmdProcess_ATH
    ampm_gsm_main_task.o(.text) refers to ampm_gsm_ring.o(.data) for ampm_NewSmsFlag
    ampm_gsm_main_task.o(.text) refers to ampm_gsm_common.o(.data) for ampm_ModemResetFlag
    ampm_gsm_main_task.o(.text) refers to ampm_gsm_sms.o(.data) for smsTaskFailCnt
    ampm_gsm_main_task.o(.text) refers to main.o(.text) for Ampm_MainSmsRecvCallback
    ampm_gsm_main_task.o(.text) refers to led.o(.bss) for led1Ctr
    ampm_gsm_main_task.o(.text) refers to ampm_gsm_io.o(.data) for gotoDataModeFlag
    ampm_gsm_main_task.o(.text) refers to comm.o(.text) for MODEM_Wakeup
    ampm_gsm_main_task.o(.text) refers to data_cmp.o(.text) for InitFindData
    ampm_gsm_main_task.o(.text) refers to at_command_parser.o(.data) for ampm_AtCommandParserEnable
    ampm_gsm_main_task.o(.text) refers to ampm_gsm_io.o(.bss) for ampm_GSM_TaskTimeout
    ampm_gsm_main_task.o(.text) refers to ampm_gsm_main_task.o(.bss) for tRingTask
    ampm_gsm_main_task.o(.text) refers to ampm_gsm_startup.o(.data) for ampm_AtGsmCmdStart_pt
    ampm_gsm_main_task.o(.constdata) refers to ampm_gsm_main_task.o(.conststring) for .conststring
    ampm_gsm_main_task.o(.constdata) refers to ampm_gsm_common.o(.constdata) for ampmCmdProcess_AT
    ampm_gsm_main_task.o(.constdata) refers to ampm_gsm_io.o(.text) for Ampm_GsmSendCallback
    ampm_gsm_main_task.o(.constdata) refers to ampm_gsm_main_task.o(.text) for Ampm_GsmMainCallPhaseFinished
    main.o(.text) refers to system_stm32f10x.o(.text) for SystemInit
    main.o(.text) refers to comm.o(.text) for MODEM_MOSFET_On
    main.o(.text) refers to rtc.o(.text) for RTC_Init
    main.o(.text) refers to led.o(.text) for LedInit
    main.o(.text) refers to adc_task.o(.text) for ADC_TaskInit
    main.o(.text) refers to uart1.o(.text) for USART1_Init
    main.o(.text) refers to inet.o(.text) for inet_addr
    main.o(.text) refers to sockets.o(.text) for lwip_socket
    main.o(.text) refers to strlen.o(.text) for strlen
    main.o(.text) refers to api_lib.o(.text) for netconn_new
    main.o(.text) refers to sys_tick.o(.text) for InitTimeout
    main.o(.text) refers to ampm_gsm_main_task.o(.text) for AMPM_GSM_Init
    main.o(.text) refers to ampm_gsm_call.o(.text) for Ampm_ComparePhoneNumber
    main.o(.text) refers to ringbuf.o(.text) for RINGBUF_Get
    main.o(.text) refers to dbg.o(.text) for DbgCfgPrintf
    main.o(.text) refers to sys_arch.o(.text) for sys_init
    main.o(.text) refers to mem.o(.text) for mem_init
    main.o(.text) refers to memp.o(.text) for memp_init
    main.o(.text) refers to pbuf.o(.text) for pbuf_init
    main.o(.text) refers to tcp_ip_task.o(.text) for tcpip_init
    main.o(.text) refers to tasks.o(.text) for xTaskGenericCreate
    main.o(.text) refers to ampm_gsm_sms.o(.text) for Ampm_Sms_SendMsg
    main.o(.text) refers to ampm_gsm_ring.o(.text) for Ampm_SetRinging
    main.o(.text) refers to dtmf_app.o(.text) for DTMF_Task
    main.o(.text) refers to system_stm32f10x.o(.data) for SystemCoreClock
    main.o(.text) refers to main.o(.bss) for replySmsBuf
    main.o(.text) refers to ampm_gsm_call.o(.bss) for incomingCall
    main.o(.text) refers to ampm_gsm_call.o(.data) for ampm_GotIncomingNumberFlag
    main.o(.text) refers to main.o(.data) for c
    main.o(.data) refers to main.o(.conststring) for .conststring
    tcp_ip_task.o(.text) refers to sys_arch.o(.text) for sys_arch_mbox_fetch
    tcp_ip_task.o(.text) refers to api_msg.o(.text) for api_msg_input
    tcp_ip_task.o(.text) refers to memp.o(.text) for memp_free
    tcp_ip_task.o(.text) refers to tcp_ip_task.o(.data) for mbox
    led.o(.text) refers to led.o(.bss) for led1Ctr
[...]
    Ampm_CallTask_Init                       0x0800836d   Thumb Code    20  ampm_gsm_call.o(.text)
    Ampm_VoiceCallCheckList_IsEmpty          0x08008381   Thumb Code    20  ampm_gsm_call.o(.text)
    Ampm_VoiceCallSetAction                  0x08008395   Thumb Code     8  ampm_gsm_call.o(.text)
    Ampm_VoiceCallStartRecvCall              0x0800839d   Thumb Code    38  ampm_gsm_call.o(.text)
    Ampm_VoiceCallAdd                        0x080083c3   Thumb Code    16  ampm_gsm_call.o(.text)
    Ampm_VoiceCallCancel                     0x080083d3   Thumb Code    26  ampm_gsm_call.o(.text)
    Ampm_VoiceCallSetup                      0x080083ed   Thumb Code    66  ampm_gsm_call.o(.text)
    Ampm_CallTaskPeriodic_1Sec               0x0800842f   Thumb Code    94  ampm_gsm_call.o(.text)
    Ampm_CallTask                            0x0800848d   Thumb Code   268  ampm_gsm_call.o(.text)
    Ampm_GsmVoiceCallCheckCeerEndCallback    0x08008599   Thumb Code   118  ampm_gsm_call.o(.text)
    Ampm_GsmVoiceCallCheckStateEndCallback   0x0800860f   Thumb Code   686  ampm_gsm_call.o(.text)
    Ampm_GsmCallEndCallback                  0x080088bd   Thumb Code    38  ampm_gsm_call.o(.text)
    Ampm_GsmATM1EndCallback                  0x080088e3   Thumb Code    26  ampm_gsm_call.o(.text)
    Ampm_GsmCallDialEndCallback              0x080088fd   Thumb Code   102  ampm_gsm_call.o(.text)
    Ampm_GsmCHLD_1X_Callback                 0x08008963   Thumb Code    48  ampm_gsm_call.o(.text)
    Ampm_GsmCallDialStartCallback            0x08008993   Thumb Code    42  ampm_gsm_call.o(.text)
    Ampm_CallListSetEmpty                    0x080089bd   Thumb Code    12  ampm_gsm_call.o(.text)
    Ampm_GetCeer                             0x080089c9   Thumb Code   132  ampm_gsm_call.o(.text)
    Ampm_GetListOfCurrentCall                0x08008a4d   Thumb Code    70  ampm_gsm_call.o(.text)
    Ampm_ComparePhoneNumber_1                0x08008a93   Thumb Code   166  ampm_gsm_call.o(.text)
    Ampm_ComparePhoneNumber                  0x08008b39   Thumb Code   272  ampm_gsm_call.o(.text)
    Ampm_GsmGetCSQ                           0x08008c49   Thumb Code   206  ampm_gsm_common.o(.text)
    DialupAtCallback0                        0x08008d3d   Thumb Code    20  ampm_gsm_dial_up.o(.text)
    Ampm_GSM_DialUp_Reset                    0x08008d51   Thumb Code     8  ampm_gsm_dial_up.o(.text)
    Ampm_GSM_DialUp_IsOk                     0x08008d59   Thumb Code    16  ampm_gsm_dial_up.o(.text)
    Ampm_GSM_DialUp_IsDone                   0x08008d69   Thumb Code    22  ampm_gsm_dial_up.o(.text)
    Ampm_GSM_DialUp                          0x08008d7f   Thumb Code   182  ampm_gsm_dial_up.o(.text)
    Ampm_GsmGotoCmdMode                      0x08008e65   Thumb Code    14  ampm_gsm_io.o(.text)
    Ampm_GsmGotoDataMode                     0x08008e73   Thumb Code    14  ampm_gsm_io.o(.text)
    Ampm_GsmSetApn                           0x08008e81   Thumb Code     6  ampm_gsm_io.o(.text)
    Ampm_SendAtCheck_IsEmpty                 0x08008e87   Thumb Code    10  ampm_gsm_io.o(.text)
    Ampm_AtCmdCheckResponse                  0x08008e91   Thumb Code    64  ampm_gsm_io.o(.text)
    Ampm_SendCommand                         0x08008ed1   Thumb Code   170  ampm_gsm_io.o(.text)
    Ampm_SetCmdOK                            0x08008f7b   Thumb Code    12  ampm_gsm_io.o(.text)
    Ampm_SendAtCmd                           0x08008f87   Thumb Code    18  ampm_gsm_io.o(.text)
    Ampm_SendAtCmdNow                        0x08008f99   Thumb Code    18  ampm_gsm_io.o(.text)
    Ampm_GsmRecvCallback                     0x08008fab   Thumb Code   110  ampm_gsm_io.o(.text)
    Ampm_GsmSendCallback                     0x08009019   Thumb Code   154  ampm_gsm_io.o(.text)
    Ampm_CmdTask_SendCmd                     0x080090b3   Thumb Code   160  ampm_gsm_io.o(.text)
    Ampm_RingingTimer                        0x08009199   Thumb Code    28  ampm_gsm_ring.o(.text)
    Ampm_Ringing_GetPhase                    0x080091b5   Thumb Code     6  ampm_gsm_ring.o(.text)
    Ampm_RingingDisable                      0x080091bb   Thumb Code    18  ampm_gsm_ring.o(.text)
    Ampm_RingingEnable                       0x080091cd   Thumb Code     8  ampm_gsm_ring.o(.text)
    Ampm_RingingReset                        0x080091d5   Thumb Code    18  ampm_gsm_ring.o(.text)
    Ampm_SetRinging                          0x080091e7   Thumb Code    36  ampm_gsm_ring.o(.text)
    Ampm_SetAtRing                           0x0800920b   Thumb Code    20  ampm_gsm_ring.o(.text)
    Ampm_SetAtClip                           0x0800921f   Thumb Code    20  ampm_gsm_ring.o(.text)
    Ampm_SetAtCmti                           0x08009233   Thumb Code    20  ampm_gsm_ring.o(.text)
    Ampm_RingingProcess                      0x08009247   Thumb Code   196  ampm_gsm_ring.o(.text)
    Ampm_GsmSmsSendCallback_CMGF             0x08009329   Thumb Code    32  ampm_gsm_sms.o(.text)
    Ampm_GsmSmsSendCallback_CSCA             0x08009349   Thumb Code    54  ampm_gsm_sms.o(.text)
    Ampm_GsmSmsSent                          0x0800937f   Thumb Code    68  ampm_gsm_sms.o(.text)
    Ampm_GsmCREG                             0x080093c3   Thumb Code    20  ampm_gsm_sms.o(.text)
    Ampm_GsmSmsSendMessageCallback           0x080093d7   Thumb Code    84  ampm_gsm_sms.o(.text)
    Ampm_GsmSmsSendCallback_CMGS             0x0800942b   Thumb Code   300  ampm_gsm_sms.o(.text)
    Ampm_GsmSmsRecvCallback_CMGR             0x08009557   Thumb Code    30  ampm_gsm_sms.o(.text)
    Ampm_GsmSmsRecvCallback_CMGD             0x08009575   Thumb Code    20  ampm_gsm_sms.o(.text)
    Ampm_GsmSmsRecv0                         0x08009589   Thumb Code   102  ampm_gsm_sms.o(.text)
    Ampm_GsmSmsRecv1                         0x080095ef   Thumb Code   102  ampm_gsm_sms.o(.text)
    Ampm_GsmSmsRecv2                         0x08009655   Thumb Code    94  ampm_gsm_sms.o(.text)
    Ampm_StartRecvSms                        0x080096b3   Thumb Code    10  ampm_gsm_sms.o(.text)
    Ampm_RecvSms_IsFinished                  0x080096bd   Thumb Code    26  ampm_gsm_sms.o(.text)
    Ampm_SmsTask_Init                        0x080096d7   Thumb Code    34  ampm_gsm_sms.o(.text)
    Ampm_SmsTaskPeriodic_1Sec                0x080096f9   Thumb Code   276  ampm_gsm_sms.o(.text)
    Ampm_SmsTask                             0x0800980d   Thumb Code   266  ampm_gsm_sms.o(.text)
    Ampm_SmsCheckMessage_IsEmpty             0x08009917   Thumb Code    20  ampm_gsm_sms.o(.text)
    Ampm_SmsAddMsg                           0x0800992b   Thumb Code    16  ampm_gsm_sms.o(.text)
    Ampm_Sms_SendMsg                         0x0800993b   Thumb Code    88  ampm_gsm_sms.o(.text)
    Ampm_SMS_ReadMsg                         0x08009993   Thumb Code   304  ampm_gsm_sms.o(.text)
    Ampm_GetServiceCenterNumber              0x08009ac3   Thumb Code    84  ampm_gsm_sms.o(.text)
    Ampm_SMS_URC_Incomming                   0x08009b17   Thumb Code   122  ampm_gsm_sms.o(.text)
    Ampm_SMS_Process                         0x08009b91   Thumb Code   208  ampm_gsm_sms.o(.text)
    Ampm_SendSmsPolling                      0x08009c61   Thumb Code   118  ampm_gsm_sms.o(.text)
    AMPM_GSM_Startup_Init                    0x08009ced   Thumb Code    24  ampm_gsm_startup.o(.text)
    Ampm_GSM_GetSimCID                       0x08009d05   Thumb Code    38  ampm_gsm_startup.o(.text)
    Ampm_GSM_GetIMEI                         0x08009d2b   Thumb Code    42  ampm_gsm_startup.o(.text)
    AMPM_GSM_Startup                         0x08009d55   Thumb Code   850  ampm_gsm_startup.o(.text)
    Ampm_URC_CLIP_Process                    0x0800a13d   Thumb Code    76  at_command_parser.o(.text)
    Ampm_URC_RING_Process                    0x0800a189   Thumb Code    14  at_command_parser.o(.text)
    AT_CmdProcessInit                        0x0800a197   Thumb Code    18  at_command_parser.o(.text)
    AT_ComnandParser                         0x0800a1a9   Thumb Code    46  at_command_parser.o(.text)
    TPM3_DeInit                              0x0800a1f9   Thumb Code    30  dtmf_app.o(.text)
    TIM3_IRQHandler                          0x0800a217   Thumb Code    58  dtmf_app.o(.text)
    TPM3_Init                                0x0800a251   Thumb Code   130  dtmf_app.o(.text)
    DTMF_DeInit                              0x0800a2d3   Thumb Code    14  dtmf_app.o(.text)
    DTMF_Init                                0x0800a2e1   Thumb Code    28  dtmf_app.o(.text)
    DTMF_Task                                0x0800a2fd   Thumb Code    66  dtmf_app.o(.text)
    pdu_encode                               0x0800a589   Thumb Code   232  pdu.o(.text)
    pdu16_encode                             0x0800a671   Thumb Code   216  pdu.o(.text)
    pdu_decode                               0x0800a749   Thumb Code   308  pdu.o(.text)
    GPIO_DeInit                              0x0800a87d   Thumb Code   172  stm32f10x_gpio.o(.text)
    GPIO_AFIODeInit                          0x0800a929   Thumb Code    20  stm32f10x_gpio.o(.text)
    GPIO_Init                                0x0800a93d   Thumb Code   274  stm32f10x_gpio.o(.text)
    GPIO_StructInit                          0x0800aa4f   Thumb Code    16  stm32f10x_gpio.o(.text)
    GPIO_ReadInputDataBit                    0x0800aa5f   Thumb Code    18  stm32f10x_gpio.o(.text)
    GPIO_ReadInputData                       0x0800aa71   Thumb Code     8  stm32f10x_gpio.o(.text)
    GPIO_ReadOutputDataBit                   0x0800aa79   Thumb Code    18  stm32f10x_gpio.o(.text)
    GPIO_ReadOutputData                      0x0800aa8b   Thumb Code     8  stm32f10x_gpio.o(.text)
    GPIO_SetBits                             0x0800aa93   Thumb Code     4  stm32f10x_gpio.o(.text)
    GPIO_ResetBits                           0x0800aa97   Thumb Code     4  stm32f10x_gpio.o(.text)
    GPIO_WriteBit                            0x0800aa9b   Thumb Code    10  stm32f10x_gpio.o(.text)
    GPIO_Write                               0x0800aaa5   Thumb Code     4  stm32f10x_gpio.o(.text)
    GPIO_PinLockConfig                       0x0800aaa9   Thumb Code    18  stm32f10x_gpio.o(.text)
    GPIO_EventOutputConfig                   0x0800aabb   Thumb Code    26  stm32f10x_gpio.o(.text)
    GPIO_EventOutputCmd                      0x0800aad5   Thumb Code     6  stm32f10x_gpio.o(.text)
    GPIO_PinRemapConfig                      0x0800aadb   Thumb Code   138  stm32f10x_gpio.o(.text)
    GPIO_EXTILineConfig                      0x0800ab65   Thumb Code    66  stm32f10x_gpio.o(.text)
    GPIO_ETH_MediaInterfaceConfig            0x0800aba7   Thumb Code     6  stm32f10x_gpio.o(.text)
    RCC_DeInit                               0x0800abd5   Thumb Code    64  stm32f10x_rcc.o(.text)
    RCC_HSEConfig                            0x0800ac15   Thumb Code    70  stm32f10x_rcc.o(.text)
    RCC_GetFlagStatus                        0x0800ac5b   Thumb Code    56  stm32f10x_rcc.o(.text)
    RCC_WaitForHSEStartUp                    0x0800ac93   Thumb Code    56  stm32f10x_rcc.o(.text)
    RCC_AdjustHSICalibrationValue            0x0800accb   Thumb Code    20  stm32f10x_rcc.o(.text)
    RCC_HSICmd                               0x0800acdf   Thumb Code     6  stm32f10x_rcc.o(.text)
    RCC_PLLConfig                            0x0800ace5   Thumb Code    24  stm32f10x_rcc.o(.text)
    RCC_PLLCmd                               0x0800acfd   Thumb Code     6  stm32f10x_rcc.o(.text)
    RCC_SYSCLKConfig                         0x0800ad03   Thumb Code    18  stm32f10x_rcc.o(.text)
    RCC_GetSYSCLKSource                      0x0800ad15   Thumb Code    10  stm32f10x_rcc.o(.text)
    RCC_HCLKConfig                           0x0800ad1f   Thumb Code    18  stm32f10x_rcc.o(.text)
    RCC_PCLK1Config                          0x0800ad31   Thumb Code    18  stm32f10x_rcc.o(.text)
    RCC_PCLK2Config                          0x0800ad43   Thumb Code    20  stm32f10x_rcc.o(.text)
    RCC_ITConfig                             0x0800ad57   Thumb Code    26  stm32f10x_rcc.o(.text)
    RCC_USBCLKConfig                         0x0800ad71   Thumb Code     6  stm32f10x_rcc.o(.text)
    RCC_ADCCLKConfig                         0x0800ad77   Thumb Code    18  stm32f10x_rcc.o(.text)
    RCC_LSEConfig                            0x0800ad89   Thumb Code    44  stm32f10x_rcc.o(.text)
    RCC_LSICmd                               0x0800adb5   Thumb Code     6  stm32f10x_rcc.o(.text)
    RCC_RTCCLKConfig                         0x0800adbb   Thumb Code    12  stm32f10x_rcc.o(.text)
    RCC_RTCCLKCmd                            0x0800adc7   Thumb Code     8  stm32f10x_rcc.o(.text)
    RCC_GetClocksFreq                        0x0800adcf   Thumb Code   192  stm32f10x_rcc.o(.text)
    RCC_AHBPeriphClockCmd                    0x0800ae8f   Thumb Code    26  stm32f10x_rcc.o(.text)
    RCC_APB2PeriphClockCmd                   0x0800aea9   Thumb Code    26  stm32f10x_rcc.o(.text)
    RCC_APB1PeriphClockCmd                   0x0800aec3   Thumb Code    26  stm32f10x_rcc.o(.text)
    RCC_APB2PeriphResetCmd                   0x0800aedd   Thumb Code    26  stm32f10x_rcc.o(.text)
    RCC_APB1PeriphResetCmd                   0x0800aef7   Thumb Code    26  stm32f10x_rcc.o(.text)
    RCC_BackupResetCmd                       0x0800af11   Thumb Code     8  stm32f10x_rcc.o(.text)
    RCC_ClockSecuritySystemCmd               0x0800af19   Thumb Code     6  stm32f10x_rcc.o(.text)
    RCC_MCOConfig                            0x0800af1f   Thumb Code     6  stm32f10x_rcc.o(.text)
    RCC_ClearFlag                            0x0800af25   Thumb Code    14  stm32f10x_rcc.o(.text)
    RCC_GetITStatus                          0x0800af33   Thumb Code    20  stm32f10x_rcc.o(.text)
    RCC_ClearITPendingBit                    0x0800af47   Thumb Code     6  stm32f10x_rcc.o(.text)
    USART1_Init                              0x0800af79   Thumb Code   374  uart1.o(.text)
    USART1_DeInit                            0x0800b0ef   Thumb Code    26  uart1.o(.text)
    USART1_PutChar                           0x0800b109   Thumb Code   104  uart1.o(.text)
    USART1_PutString                         0x0800b171   Thumb Code    22  uart1.o(.text)
    USART1_GetChar                           0x0800b187   Thumb Code    24  uart1.o(.text)
    USART1_IRQHandler                        0x0800b19f   Thumb Code   222  uart1.o(.text)
    RTC_IRQHandler                           0x0800b2a5   Thumb Code    34  rtc.o(.text)
    RTC_ExitConfigMode                       0x0800b2c7   Thumb Code    16  rtc.o(.text)
    RTC_EnterConfigMode                      0x0800b2d7   Thumb Code    14  rtc.o(.text)
    RTC_SetAlarm                             0x0800b2e5   Thumb Code    26  rtc.o(.text)
    RTC_GetCounter                           0x0800b2ff   Thumb Code    18  rtc.o(.text)
    RTC_SetCounter                           0x0800b311   Thumb Code    40  rtc.o(.text)
    RTCAlarm_IRQHandler                      0x0800b339   Thumb Code   138  rtc.o(.text)
    RTC_SanityCheck                          0x0800b3c3   Thumb Code    52  rtc.o(.text)
    RTC_Init                                 0x0800b3f7   Thumb Code   192  rtc.o(.text)
    RTC_SetCounterX                          0x0800b4b7   Thumb Code    26  rtc.o(.text)
    ADC_DeInit                               0x0800b505   Thumb Code    78  stm32f10x_adc.o(.text)
    ADC_Init                                 0x0800b553   Thumb Code    70  stm32f10x_adc.o(.text)
    ADC_StructInit                           0x0800b599   Thumb Code    18  stm32f10x_adc.o(.text)
    ADC_Cmd                                  0x0800b5ab   Thumb Code    22  stm32f10x_adc.o(.text)
    ADC_DMACmd                               0x0800b5c1   Thumb Code    22  stm32f10x_adc.o(.text)
    ADC_ITConfig                             0x0800b5d7   Thumb Code    24  stm32f10x_adc.o(.text)
    ADC_ResetCalibration                     0x0800b5ef   Thumb Code    10  stm32f10x_adc.o(.text)
    ADC_GetResetCalibrationStatus            0x0800b5f9   Thumb Code    20  stm32f10x_adc.o(.text)
    ADC_StartCalibration                     0x0800b60d   Thumb Code    10  stm32f10x_adc.o(.text)
    ADC_GetCalibrationStatus                 0x0800b617   Thumb Code    20  stm32f10x_adc.o(.text)
    ADC_SoftwareStartConvCmd                 0x0800b62b   Thumb Code    22  stm32f10x_adc.o(.text)
    ADC_GetSoftwareStartConvStatus           0x0800b641   Thumb Code    20  stm32f10x_adc.o(.text)
    ADC_DiscModeChannelCountConfig           0x0800b655   Thumb Code    24  stm32f10x_adc.o(.text)
    ADC_DiscModeCmd                          0x0800b66d   Thumb Code    22  stm32f10x_adc.o(.text)
    ADC_RegularChannelConfig                 0x0800b683   Thumb Code   184  stm32f10x_adc.o(.text)
    ADC_ExternalTrigConvCmd                  0x0800b73b   Thumb Code    22  stm32f10x_adc.o(.text)
    ADC_GetConversionValue                   0x0800b751   Thumb Code     8  stm32f10x_adc.o(.text)
    ADC_GetDualModeConversionValue           0x0800b759   Thumb Code     8  stm32f10x_adc.o(.text)
    ADC_AutoInjectedConvCmd                  0x0800b761   Thumb Code    22  stm32f10x_adc.o(.text)
    ADC_InjectedDiscModeCmd                  0x0800b777   Thumb Code    22  stm32f10x_adc.o(.text)
    ADC_ExternalTrigInjectedConvConfig       0x0800b78d   Thumb Code    16  stm32f10x_adc.o(.text)
    ADC_ExternalTrigInjectedConvCmd          0x0800b79d   Thumb Code    22  stm32f10x_adc.o(.text)
    ADC_SoftwareStartInjectedConvCmd         0x0800b7b3   Thumb Code    22  stm32f10x_adc.o(.text)
    ADC_GetSoftwareStartInjectedConvCmdStatus 0x0800b7c9   Thumb Code    20  stm32f10x_adc.o(.text)
    ADC_InjectedChannelConfig                0x0800b7dd   Thumb Code   130  stm32f10x_adc.o(.text)
    ADC_InjectedSequencerLengthConfig        0x0800b85f   Thumb Code    24  stm32f10x_adc.o(.text)
    ADC_SetInjectedOffset                    0x0800b877   Thumb Code    20  stm32f10x_adc.o(.text)
    ADC_GetInjectedConversionValue           0x0800b88b   Thumb Code    28  stm32f10x_adc.o(.text)
    ADC_AnalogWatchdogCmd                    0x0800b8a7   Thumb Code    16  stm32f10x_adc.o(.text)
    ADC_AnalogWatchdogThresholdsConfig       0x0800b8b7   Thumb Code     6  stm32f10x_adc.o(.text)
    ADC_AnalogWatchdogSingleChannelConfig    0x0800b8bd   Thumb Code    16  stm32f10x_adc.o(.text)
    ADC_TempSensorVrefintCmd                 0x0800b8cd   Thumb Code    64  stm32f10x_adc.o(.text)
    ADC_GetFlagStatus                        0x0800b90d   Thumb Code    18  stm32f10x_adc.o(.text)
    ADC_ClearFlag                            0x0800b91f   Thumb Code     6  stm32f10x_adc.o(.text)
    ADC_GetITStatus                          0x0800b925   Thumb Code    36  stm32f10x_adc.o(.text)
    ADC_ClearITPendingBit                    0x0800b949   Thumb Code    10  stm32f10x_adc.o(.text)
    DMA_DeInit                               0x0800b955   Thumb Code   324  stm32f10x_dma.o(.text)
    DMA_Init                                 0x0800ba99   Thumb Code    60  stm32f10x_dma.o(.text)
    DMA_StructInit                           0x0800bad5   Thumb Code    26  stm32f10x_dma.o(.text)
    DMA_Cmd                                  0x0800baef   Thumb Code    24  stm32f10x_dma.o(.text)
    DMA_ITConfig                             0x0800bb07   Thumb Code    18  stm32f10x_dma.o(.text)
    DMA_SetCurrDataCounter                   0x0800bb19   Thumb Code     4  stm32f10x_dma.o(.text)
    DMA_GetCurrDataCounter                   0x0800bb1d   Thumb Code     8  stm32f10x_dma.o(.text)
    DMA_GetFlagStatus                        0x0800bb25   Thumb Code    38  stm32f10x_dma.o(.text)
    DMA_ClearFlag                            0x0800bb4b   Thumb Code    22  stm32f10x_dma.o(.text)
    DMA_GetITStatus                          0x0800bb61   Thumb Code    38  stm32f10x_dma.o(.text)
    DMA_ClearITPendingBit                    0x0800bb87   Thumb Code    22  stm32f10x_dma.o(.text)
    USART3_Init                              0x0800bba5   Thumb Code   338  uart3.o(.text)
    USART3_DeInit                            0x0800bcf7   Thumb Code    26  uart3.o(.text)
    USART3_PutChar                           0x0800bd11   Thumb Code    74  uart3.o(.text)
    USART3_PutString                         0x0800bd5b   Thumb Code    22  uart3.o(.text)
    USART3_GetChar                           0x0800bd71   Thumb Code    24  uart3.o(.text)
    USART3_IRQHandler                        0x0800bd89   Thumb Code   284  uart3.o(.text)
    SystemInit                               0x0800bfb1   Thumb Code    78  system_stm32f10x.o(.text)
    SystemCoreClockUpdate                    0x0800bfff   Thumb Code   142  system_stm32f10x.o(.text)
    Reset_Handler                            0x0800c0b1   Thumb Code     4  startup_stm32f10x_md.o(.text)
    NMI_Handler                              0x0800c0b5   Thumb Code     2  startup_stm32f10x_md.o(.text)
    MemManage_Handler                        0x0800c0b9   Thumb Code     2  startup_stm32f10x_md.o(.text)
    BusFault_Handler                         0x0800c0bb   Thumb Code     2  startup_stm32f10x_md.o(.text)
    UsageFault_Handler                       0x0800c0bd   Thumb Code     2  startup_stm32f10x_md.o(.text)
    SVC_Handler                              0x0800c0bf   Thumb Code     2  startup_stm32f10x_md.o(.text)
    DebugMon_Handler                         0x0800c0c1   Thumb Code     2  startup_stm32f10x_md.o(.text)
    PendSV_Handler                           0x0800c0c3   Thumb Code     2  startup_stm32f10x_md.o(.text)
    ADC1_2_IRQHandler                        0x0800c0c7   Thumb Code     0  startup_stm32f10x_md.o(.text)
    CAN1_RX1_IRQHandler                      0x0800c0c7   Thumb Code     0  startup_stm32f10x_md.o(.text)
    CAN1_SCE_IRQHandler                      0x0800c0c7   Thumb Code     0  startup_stm32f10x_md.o(.text)
    DMA1_Channel1_IRQHandler                 0x0800c0c7   Thumb Code     0  startup_stm32f10x_md.o(.text)
    DMA1_Channel2_IRQHandler                 0x0800c0c7   Thumb Code     0  startup_stm32f10x_md.o(.text)
    DMA1_Channel3_IRQHandler                 0x0800c0c7   Thumb Code     0  startup_stm32f10x_md.o(.text)
    DMA1_Channel4_IRQHandler                 0x0800c0c7   Thumb Code     0  startup_stm32f10x_md.o(.text)
    DMA1_Channel5_IRQHandler                 0x0800c0c7   Thumb Code     0  startup_stm32f10x_md.o(.text)
    DMA1_Channel6_IRQHandler                 0x0800c0c7   Thumb Code     0  startup_stm32f10x_md.o(.text)
    DMA1_Channel7_IRQHandler                 0x0800c0c7   Thumb Code     0  startup_stm32f10x_md.o(.text)
    EXTI0_IRQHandler                         0x0800c0c7   Thumb Code     0  startup_stm32f10x_md.o(.text)
    EXTI15_10_IRQHandler                     0x0800c0c7   Thumb Code     0  startup_stm32f10x_md.o(.text)
    EXTI1_IRQHandler                         0x0800c0c7   Thumb Code     0  startup_stm32f10x_md.o(.text)
    EXTI2_IRQHandler                         0x0800c0c7   Thumb Code     0  startup_stm32f10x_md.o(.text)
    EXTI3_IRQHandler                         0x0800c0c7   Thumb Code     0  startup_stm32f10x_md.o(.text)
    EXTI4_IRQHandler                         0x0800c0c7   Thumb Code     0  startup_stm32f10x_md.o(.text)
    FLASH_IRQHandler                         0x0800c0c7   Thumb Code     0  startup_stm32f10x_md.o(.text)
    I2C1_ER_IRQHandler                       0x0800c0c7   Thumb Code     0  startup_stm32f10x_md.o(.text)
    I2C1_EV_IRQHandler                       0x0800c0c7   Thumb Code     0  startup_stm32f10x_md.o(.text)
    I2C2_ER_IRQHandler                       0x0800c0c7   Thumb Code     0  startup_stm32f10x_md.o(.text)
    I2C2_EV_IRQHandler                       0x0800c0c7   Thumb Code     0  startup_stm32f10x_md.o(.text)
    PVD_IRQHandler                           0x0800c0c7   Thumb Code     0  startup_stm32f10x_md.o(.text)
    RCC_IRQHandler                           0x0800c0c7   Thumb Code     0  startup_stm32f10x_md.o(.text)
    SPI1_IRQHandler                          0x0800c0c7   Thumb Code     0  startup_stm32f10x_md.o(.text)
    SPI2_IRQHandler                          0x0800c0c7   Thumb Code     0  startup_stm32f10x_md.o(.text)
    TAMPER_IRQHandler                        0x0800c0c7   Thumb Code     0  startup_stm32f10x_md.o(.text)
    TIM1_BRK_IRQHandler                      0x0800c0c7   Thumb Code     0  startup_stm32f10x_md.o(.text)
    TIM1_CC_IRQHandler                       0x0800c0c7   Thumb Code     0  startup_stm32f10x_md.o(.text)
    TIM1_TRG_COM_IRQHandler                  0x0800c0c7   Thumb Code     0  startup_stm32f10x_md.o(.text)
    TIM1_UP_IRQHandler                       0x0800c0c7   Thumb Code     0  startup_stm32f10x_md.o(.text)
    TIM4_IRQHandler                          0x0800c0c7   Thumb Code     0  startup_stm32f10x_md.o(.text)
    USART2_IRQHandler                        0x0800c0c7   Thumb Code     0  startup_stm32f10x_md.o(.text)
    USBWakeUp_IRQHandler                     0x0800c0c7   Thumb Code     0  startup_stm32f10x_md.o(.text)
    USB_HP_CAN1_TX_IRQHandler                0x0800c0c7   Thumb Code     0  startup_stm32f10x_md.o(.text)
    USB_LP_CAN1_RX0_IRQHandler               0x0800c0c7   Thumb Code     0  startup_stm32f10x_md.o(.text)
    WWDG_IRQHandler                          0x0800c0c7   Thumb Code     0  startup_stm32f10x_md.o(.text)
    InitFindData                             0x0800c0cd   Thumb Code    24  data_cmp.o(.text)
    FindData                                 0x0800c0e5   Thumb Code    60  data_cmp.o(.text)
    gmtime_r                                 0x0800c121   Thumb Code   366  m_time.o(.text)
    localtime_r                              0x0800c28f   Thumb Code    26  m_time.o(.text)
    mktime                                   0x0800c2a9   Thumb Code  1200  m_time.o(.text)
    RINGBUF_Init                             0x0800c76d   Thumb Code    30  ringbuf.o(.text)
    RINGBUF_Put                              0x0800c78b   Thumb Code    42  ringbuf.o(.text)
    RINGBUF_Get                              0x0800c7b5   Thumb Code    46  ringbuf.o(.text)
    RINGBUF_GetFill                          0x0800c7e3   Thumb Code    30  ringbuf.o(.text)
    Ampm_CmdAddToList                        0x0800c801   Thumb Code    16  sparser.o(.text)
    Ampm_CmdResetList                        0x0800c811   Thumb Code    12  sparser.o(.text)
    Ampm_CmdCheckList_IsEmpty                0x0800c81d   Thumb Code    14  sparser.o(.text)
    Ampm_CmdCheck_IsEmpty                    0x0800c82b   Thumb Code    14  sparser.o(.text)
    Ampm_CmdTask_IsIdle                      0x0800c839   Thumb Code    22  sparser.o(.text)
    Ampm_SendCmd                             0x0800c84f   Thumb Code    52  sparser.o(.text)
    Ampm_SendCmdNow                          0x0800c883   Thumb Code    38  sparser.o(.text)
    Ampm_Cmd_Task                            0x0800c8a9   Thumb Code   332  sparser.o(.text)
    StrParserInit                            0x0800c9f5   Thumb Code    44  sparser.o(.text)
    StrParserCtl                             0x0800ca21   Thumb Code    50  sparser.o(.text)
    StrComnandParser                         0x0800ca53   Thumb Code   232  sparser.o(.text)
    TIME_GetSec                              0x0800cb41   Thumb Code   128  sys_time.o(.text)
    SysTimeSetup                             0x0800cbc1   Thumb Code    42  sys_time.o(.text)
    UpdateRtcTime                            0x0800cbeb   Thumb Code    48  sys_time.o(.text)
    TIME_FromGsm                             0x0800cc1b   Thumb Code   194  sys_time.o(.text)
    TIME_FromSec                             0x0800ccdd   Thumb Code    78  sys_time.o(.text)
    TIME_AddSec                              0x0800cd2b   Thumb Code    40  sys_time.o(.text)
    SysTick_Init                             0x0800cd69   Thumb Code     2  sys_tick.o(.text)
    SysTick_DeInit                           0x0800cd6b   Thumb Code     2  sys_tick.o(.text)
    SysTick_Task                             0x0800cd6d   Thumb Code    58  sys_tick.o(.text)
    SysTick_Get                              0x0800cda7   Thumb Code     6  sys_tick.o(.text)
    SysTick_Get64                            0x0800cdad   Thumb Code     8  sys_tick.o(.text)
    SysTick_DelayMs                          0x0800cdb5   Thumb Code    24  sys_tick.o(.text)
    InitTimeout                              0x0800cdcd   Thumb Code    22  sys_tick.o(.text)
    CheckTimeout                             0x0800cde3   Thumb Code    70  sys_tick.o(.text)
    TimerDelayms                             0x0800ce29   Thumb Code    48  sys_tick.o(.text)
    list_init                                0x0800ce65   Thumb Code     6  ampm_list.o(.text)
    list_head                                0x0800ce6b   Thumb Code     6  ampm_list.o(.text)
    list_copy                                0x0800ce71   Thumb Code     6  ampm_list.o(.text)
    list_tail                                0x0800ce77   Thumb Code    26  ampm_list.o(.text)
    list_remove                              0x0800ce91   Thumb Code    52  ampm_list.o(.text)
    list_add                                 0x0800cec5   Thumb Code    36  ampm_list.o(.text)
    list_push                                0x0800cee9   Thumb Code    22  ampm_list.o(.text)
    list_chop                                0x0800ceff   Thumb Code    48  ampm_list.o(.text)
    list_pop                                 0x0800cf2f   Thumb Code    16  ampm_list.o(.text)
    list_length                              0x0800cf3f   Thumb Code    18  ampm_list.o(.text)
    list_insert                              0x0800cf51   Thumb Code    28  ampm_list.o(.text)
    list_item_next                           0x0800cf6d   Thumb Code    12  ampm_list.o(.text)
    ampm_f_putc                              0x0800cf79   Thumb Code    18  ampm_sprintf.o(.text)
    ampm_f_puts                              0x0800cf8b   Thumb Code    40  ampm_sprintf.o(.text)
    ampm_vsprintf                            0x0800cfb3   Thumb Code   686  ampm_sprintf.o(.text)
    ampm_sprintf                             0x0800d261   Thumb Code    34  ampm_sprintf.o(.text)
    DTMF_Detect                              0x0800d5af   Thumb Code   108  dtmf.o(.text)
    __aeabi_memcpy                           0x0800d635   Thumb Code    36  memcpya.o(.text)
    __aeabi_memcpy4                          0x0800d635   Thumb Code     0  memcpya.o(.text)
    __aeabi_memcpy8                          0x0800d635   Thumb Code     0  memcpya.o(.text)
    __aeabi_memset                           0x0800d659   Thumb Code    14  memseta.o(.text)
    __aeabi_memset4                          0x0800d659   Thumb Code     0  memseta.o(.text)
    __aeabi_memset8                          0x0800d659   Thumb Code     0  memseta.o(.text)
    __aeabi_memclr                           0x0800d667   Thumb Code     4  memseta.o(.text)
    __aeabi_memclr4                          0x0800d667   Thumb Code     0  memseta.o(.text)
    __aeabi_memclr8                          0x0800d667   Thumb Code     0  memseta.o(.text)
    _memset$wrapper                          0x0800d66b   Thumb Code    18  memseta.o(.text)
    strstr                                   0x0800d67d   Thumb Code    36  strstr.o(.text)
    strncpy                                  0x0800d6a1   Thumb Code    24  strncpy.o(.text)
    strlen                                   0x0800d6b9   Thumb Code    14  strlen.o(.text)
    strcmp                                   0x0800d6c7   Thumb Code    28  strcmp.o(.text)
    strcpy                                   0x0800d6e3   Thumb Code    18  strcpy.o(.text)
    __0sscanf                                0x0800d6f5   Thumb Code    48  __0sscanf.o(.text)
    _scanf_int                               0x0800d72d   Thumb Code   336  _scanf_int.o(.text)
    _scanf_string                            0x0800d87d   Thumb Code   218  _scanf_str.o(.text)
    _scanf_real                              0x0800da59   Thumb Code     0  scanf_fp.o(.text)
    _scanf_really_real                       0x0800da59   Thumb Code   560  scanf_fp.o(.text)
    __aeabi_ui2f                             0x0800dc95   Thumb Code    10  ffltui.o(.text)
    __aeabi_f2uiz                            0x0800dc9f   Thumb Code    40  ffixui.o(.text)
    __aeabi_cfcmpeq                          0x0800dcc9   Thumb Code     0  cfcmple.o(.text)
    __aeabi_cfcmple                          0x0800dcc9   Thumb Code    20  cfcmple.o(.text)
    __aeabi_uidiv                            0x0800dcdd   Thumb Code     0  uidiv.o(.text)
    __aeabi_uidivmod                         0x0800dcdd   Thumb Code    44  uidiv.o(.text)
    __aeabi_uldivmod                         0x0800dd09   Thumb Code    98  uldiv.o(.text)
    _chval                                   0x0800dd6b   Thumb Code    28  _chval.o(.text)
    __vfscanf_char                           0x0800dd95   Thumb Code    20  scanf_char.o(.text)
    _sgetc                                   0x0800ddb1   Thumb Code    30  _sgetc.o(.text)
    _sbackspace                              0x0800ddcf   Thumb Code    34  _sgetc.o(.text)
    __I$use$fp                               0x0800ddf1   Thumb Code     0  iusefp.o(.text)
    _float_round                             0x0800ddf1   Thumb Code    18  fepilogue.o(.text)
    _float_epilogue                          0x0800de03   Thumb Code    90  fepilogue.o(.text)
    __aeabi_dadd                             0x0800de5d   Thumb Code   322  dadd.o(.text)
    __aeabi_dsub                             0x0800df9f   Thumb Code     6  dadd.o(.text)
    __aeabi_drsub                            0x0800dfa5   Thumb Code     6  dadd.o(.text)
    __aeabi_dmul                             0x0800dfab   Thumb Code   228  dmul.o(.text)
    __aeabi_ddiv                             0x0800e08f   Thumb Code   222  ddiv.o(.text)
    __aeabi_ul2d                             0x0800e16d   Thumb Code    24  dfltul.o(.text)
    __aeabi_d2ulz                            0x0800e185   Thumb Code    48  dfixul.o(.text)
    __aeabi_cdrcmple                         0x0800e1b5   Thumb Code    38  cdrcmple.o(.text)
    __aeabi_d2f                              0x0800e1dd   Thumb Code    56  d2f.o(.text)
    __scatterload                            0x0800e215   Thumb Code    28  init.o(.text)
    __scatterload_rt2                        0x0800e215   Thumb Code     0  init.o(.text)
    __aeabi_llsl                             0x0800e239   Thumb Code    30  llshl.o(.text)
    _ll_shift_l                              0x0800e239   Thumb Code     0  llshl.o(.text)
    __aeabi_llsr                             0x0800e257   Thumb Code    32  llushr.o(.text)
    _ll_ushift_r                             0x0800e257   Thumb Code     0  llushr.o(.text)
    __aeabi_lasr                             0x0800e277   Thumb Code    36  llsshr.o(.text)
    _ll_sshift_r                             0x0800e277   Thumb Code     0  llsshr.o(.text)
    isspace                                  0x0800e29b   Thumb Code    10  isspace_c.o(.text)
    __vfscanf                                0x0800e2a5   Thumb Code   806  _scanf.o(.text)
    _double_round                            0x0800e5d1   Thumb Code    26  depilogue.o(.text)
    _double_epilogue                         0x0800e5eb   Thumb Code   164  depilogue.o(.text)
    __ctype_lookup                           0x0800e691   Thumb Code    34  ctype_c.o(.text)
    __decompress                             0x0800e6b9   Thumb Code     0  __dczerorl2.o(.text)
    __decompress1                            0x0800e6b9   Thumb Code    92  __dczerorl2.o(.text)
    __0sprintf$2                             0x0800e715   Thumb Code    34  printf2.o(i.__0sprintf$2)
    __1sprintf$2                             0x0800e715   Thumb Code     0  printf2.o(i.__0sprintf$2)
    __2sprintf                               0x0800e715   Thumb Code     0  printf2.o(i.__0sprintf$2)
    __0vsprintf                              0x0800e73d   Thumb Code    30  printfa.o(i.__0vsprintf)
    __1vsprintf                              0x0800e73d   Thumb Code     0  printfa.o(i.__0vsprintf)
    __2vsprintf                              0x0800e73d   Thumb Code     0  printfa.o(i.__0vsprintf)
    __c89vsprintf                            0x0800e73d   Thumb Code     0  printfa.o(i.__0vsprintf)
    vsprintf                                 0x0800e73d   Thumb Code     0  printfa.o(i.__0vsprintf)
    __scatterload_copy                       0x0800e761   Thumb Code    14  handlers.o(i.__scatterload_copy)
    __scatterload_null                       0x0800e76f   Thumb Code     2  handlers.o(i.__scatterload_null)
    __scatterload_zeroinit                   0x0800e771   Thumb Code    14  handlers.o(i.__scatterload_zeroinit)
    _is_digit                                0x0800e8dd   Thumb Code    14  scanf_fp.o(i._is_digit)
    ampm_AtGsmCmdStartBGS2_W                 0x0800f118   Data         522  ampm_gsm_main_task.o(.constdata)
    ampm_AtGsmCmdStartBGS2_E                 0x0800f322   Data         459  ampm_gsm_main_task.o(.constdata)
    ampm_AtGsmCmdStartBG2_E                  0x0800f4ed   Data         443  ampm_gsm_main_task.o(.constdata)
    ampm_AtGsmCmdStartM95                    0x0800f6a8   Data         373  ampm_gsm_main_task.o(.constdata)
    ampm_AtGsmCmdStartUbloxG100              0x0800f81d   Data         376  ampm_gsm_main_task.o(.constdata)
    ampmAtCmd_AT_CFUN_1                      0x0800f998   Data          24  ampm_gsm_main_task.o(.constdata)
    ampmAtCmd_AT_CFUN_9                      0x0800f9b0   Data          24  ampm_gsm_main_task.o(.constdata)
    ampmMainCmdProcess_CHLD                  0x0800f9c8   Data          28  ampm_gsm_main_task.o(.constdata)
    ampmMainCmdProcess_End                   0x0800f9e4   Data          28  ampm_gsm_main_task.o(.constdata)
    ampmMainCmdProcess_AT_CFUN_1             0x0800fa00   Data          28  ampm_gsm_main_task.o(.constdata)
    ampmMainCmdProcess_AT_CFUN_9             0x0800fa1c   Data          28  ampm_gsm_main_task.o(.constdata)
    ampmMainCmdProcess_ATH                   0x0800fa38   Data          28  ampm_gsm_main_task.o(.constdata)
    ampmMainCmdProcess_AT                    0x0800fa54   Data          28  ampm_gsm_main_task.o(.constdata)
    uip_broadcast_addr                       0x0800fa8c   Data           4  uip.o(.constdata)
    uip_all_zeroes_addr                      0x0800fa90   Data           4  uip.o(.constdata)
    fcstab                                   0x0800fa94   Data         512  fcs.o(.constdata)
    ampmAtCmd_ATA                            0x0800fc94   Data          24  ampm_gsm_call.o(.constdata)
    ampmAtCmd_AT_CLVL                        0x0800fcac   Data          24  ampm_gsm_call.o(.constdata)
    ampmAtCmd_ATM                            0x0800fcc4   Data          24  ampm_gsm_call.o(.constdata)
    ampmAtCmd_ATL                            0x0800fcdc   Data          24  ampm_gsm_call.o(.constdata)
    callDial                                 0x0800fcf4   Data          24  ampm_gsm_call.o(.constdata)
    ampmAtCmd_AT_CLCC                        0x0800fd0c   Data          24  ampm_gsm_call.o(.constdata)
    ampmAtCmd_AT_CEER                        0x0800fd24   Data          24  ampm_gsm_call.o(.constdata)
    ampmAtCmd_AT_CHLD_1X                     0x0800fd3c   Data          24  ampm_gsm_call.o(.constdata)
    voiceCallSendCmdProcess_end              0x0800fd54   Data          28  ampm_gsm_call.o(.constdata)
    voiceCallSendCmdProcess_AT_CHLD_1X       0x0800fd70   Data          28  ampm_gsm_call.o(.constdata)
    voiceCallSendCmdProcess_AT_CHLD          0x0800fd8c   Data          28  ampm_gsm_call.o(.constdata)
    voiceCallSendCmdProcess_ATH              0x0800fda8   Data          28  ampm_gsm_call.o(.constdata)
    voiceCallSendCmdProcess_AT_CEER          0x0800fdc4   Data          28  ampm_gsm_call.o(.constdata)
    voiceCallSendCmdProcess_AT_CLCC          0x0800fde0   Data          28  ampm_gsm_call.o(.constdata)
    voiceCallSendCmdProcess_ATD              0x0800fdfc   Data          28  ampm_gsm_call.o(.constdata)
    voiceCallSendCmdProcess_ATM              0x0800fe18   Data          28  ampm_gsm_call.o(.constdata)
    voiceCallSendCmdProcess_CLVL             0x0800fe34   Data          28  ampm_gsm_call.o(.constdata)
    voiceCallSendCmdProcess_ATL              0x0800fe50   Data          28  ampm_gsm_call.o(.constdata)
    voiceCallSendCmdProcess_Start            0x0800fe6c   Data          28  ampm_gsm_call.o(.constdata)
    voiceCallSendCmdProcess_ATA              0x0800fe88   Data          28  ampm_gsm_call.o(.constdata)
    ampmAtCmd_AT                             0x0800fea4   Data          24  ampm_gsm_common.o(.constdata)
    ampmAtCmd_AT_CHLD                        0x0800febc   Data          24  ampm_gsm_common.o(.constdata)
    ampmAtCmd_ATH                            0x0800fed4   Data          24  ampm_gsm_common.o(.constdata)
    ampmAtCmd_AT_CSQ                         0x0800feec   Data          24  ampm_gsm_common.o(.constdata)
    ampmAtCmd_AT_CLIP                        0x0800ff04   Data          24  ampm_gsm_common.o(.constdata)
    ampmAtCmd_AT_CMGF_1                      0x0800ff1c   Data          24  ampm_gsm_common.o(.constdata)
    ampmAtCmd_AT_CMGF_0                      0x0800ff34   Data          24  ampm_gsm_common.o(.constdata)
    ampmAtCmd_AT_CMGL                        0x0800ff4c   Data          24  ampm_gsm_common.o(.constdata)
    ampmAtCmd_AT_CGACT                       0x0800ff64   Data          24  ampm_gsm_common.o(.constdata)
    ampmAtCmd_AT_DIALUP                      0x0800ff7c   Data          24  ampm_gsm_common.o(.constdata)
    ampmAtCmd_AT_CREG                        0x0800ff94   Data          24  ampm_gsm_common.o(.constdata)
    ampmCmdProcess_AT                        0x0800ffac   Data          28  ampm_gsm_common.o(.constdata)
    ampmCmdProcess_ATH                       0x0800ffc8   Data          28  ampm_gsm_common.o(.constdata)
    ampmAtCmd_AT_CGDCONT                     0x0800ffe4   Data          24  ampm_gsm_dial_up.o(.constdata)
    dialupCmdProcess_4                       0x0800fffc   Data          28  ampm_gsm_dial_up.o(.constdata)
    dialupCmdProcess_3                       0x08010018   Data          28  ampm_gsm_dial_up.o(.constdata)
    dialupCmdProcess_2                       0x08010034   Data          28  ampm_gsm_dial_up.o(.constdata)
    dialupCmdProcess_1                       0x08010050   Data          28  ampm_gsm_dial_up.o(.constdata)
    dialupCmdProcess_0                       0x0801006c   Data          28  ampm_gsm_dial_up.o(.constdata)
    smsRecvCmd_AT_CMGR                       0x08010088   Data          24  ampm_gsm_sms.o(.constdata)
    smsRecvCmd_AT_CMGD                       0x080100a0   Data          24  ampm_gsm_sms.o(.constdata)
    smsRecvCmdProcess_end                    0x080100b8   Data          28  ampm_gsm_sms.o(.constdata)
    smsRecvCmdProcess_5                      0x080100d4   Data          28  ampm_gsm_sms.o(.constdata)
    smsRecvCmdProcess_4                      0x080100f0   Data          28  ampm_gsm_sms.o(.constdata)
    smsRecvCmdProcess_3                      0x0801010c   Data          28  ampm_gsm_sms.o(.constdata)
    smsRecvCmdProcess_2                      0x08010128   Data          28  ampm_gsm_sms.o(.constdata)
    smsRecvCmdProcess_1                      0x08010144   Data          28  ampm_gsm_sms.o(.constdata)
    smsRecvCmdProcess_0                      0x08010160   Data          28  ampm_gsm_sms.o(.constdata)
    smsSendCmd_AT_CSCA                       0x0801017c   Data          24  ampm_gsm_sms.o(.constdata)
    smsSendCmd_AT_CMGS                       0x08010194   Data          24  ampm_gsm_sms.o(.constdata)
    smsSendMessage                           0x080101ac   Data          24  ampm_gsm_sms.o(.constdata)
    smsSendCmdProcess_end                    0x080101c4   Data          28  ampm_gsm_sms.o(.constdata)
    smsSendCmdProcess_6                      0x080101e0   Data          28  ampm_gsm_sms.o(.constdata)
    smsSendCmdProcess_5                      0x080101fc   Data          28  ampm_gsm_sms.o(.constdata)
    smsSendCmdProcess_4                      0x08010218   Data          28  ampm_gsm_sms.o(.constdata)
    smsSendCmdProcess_3                      0x08010234   Data          28  ampm_gsm_sms.o(.constdata)
    smsSendCmdProcess_2                      0x08010250   Data          28  ampm_gsm_sms.o(.constdata)
    smsSendCmdProcess_1                      0x0801026c   Data          28  ampm_gsm_sms.o(.constdata)
    smsSendCmdProcess_0                      0x08010288   Data          28  ampm_gsm_sms.o(.constdata)
    terminateStr                             0x080102e4   Data           7  at_command_parser.o(.constdata)
    _ytab                                    0x080102ec   Data          96  m_time.o(.constdata)
    __ctype_categories                       0x0801034c   Data          64  ctype_c.o(.constdata)
    Region$$Table$$Base                      0x08010b94   Number         0  anon$$obj.o(Region$$Table)
    Region$$Table$$Limit                     0x08010bb4   Number         0  anon$$obj.o(Region$$Table)
    ampm_GSM_mode                            0x20000000   Data           1  ampm_gsm_main_task.o(.data)
    smsCheckTime                             0x20000004   Data           4  ampm_gsm_main_task.o(.data)
    ampmGsmModuleType                        0x20000008   Data           1  ampm_gsm_main_task.o(.data)
    ampmGSM_TaskPhase                        0x20000009   Data           1  ampm_gsm_main_task.o(.data)
    gsmMainTaskTryCnt                        0x2000000a   Data           1  ampm_gsm_main_task.o(.data)
    Ampm_TcpIpCallback                       0x2000000c   Data           4  ampm_gsm_main_task.o(.data)
    Ampm_TcpIpInit                           0x20000010   Data           4  ampm_gsm_main_task.o(.data)
    sendfile                                 0x20000014   Data           4  main.o(.data)
    sysStatus                                0x20000018   Data           1  main.o(.data)
    timer2Cnt                                0x2000001c   Data           4  main.o(.data)
    smsLen                                   0x20000020   Data           1  main.o(.data)
    c                                        0x20000021   Data           1  main.o(.data)
    ADC1_0_MaxValue                          0x2000003c   Data           4  adc_task.o(.data)
    ADC1_0_MinValue                          0x20000040   Data           4  adc_task.o(.data)
    ADC_CntValue                             0x20000044   Data           1  adc_task.o(.data)
    ADC_Updated                              0x20000045   Data           1  adc_task.o(.data)
    ADC1ConvertedValueTotal                  0x2000004c   Data           8  adc_task.o(.data)
    intlevel                                 0x20000058   Data           4  sys_arch.o(.data)
    uip_ethaddr                              0x200000e0   Data           6  uip.o(.data)
    uip_hostaddr                             0x200000e6   Data           4  uip.o(.data)
    uip_draddr                               0x200000ea   Data           4  uip.o(.data)
    uip_netmask                              0x200000ee   Data           4  uip.o(.data)
    uip_appdata                              0x200000f4   Data           4  uip.o(.data)
    uip_sappdata                             0x200000f8   Data           4  uip.o(.data)
    uip_len                                  0x200000fc   Data           2  uip.o(.data)
    uip_slen                                 0x200000fe   Data           2  uip.o(.data)
    uip_flags                                0x20000100   Data           1  uip.o(.data)
    uip_conn                                 0x20000104   Data           4  uip.o(.data)
    uip_listenports                          0x20000108   Data           2  uip.o(.data)
    uip_udp_conn                             0x2000010c   Data           4  uip.o(.data)
    uip_acc32                                0x20000118   Data           4  uip.o(.data)
    curr_tick                                0x20000134   Data           4  timer.o(.data)
    uipTimer                                 0x20000138   Data           8  uip_ppp.o(.data)
    localIp                                  0x20000140   Data           4  uip_ppp.o(.data)
    resolverTick                             0x20000148   Data           8  resolver.o(.data)
    resolverState                            0x20000150   Data           1  resolver.o(.data)
    tcp_ticks                                0x2000015c   Data           4  tcpip_rtos.o(.data)
    pppRxBuf                                 0x20000164   Data           4  ppp.o(.data)
    pppErrCnt                                0x20000168   Data           1  ppp.o(.data)
    pppIsEsc                                 0x20000169   Data           1  ppp.o(.data)
    pppPhaseTick                             0x2000016c   Data           4  ppp.o(.data)
    pppDialAttempts                          0x20000170   Data           1  ppp.o(.data)
    pppApn_UseLoginPass                      0x20000171   Data           1  ppp.o(.data)
    pppUseESC                                0x20000172   Data           1  ppp.o(.data)
    pppRestartCount                          0x20000173   Data           1  ppp.o(.data)
    pppFrameSize                             0x20000174   Data           2  ppp.o(.data)
    pppMsgID                                 0x20000176   Data           1  ppp.o(.data)
    pppTick                                  0x20000178   Data           4  ppp.o(.data)
    pppTimerOn                               0x2000017c   Data           1  ppp.o(.data)
    pppDataPrepared                          0x2000017d   Data           1  ppp.o(.data)
    pppIpAddr                                0x2000017e   Data           4  ppp.o(.data)
    priDnsServerIp                           0x20000182   Data           4  ppp.o(.data)
    secDnsServerIp                           0x20000186   Data           4  ppp.o(.data)
    lcpState                                 0x2000018a   Data           1  ppp.o(.data)
    papState                                 0x2000018b   Data           1  ppp.o(.data)
    ipcpState                                0x2000018c   Data           1  ppp.o(.data)
    pppPhase                                 0x2000018d   Data           1  ppp.o(.data)
    pppInState                               0x2000018e   Data           1  ppp.o(.data)
    pxCurrentTCB                             0x20000190   Data           4  tasks.o(.data)
    commTxRingBuf                            0x200001e4   Data           4  comm.o(.data)
    commRxRingBuf                            0x200001e8   Data           4  comm.o(.data)
    callTaskFailCnt                          0x200001f4   Data           1  ampm_gsm_call.o(.data)
    gotListOfCurrentCall                     0x200001f5   Data           1  ampm_gsm_call.o(.data)
    callListIsEmpty                          0x200001f6   Data           1  ampm_gsm_call.o(.data)
    ceerId                                   0x200001f8   Data           2  ampm_gsm_call.o(.data)
    gotCeerId                                0x200001fa   Data           1  ampm_gsm_call.o(.data)
    callDelayTime                            0x200001fb   Data           1  ampm_gsm_call.o(.data)
    callTaskIsRunningCnt                     0x200001fc   Data           1  ampm_gsm_call.o(.data)
    ampm_GotIncomingNumberFlag               0x200001fd   Data           1  ampm_gsm_call.o(.data)
    voiceCall                                0x20000208   Data           4  ampm_gsm_call.o(.data)
    ampm_ModemResetFlag                      0x2000020c   Data           1  ampm_gsm_common.o(.data)
    csqValue                                 0x20000210   Data           4  ampm_gsm_common.o(.data)
    gsmSignal                                0x20000214   Data           1  ampm_gsm_common.o(.data)
    dialupTryCnt                             0x20000215   Data           1  ampm_gsm_dial_up.o(.data)
    ampmGsmDialupPhase                       0x20000216   Data           1  ampm_gsm_dial_up.o(.data)
    modemOk                                  0x20000218   Data           4  ampm_gsm_io.o(.data)
    modemError                               0x2000021c   Data           4  ampm_gsm_io.o(.data)
    ampm_GprsApn                             0x20000220   Data           4  ampm_gsm_io.o(.data)
    ampm_GSM_CmdList_list                    0x20000224   Data           4  ampm_gsm_io.o(.data)
    ampm_GSM_CmdList                         0x20000228   Data           4  ampm_gsm_io.o(.data)
    ampm_CmdParsedChar                       0x2000022c   Data           1  ampm_gsm_io.o(.data)
    gotoCmdModeFlag                          0x2000022d   Data           1  ampm_gsm_io.o(.data)
    gotoDataModeFlag                         0x2000022e   Data           1  ampm_gsm_io.o(.data)
    ampm_GSM_AtCmd                           0x20000230   Data           4  ampm_gsm_io.o(.data)
    ampm_GSM_CmdPhase                        0x20000234   Data           1  ampm_gsm_io.o(.data)
    ampm_AtProcessCmd                        0x20000238   Data           8  ampm_gsm_io.o(.data)
    ampm_MissCall                            0x20000240   Data           1  ampm_gsm_ring.o(.data)
    ampm_NewSmsFlag                          0x20000241   Data           1  ampm_gsm_ring.o(.data)
    ampm_RingingFlagTimes                    0x20000242   Data           1  ampm_gsm_ring.o(.data)
    ampm_RingingFlag                         0x20000243   Data           1  ampm_gsm_ring.o(.data)
    ampm_RingingTime                         0x20000244   Data           1  ampm_gsm_ring.o(.data)
    ampm_RingingPauseTime                    0x20000245   Data           1  ampm_gsm_ring.o(.data)
    ampm_RingingPhase                        0x20000246   Data           1  ampm_gsm_ring.o(.data)
    smsNewMessageFlag                        0x20000250   Data           1  ampm_gsm_sms.o(.data)
    smsCancelAll                             0x20000251   Data           1  ampm_gsm_sms.o(.data)
    flagSmsReadFinish                        0x20000252   Data           1  ampm_gsm_sms.o(.data)
    getServiceCenterNumber                   0x20000253   Data           1  ampm_gsm_sms.o(.data)
    smsTaskFailCnt                           0x20000254   Data           1  ampm_gsm_sms.o(.data)
    readTryCnt                               0x20000255   Data           1  ampm_gsm_sms.o(.data)
    smsIndex                                 0x20000256   Data           2  ampm_gsm_sms.o(.data)
    smsTryCnt                                0x20000258   Data           1  ampm_gsm_sms.o(.data)
    smsMsg                                   0x2000027c   Data           4  ampm_gsm_sms.o(.data)
    pdu_len_except_smsc                      0x20000280   Data           1  ampm_gsm_sms.o(.data)
    pdu_len                                  0x20000282   Data           2  ampm_gsm_sms.o(.data)
    Ampm_SmsRecvCallback                     0x20000284   Data           4  ampm_gsm_sms.o(.data)
    flagGotSimCID                            0x20000288   Data           1  ampm_gsm_startup.o(.data)
    modemCIDPass                             0x20000289   Data           1  ampm_gsm_startup.o(.data)
    flagServerUpdateSimCID                   0x2000028a   Data           1  ampm_gsm_startup.o(.data)
    flagGotIMEI                              0x2000028b   Data           1  ampm_gsm_startup.o(.data)
    newIMEI_IsUpdate                         0x2000028c   Data           1  ampm_gsm_startup.o(.data)
    modemIMEIPass                            0x2000028d   Data           1  ampm_gsm_startup.o(.data)
    ampm_GSM_StartupPhase                    0x2000028e   Data           1  ampm_gsm_startup.o(.data)
    ampm_gsm_baudrate_index                  0x2000028f   Data           1  ampm_gsm_startup.o(.data)
    gsmBaudrateSaved                         0x20000290   Data           4  ampm_gsm_startup.o(.data)
    ampm_AtGsmCmdStart_pt                    0x20000298   Data           4  ampm_gsm_startup.o(.data)
    ampm_AtCommandParserEnable               0x2000029c   Data           1  at_command_parser.o(.data)
    commandSeparator                         0x200002a0   Data           4  at_command_parser.o(.data)
    cmdCnt                                   0x200002a8   Data           8  at_command_parser.o(.data)
    dail1                                    0x200002c0   Data         532  dtmf_app.o(.data)
    DEMF_Enable                              0x200004d4   Data           1  dtmf_app.o(.data)
    toggle                                   0x200004d8   Data           4  dtmf_app.o(.data)
    rtcCnt                                   0x200004f0   Data           4  rtc.o(.data)
    resetCnt                                 0x200004f4   Data           1  rtc.o(.data)
    sec                                      0x200004f8   Data           4  rtc.o(.data)
    uart3_parity                             0x200004fc   Data           4  uart3.o(.data)
    SystemCoreClock                          0x20000500   Data           4  system_stm32f10x.o(.data)
    AHBPrescTable                            0x20000504   Data          16  system_stm32f10x.o(.data)
    _daylight                                0x20000514   Data           4  m_time.o(.data)
    _dstbias                                 0x20000518   Data           4  m_time.o(.data)
    _timezone                                0x2000051c   Data           4  m_time.o(.data)
    rtcTimeSec                               0x20000524   Data           4  sys_time.o(.data)
    timeZone                                 0x20000528   Data           4  sys_time.o(.data)
    sysTimeZone                              0x2000052c   Data           4  sys_time.o(.data)
    rtcUpdateFlag                            0x20000530   Data           4  sys_time.o(.data)
    rtcUpdateCnt                             0x20000534   Data           4  sys_time.o(.data)
    sysTime                                  0x20000538   Data           8  sys_time.o(.data)
    localTime                                0x20000540   Data           8  sys_time.o(.data)
    sysTickTimeSec                           0x20000548   Data           4  sys_tick.o(.data)
    sysTickCounter32                         0x2000054c   Data           4  sys_tick.o(.data)
    sysTickCounter64                         0x20000550   Data           8  sys_tick.o(.data)
    tRingTask                                0x20000558   Data          12  ampm_gsm_main_task.o(.bss)
    cmpBGS2_W                                0x20000564   Data          12  ampm_gsm_main_task.o(.bss)
    cmpBGS2_E                                0x20000570   Data          12  ampm_gsm_main_task.o(.bss)
    cmpBG2_E                                 0x2000057c   Data          12  ampm_gsm_main_task.o(.bss)
    cmpM95                                   0x20000588   Data          12  ampm_gsm_main_task.o(.bss)
    cmpUbloxG100                             0x20000594   Data          12  ampm_gsm_main_task.o(.bss)
    cmp                                      0x200005a0   Data          12  ampm_gsm_main_task.o(.bss)
    smsUser                                  0x200005ac   Data          20  main.o(.bss)
    callUser                                 0x200005c0   Data          32  main.o(.bss)
    tSendSmsTime                             0x200005e0   Data          12  main.o(.bss)
    dtmfRingBuf                              0x200005ec   Data          16  main.o(.bss)
    dtmfBuf                                  0x200005fc   Data          64  main.o(.bss)
    pdu2uniBuf                               0x2000063c   Data         256  main.o(.bss)
    replySmsBuf                              0x2000073c   Data         256  main.o(.bss)
    led1Ctr                                  0x2000083c   Data          20  led.o(.bss)
    led2Ctr                                  0x20000850   Data          20  led.o(.bss)
    ADC1ConvertedValue                       0x20000864   Data          40  adc_task.o(.bss)
    uip_aligned_buf                          0x20001fe0   Data        1516  uip.o(.bss)
    uip_conns                                0x200025cc   Data         200  uip.o(.bss)
    uip_udp_conns                            0x20002694   Data         100  uip.o(.bss)
    pppTxBuf                                 0x2000282c   Data          89  ppp.o(.bss)
    pppUsr                                   0x20002885   Data          16  ppp.o(.bss)
    pppPwd                                   0x20002895   Data          16  ppp.o(.bss)
    incomingCall                             0x20003d70   Data          32  ampm_gsm_call.o(.bss)
    listOfCurrentCall                        0x20003d90   Data         128  ampm_gsm_call.o(.bss)
    callTimeout                              0x20003e10   Data          12  ampm_gsm_call.o(.bss)
    callAlertingTimeout                      0x20003e1c   Data          12  ampm_gsm_call.o(.bss)
    tCallDelayTimeout                        0x20003e28   Data          12  ampm_gsm_call.o(.bss)
    ampm_IncomingCallPhoneNo                 0x20003e34   Data          16  ampm_gsm_call.o(.bss)
    csqBuff                                  0x20003e44   Data          16  ampm_gsm_common.o(.bss)
    ampmGSM_CmdSend                          0x20003ed4   Data          28  ampm_gsm_io.o(.bss)
    ampm_GSM_TaskTimeout                     0x20003ef0   Data          12  ampm_gsm_io.o(.bss)
    ampmCommonAppStruct                      0x20003efc   Data          24  ampm_gsm_io.o(.bss)
    ampmAtCmdBuf                             0x20003f14   Data         256  ampm_gsm_io.o(.bss)
    ampmGSM_CmdOk                            0x20004014   Data          12  ampm_gsm_io.o(.bss)
    ampmGSM_CmdFails                         0x20004020   Data          12  ampm_gsm_io.o(.bss)
    ampm_AtCallBackParser                    0x2000402c   Data          16  ampm_gsm_io.o(.bss)
    smsUnreadBuff                            0x2000403c   Data          32  ampm_gsm_sms.o(.bss)
    tSmsTaskTimeOut                          0x2000405c   Data          12  ampm_gsm_sms.o(.bss)
    smsUnreadRingBuff                        0x20004068   Data          16  ampm_gsm_sms.o(.bss)
    smsSender                                0x20004078   Data          16  ampm_gsm_sms.o(.bss)
    smsDataBuf                               0x20004088   Data         256  ampm_gsm_sms.o(.bss)
    serviceCenterNumber                      0x20004188   Data          16  ampm_gsm_sms.o(.bss)
    gsmSimCIDBuf                             0x20004198   Data          32  ampm_gsm_startup.o(.bss)
    gsmIMEIBuf                               0x200041b8   Data          18  ampm_gsm_startup.o(.bss)
    tAmpm_GsmStartupTaskDelay                0x200041cc   Data          12  ampm_gsm_startup.o(.bss)
    at_cmd                                   0x200041d8   Data         180  ampm_gsm_startup.o(.bss)
    AT_CmdParser                             0x2000429c   Data          16  at_command_parser.o(.bss)
    DTMF_ringBuff                            0x200042ac   Data          16  dtmf_app.o(.bss)
    DTMF_buf                                 0x200042bc   Data          32  dtmf_app.o(.bss)
    USART1_RxBuff                            0x200042dc   Data         256  uart1.o(.bss)
    USART1_TxBuff                            0x200043dc   Data         128  uart1.o(.bss)
    USART1_RxRingBuff                        0x2000445c   Data          16  uart1.o(.bss)
    USART1_TxRingBuff                        0x2000446c   Data          16  uart1.o(.bss)
    USART3_RxBuff                            0x2000447c   Data        1024  uart3.o(.bss)
    USART3_TxBuff                            0x2000487c   Data         512  uart3.o(.bss)
    USART3_RxRingBuff                        0x20004a7c   Data          16  uart3.o(.bss)
    USART3_TxRingBuff                        0x20004a8c   Data          16  uart3.o(.bss)
    __initial_sp                             0x20004da0   Data           0  startup_stm32f10x_md.o(STACK)



==============================================================================

Memory Map of the image

  Image Entry point : 0x080000ed

  Load Region LR_IROM1 (Base: 0x08000000, Size: 0x0001110c, Max: 0x00020000, ABSOLUTE, COMPRESSED[0x00010c78])

    Execution Region ER_IROM1 (Base: 0x08000000, Size: 0x00010bb4, Max: 0x00020000, ABSOLUTE)

    Base Addr    Size         Type   Attr      Idx    E Section Name        Object

    0x08000000   0x000000ec   Data   RO         1391    RESET               startup_stm32f10x_md.o
    0x080000ec   0x00000000   Code   RO         1556  * .ARM.Collect$$$$00000000  mc_w.l(entry.o)
    0x080000ec   0x00000004   Code   RO         1852    .ARM.Collect$$$$00000001  mc_w.l(entry2.o)
    0x080000f0   0x00000004   Code   RO         1855    .ARM.Collect$$$$00000004  mc_w.l(entry5.o)
    0x080000f4   0x00000000   Code   RO         1857    .ARM.Collect$$$$00000008  mc_w.l(entry7b.o)
    0x080000f4   0x00000000   Code   RO         1859    .ARM.Collect$$$$0000000A  mc_w.l(entry8b.o)
    0x080000f4   0x00000008   Code   RO         1860    .ARM.Collect$$$$0000000B  mc_w.l(entry9a.o)
    0x080000fc   0x00000000   Code   RO         1862    .ARM.Collect$$$$0000000D  mc_w.l(entry10a.o)
    0x080000fc   0x00000000   Code   RO         1864    .ARM.Collect$$$$0000000F  mc_w.l(entry11a.o)
    0x080000fc   0x00000004   Code   RO         1853    .ARM.Collect$$$$00002712  mc_w.l(entry2.o)
    0x08000100   0x000000a2   Code   RO          947    .emb_text           port.o
    0x080001a2   0x00000002   PAD
    0x080001a4   0x00000740   Code   RO            1    .text               ampm_gsm_main_task.o
    0x080008e4   0x000004c8   Code   RO          232    .text               main.o
    0x08000dac   0x00000098   Code   RO          387    .text               tcp_ip_task.o
    0x08000e44   0x00000140   Code   RO          421    .text               led.o
    0x08000f84   0x000001bc   Code   RO          440    .text               adc_task.o
    0x08001140   0x0000003c   Code   RO          462    .text               dbg.o
    0x0800117c   0x00000248   Code   RO          489    .text               sys_arch.o
    0x080013c4   0x00000240   Code   RO          514    .text               sys.o
    0x08001604   0x000000f4   Code   RO          526    .text               memp.o
    0x080016f8   0x000006b8   Code   RO          573    .text               api_lib.o
    0x08001db0   0x00000300   Code   RO          613    .text               api_msg.o
    0x080020b0   0x000002c8   Code   RO          637    .text               mem.o
    0x08002378   0x0000047a   Code   RO          658    .text               pbuf.o
    0x080027f2   0x00000002   PAD
    0x080027f4   0x00000e60   Code   RO          680    .text               sockets.o
    0x08003654   0x00000390   Code   RO          707    .text               inet.o
    0x080039e4   0x000013dc   Code   RO          723    .text               uip.o
    0x08004dc0   0x000003a4   Code   RO          751    .text               resolv.o
    0x08005164   0x0000004c   Code   RO          766    .text               timer.o
    0x080051b0   0x00000174   Code   RO          781    .text               uip_ppp.o
    0x08005324   0x00000160   Code   RO          803    .text               tcpip.o
    0x08005484   0x0000009c   Code   RO          822    .text               resolver.o
    0x08005520   0x00000498   Code   RO          843    .text               tcpip_rtos.o
    0x080059b8   0x000010c8   Code   RO          864    .text               ppp.o
    0x08006a80   0x00000044   Code   RO          898    .text               fcs.o
    0x08006ac4   0x00000596   Code   RO          913    .text               queue.o
    0x0800705a   0x00000002   PAD
    0x0800705c   0x00000f78   Code   RO          925    .text               tasks.o
    0x08007fd4   0x000000d4   Code   RO          948    .text               port.o
    0x080080a8   0x00000124   Code   RO          966    .text               heap_2.o
    0x080081cc   0x00000094   Code   RO          981    .text               list.o
    0x08008260   0x0000010c   Code   RO          993    .text               comm.o
    0x0800836c   0x000008dc   Code   RO         1012    .text               ampm_gsm_call.o
    0x08008c48   0x000000f4   Code   RO         1044    .text               ampm_gsm_common.o
    0x08008d3c   0x00000128   Code   RO         1065    .text               ampm_gsm_dial_up.o
    0x08008e64   0x00000334   Code   RO         1082    .text               ampm_gsm_io.o
    0x08009198   0x00000190   Code   RO         1102    .text               ampm_gsm_ring.o
    0x08009328   0x000009c4   Code   RO         1120    .text               ampm_gsm_sms.o
    0x08009cec   0x00000450   Code   RO         1141    .text               ampm_gsm_startup.o
    0x0800a13c   0x000000bc   Code   RO         1161    .text               at_command_parser.o
    0x0800a1f8   0x00000180   Code   RO         1182    .text               dtmf_app.o
    0x0800a378   0x00000504   Code   RO         1208    .text               pdu.o
    0x0800a87c   0x00000358   Code   RO         1248    .text               stm32f10x_gpio.o
    0x0800abd4   0x000003a4   Code   RO         1260    .text               stm32f10x_rcc.o
    0x0800af78   0x0000032c   Code   RO         1274    .text               uart1.o
    0x0800b2a4   0x00000260   Code   RO         1298    .text               rtc.o
    0x0800b504   0x0000044e   Code   RO         1317    .text               stm32f10x_adc.o
    0x0800b952   0x00000002   PAD
    0x0800b954   0x00000250   Code   RO         1329    .text               stm32f10x_dma.o
    0x0800bba4   0x00000330   Code   RO         1341    .text               uart3.o
    0x0800bed4   0x000001dc   Code   RO         1371    .text               system_stm32f10x.o
    0x0800c0b0   0x0000001c   Code   RO         1392    .text               startup_stm32f10x_md.o
    0x0800c0cc   0x00000054   Code   RO         1396    .text               ampm_lib.lib(data_cmp.o)
    0x0800c120   0x0000064c   Code   RO         1411    .text               ampm_lib.lib(m_time.o)
    0x0800c76c   0x00000094   Code   RO         1427    .text               ampm_lib.lib(ringbuf.o)
    0x0800c800   0x00000340   Code   RO         1443    .text               ampm_lib.lib(sparser.o)
    0x0800cb40   0x00000228   Code   RO         1469    .text               ampm_lib.lib(sys_time.o)
    0x0800cd68   0x000000fc   Code   RO         1490    .text               ampm_lib.lib(sys_tick.o)
    0x0800ce64   0x00000114   Code   RO         1508    .text               ampm_lib.lib(ampm_list.o)
    0x0800cf78   0x0000030a   Code   RO         1523    .text               ampm_lib.lib(ampm_sprintf.o)
    0x0800d282   0x00000002   PAD
    0x0800d284   0x000003b0   Code   RO         1538    .text               ampm_lib.lib(dtmf.o)
    0x0800d634   0x00000024   Code   RO         1559    .text               mc_w.l(memcpya.o)
    0x0800d658   0x00000024   Code   RO         1561    .text               mc_w.l(memseta.o)
    0x0800d67c   0x00000024   Code   RO         1563    .text               mc_w.l(strstr.o)
    0x0800d6a0   0x00000018   Code   RO         1565    .text               mc_w.l(strncpy.o)
    0x0800d6b8   0x0000000e   Code   RO         1567    .text               mc_w.l(strlen.o)
    0x0800d6c6   0x0000001c   Code   RO         1569    .text               mc_w.l(strcmp.o)
    0x0800d6e2   0x00000012   Code   RO         1571    .text               mc_w.l(strcpy.o)
    0x0800d6f4   0x00000038   Code   RO         1836    .text               mc_w.l(__0sscanf.o)
    0x0800d72c   0x00000150   Code   RO         1838    .text               mc_w.l(_scanf_int.o)
    0x0800d87c   0x000000da   Code   RO         1840    .text               mc_w.l(_scanf_str.o)
    0x0800d956   0x00000002   PAD
    0x0800d958   0x0000033c   Code   RO         1842    .text               mc_w.l(scanf_fp.o)
    0x0800dc94   0x0000000a   Code   RO         1846    .text               mf_w.l(ffltui.o)
    0x0800dc9e   0x00000028   Code   RO         1848    .text               mf_w.l(ffixui.o)
    0x0800dcc6   0x00000002   PAD
    0x0800dcc8   0x00000014   Code   RO         1850    .text               mf_w.l(cfcmple.o)
    0x0800dcdc   0x0000002c   Code   RO         1869    .text               mc_w.l(uidiv.o)
    0x0800dd08   0x00000062   Code   RO         1871    .text               mc_w.l(uldiv.o)
    0x0800dd6a   0x0000001c   Code   RO         1873    .text               mc_w.l(_chval.o)
    0x0800dd86   0x00000002   PAD
    0x0800dd88   0x00000028   Code   RO         1875    .text               mc_w.l(scanf_char.o)
    0x0800ddb0   0x00000040   Code   RO         1877    .text               mc_w.l(_sgetc.o)
    0x0800ddf0   0x00000000   Code   RO         1879    .text               mc_w.l(iusefp.o)
    0x0800ddf0   0x0000006c   Code   RO         1880    .text               mf_w.l(fepilogue.o)
    0x0800de5c   0x0000014e   Code   RO         1882    .text               mf_w.l(dadd.o)
    0x0800dfaa   0x000000e4   Code   RO         1884    .text               mf_w.l(dmul.o)
    0x0800e08e   0x000000de   Code   RO         1886    .text               mf_w.l(ddiv.o)
    0x0800e16c   0x00000018   Code   RO         1888    .text               mf_w.l(dfltul.o)
    0x0800e184   0x00000030   Code   RO         1890    .text               mf_w.l(dfixul.o)
    0x0800e1b4   0x00000028   Code   RO         1892    .text               mf_w.l(cdrcmple.o)
    0x0800e1dc   0x00000038   Code   RO         1894    .text               mf_w.l(d2f.o)
    0x0800e214   0x00000024   Code   RO         1896    .text               mc_w.l(init.o)
    0x0800e238   0x0000001e   Code   RO         1899    .text               mc_w.l(llshl.o)
    0x0800e256   0x00000020   Code   RO         1901    .text               mc_w.l(llushr.o)
    0x0800e276   0x00000024   Code   RO         1903    .text               mc_w.l(llsshr.o)
    0x0800e29a   0x0000000a   Code   RO         1905    .text               mc_w.l(isspace_c.o)
    0x0800e2a4   0x0000032c   Code   RO         1907    .text               mc_w.l(_scanf.o)
    0x0800e5d0   0x000000be   Code   RO         1910    .text               mf_w.l(depilogue.o)
    0x0800e68e   0x00000002   PAD
    0x0800e690   0x00000028   Code   RO         1912    .text               mc_w.l(ctype_c.o)
    0x0800e6b8   0x0000005c   Code   RO         1923    .text               mc_w.l(__dczerorl2.o)
    0x0800e714   0x00000028   Code   RO         1644    i.__0sprintf$2      mc_w.l(printf2.o)
    0x0800e73c   0x00000024   Code   RO         1814    i.__0vsprintf       mc_w.l(printfa.o)
    0x0800e760   0x0000000e   Code   RO         1917    i.__scatterload_copy  mc_w.l(handlers.o)
    0x0800e76e   0x00000002   Code   RO         1918    i.__scatterload_null  mc_w.l(handlers.o)
    0x0800e770   0x0000000e   Code   RO         1919    i.__scatterload_zeroinit  mc_w.l(handlers.o)
    0x0800e77e   0x00000002   PAD
    0x0800e780   0x0000015c   Code   RO         1815    i._fp_digits        mc_w.l(printfa.o)
    0x0800e8dc   0x0000000e   Code   RO         1844    i._is_digit         mc_w.l(scanf_fp.o)
    0x0800e8ea   0x000000d0   Code   RO         1649    i._printf_core      mc_w.l(printf2.o)
    0x0800e9ba   0x00000002   PAD
    0x0800e9bc   0x000006f0   Code   RO         1816    i._printf_core      mc_w.l(printfa.o)
    0x0800f0ac   0x00000026   Code   RO         1817    i._printf_post_padding  mc_w.l(printfa.o)
    0x0800f0d2   0x00000030   Code   RO         1818    i._printf_pre_padding  mc_w.l(printfa.o)
    0x0800f102   0x0000000a   Code   RO         1651    i._sputc            mc_w.l(printf2.o)
    0x0800f10c   0x0000000a   Code   RO         1820    i._sputc            mc_w.l(printfa.o)
    0x0800f116   0x00000002   PAD
    0x0800f118   0x00000958   Data   RO            3    .constdata          ampm_gsm_main_task.o
    0x0800fa70   0x0000001c   Data   RO          528    .constdata          memp.o
    0x0800fa8c   0x00000008   Data   RO          725    .constdata          uip.o
    0x0800fa94   0x00000200   Data   RO          899    .constdata          fcs.o
    0x0800fc94   0x00000210   Data   RO         1014    .constdata          ampm_gsm_call.o
    0x0800fea4   0x00000140   Data   RO         1046    .constdata          ampm_gsm_common.o
    0x0800ffe4   0x000000a4   Data   RO         1066    .constdata          ampm_gsm_dial_up.o
    0x08010088   0x0000021c   Data   RO         1122    .constdata          ampm_gsm_sms.o
    0x080102a4   0x00000047   Data   RO         1163    .constdata          at_command_parser.o
    0x080102eb   0x00000001   PAD
    0x080102ec   0x00000060   Data   RO         1412    .constdata          ampm_lib.lib(m_time.o)
    0x0801034c   0x00000040   Data   RO         1913    .constdata          mc_w.l(ctype_c.o)
    0x0801038c   0x0000001c   Data   RO            4    .conststring        ampm_gsm_main_task.o
    0x080103a8   0x000006a8   Data   RO          234    .conststring        main.o
    0x08010a50   0x0000004d   Data   RO         1015    .conststring        ampm_gsm_call.o
    0x08010a9d   0x00000089   Data   RO         1047    .conststring        ampm_gsm_common.o
    0x08010b26   0x00000009   Data   RO         1084    .conststring        ampm_gsm_io.o
    0x08010b2f   0x00000018   Data   RO         1123    .conststring        ampm_gsm_sms.o
    0x08010b47   0x0000004b   Data   RO         1164    .conststring        at_command_parser.o
    0x08010b92   0x00000002   PAD
    0x08010b94   0x00000020   Data   RO         1915    Region$$Table       anon$$obj.o


    Execution Region RW_IRAM1 (Base: 0x20000000, Size: 0x00004da0, Max: 0x00005000, ABSOLUTE, COMPRESSED[0x000000c4])

    Base Addr    Size         Type   Attr      Idx    E Section Name        Object

    0x20000000   0x00000014   Data   RW            5    .data               ampm_gsm_main_task.o
    0x20000014   0x0000000e   Data   RW          235    .data               main.o
    0x20000022   0x00000002   PAD
    0x20000024   0x00000004   Data   RW          388    .data               tcp_ip_task.o
    0x20000028   0x00000014   Data   RW          423    .data               led.o
    0x2000003c   0x00000018   Data   RW          442    .data               adc_task.o
    0x20000054   0x0000000c   Data   RW          491    .data               sys_arch.o
    0x20000060   0x00000004   Data   RW          529    .data               memp.o
    0x20000064   0x0000002c   Data   RW          614    .data               api_msg.o
    0x20000090   0x0000000c   Data   RW          639    .data               mem.o
    0x2000009c   0x0000000c   Data   RW          660    .data               pbuf.o
    0x200000a8   0x00000038   Data   RW          682    .data               sockets.o
    0x200000e0   0x00000040   Data   RW          726    .data               uip.o
    0x20000120   0x00000011   Data   RW          753    .data               resolv.o
    0x20000131   0x00000003   PAD
    0x20000134   0x00000004   Data   RW          767    .data               timer.o
    0x20000138   0x0000000c   Data   RW          783    .data               uip_ppp.o
    0x20000144   0x00000003   Data   RW          805    .data               tcpip.o
    0x20000147   0x00000001   PAD
    0x20000148   0x00000009   Data   RW          823    .data               resolver.o
    0x20000151   0x00000003   PAD
    0x20000154   0x0000000d   Data   RW          844    .data               tcpip_rtos.o
    0x20000161   0x00000003   PAD
    0x20000164   0x0000002b   Data   RW          866    .data               ppp.o
    0x2000018f   0x00000001   PAD
    0x20000190   0x00000038   Data   RW          927    .data               tasks.o
    0x200001c8   0x00000004   Data   RW          949    .data               port.o
    0x200001cc   0x00000018   Data   RW          968    .data               heap_2.o
    0x200001e4   0x00000008   Data   RW          994    .data               comm.o
    0x200001ec   0x00000020   Data   RW         1016    .data               ampm_gsm_call.o
    0x2000020c   0x00000009   Data   RW         1048    .data               ampm_gsm_common.o
    0x20000215   0x00000002   Data   RW         1068    .data               ampm_gsm_dial_up.o
    0x20000217   0x00000001   PAD
    0x20000218   0x00000028   Data   RW         1085    .data               ampm_gsm_io.o
    0x20000240   0x00000007   Data   RW         1103    .data               ampm_gsm_ring.o
    0x20000247   0x00000001   PAD
    0x20000248   0x00000040   Data   RW         1124    .data               ampm_gsm_sms.o
    0x20000288   0x00000014   Data   RW         1144    .data               ampm_gsm_startup.o
    0x2000029c   0x00000014   Data   RW         1165    .data               at_command_parser.o
    0x200002b0   0x0000022c   Data   RW         1184    .data               dtmf_app.o
    0x200004dc   0x00000014   Data   RW         1261    .data               stm32f10x_rcc.o
    0x200004f0   0x0000000c   Data   RW         1299    .data               rtc.o
    0x200004fc   0x00000004   Data   RW         1343    .data               uart3.o
    0x20000500   0x00000014   Data   RW         1372    .data               system_stm32f10x.o
    0x20000514   0x0000000c   Data   RW         1413    .data               ampm_lib.lib(m_time.o)
    0x20000520   0x00000001   Data   RW         1444    .data               ampm_lib.lib(sparser.o)
    0x20000521   0x00000003   PAD
    0x20000524   0x00000024   Data   RW         1470    .data               ampm_lib.lib(sys_time.o)
    0x20000548   0x00000010   Data   RW         1491    .data               ampm_lib.lib(sys_tick.o)
    0x20000558   0x00000054   Zero   RW            2    .bss                ampm_gsm_main_task.o
    0x200005ac   0x00000290   Zero   RW          233    .bss                main.o
    0x2000083c   0x00000028   Zero   RW          422    .bss                led.o
    0x20000864   0x00000028   Zero   RW          441    .bss                adc_task.o
    0x2000088c   0x00000100   Zero   RW          463    .bss                dbg.o
    0x2000098c   0x00000020   Zero   RW          490    .bss                sys_arch.o
    0x200009ac   0x000004c8   Zero   RW          527    .bss                memp.o
    0x20000e74   0x0000080c   Zero   RW          638    .bss                mem.o
    0x20001680   0x00000900   Zero   RW          659    .bss                pbuf.o
    0x20001f80   0x00000050   Zero   RW          681    .bss                sockets.o
    0x20001fd0   0x00000010   Zero   RW          708    .bss                inet.o
    0x20001fe0   0x00000718   Zero   RW          724    .bss                uip.o
    0x200026f8   0x00000128   Zero   RW          752    .bss                resolv.o
    0x20002820   0x0000000c   Zero   RW          804    .bss                tcpip.o
    0x2000282c   0x00000079   Zero   RW          865    .bss                ppp.o
    0x200028a5   0x00000003   PAD
    0x200028a8   0x000000c8   Zero   RW          926    .bss                tasks.o
    0x20002970   0x00001400   Zero   RW          967    .bss                heap_2.o
    0x20003d70   0x000000d4   Zero   RW         1013    .bss                ampm_gsm_call.o
    0x20003e44   0x00000010   Zero   RW         1045    .bss                ampm_gsm_common.o
    0x20003e54   0x000001e8   Zero   RW         1083    .bss                ampm_gsm_io.o
    0x2000403c   0x0000015c   Zero   RW         1121    .bss                ampm_gsm_sms.o
    0x20004198   0x000000f4   Zero   RW         1142    .bss                ampm_gsm_startup.o
    0x2000428c   0x00000020   Zero   RW         1162    .bss                at_command_parser.o
    0x200042ac   0x00000030   Zero   RW         1183    .bss                dtmf_app.o
    0x200042dc   0x000001a0   Zero   RW         1275    .bss                uart1.o
    0x2000447c   0x00000620   Zero   RW         1342    .bss                uart3.o
    0x20004a9c   0x00000100   Zero   RW         1539    .bss                ampm_lib.lib(dtmf.o)
    0x20004b9c   0x00000004   PAD
    0x20004ba0   0x00000200   Zero   RW         1389    STACK               startup_stm32f10x_md.o


==============================================================================

Image component sizes


      Code (inc. data)   RO Data    RW Data    ZI Data      Debug   Object Name

       444         26          0         24         40       2141   adc_task.o
      2268        236        605         32        212      11378   ampm_gsm_call.o
       244         38        457          9         16       2186   ampm_gsm_common.o
       296         48        164          2          0       2544   ampm_gsm_dial_up.o
       820         70          9         40        488       5893   ampm_gsm_io.o
      1856        286       2420         20         84     297356   ampm_gsm_main_task.o
       400         30          0          7          0       2816   ampm_gsm_ring.o
      2500        278        564         64        348      10818   ampm_gsm_sms.o
      1104        168          0         20        244       3757   ampm_gsm_startup.o
      1720         12          0          0          0      28882   api_lib.o
       768         26          0         44          0       5941   api_msg.o
       188         34        146         20         32       2276   at_command_parser.o
       268         14          0          8          0       2886   comm.o
        60          4          0          0        256       2703   dbg.o
       384         58          0        556         48      18037   dtmf_app.o
        68          4        512          0          0       1289   fcs.o
       292         20          0         24       5120       3244   heap_2.o
       912         12          0          0         16       4656   inet.o
       320         26          0         20         40       3027   led.o
       148          0          0          0          0       1906   list.o
      1224        212       1704         14        656      53080   main.o
       712         18          0         12       2060       3304   mem.o
       244         20         28          4       1224      18484   memp.o
      1146         20          0         12       2304       5788   pbuf.o
      1284          0          0          0          0       6209   pdu.o
       374         24          0          4          0       4599   port.o
      4296        410          0         43        121       9027   ppp.o
      1430          0          0          0          0       8362   queue.o
       932         58          0         17        296       4413   resolv.o
       156         20          0          9          0       1998   resolver.o
       608         52          0         12          0       2486   rtc.o
      3680         56          0         56         80      16586   sockets.o
        28          4        236          0        512        876   startup_stm32f10x_md.o
      1102         26          0          0          0      10937   stm32f10x_adc.o
       592          8          0          0          0       4430   stm32f10x_dma.o
       856         40          0          0          0       5749   stm32f10x_gpio.o
       932         44          0         20          0       8936   stm32f10x_rcc.o
       576          6          0          0          0       3208   sys.o
       584         28          0         12         32       5318   sys_arch.o
       476         36          0         20          0       1991   system_stm32f10x.o
      3960        244          0         56        200      17006   tasks.o
       152          4          0          4          0       3544   tcp_ip_task.o
       352         34          0          3         12       2771   tcpip.o
      1176         46          0         13          0       6481   tcpip_rtos.o
        76          6          0          4          0       1716   timer.o
       812         40          0          0        416      18091   uart1.o
       816         48          0          4       1568       3183   uart3.o
      5084        240          8         64       1816      21640   uip.o
       372         46          0         12          0       2333   uip_ppp.o

    ----------------------------------------------------------------------
     49100       3180       6888       1300      18244     666282   Object Totals
         0          0         32          0          0          0   (incl. Generated)
         8          0          3         15          3          0   (incl. Padding)

    ----------------------------------------------------------------------

      Code (inc. data)   RO Data    RW Data    ZI Data      Debug   Library Member Name

       276          0          0          0          0       3967   ampm_list.o
       778          0          0          0          0       2309   ampm_sprintf.o
        84          0          0          0          0       1448   data_cmp.o
       944         26          0          0        256       4142   dtmf.o
      1612         32         96         12          0       2943   m_time.o
       148          0          0          0          0       2110   ringbuf.o
       832         14          0          1          0       6721   sparser.o
       252         12          0         16          0       3226   sys_tick.o
       552         22          0         36          0       3290   sys_time.o
        56          8          0          0          0         84   __0sscanf.o
        92          0          0          0          0          0   __dczerorl2.o
        28          0          0          0          0         68   _chval.o
       812          6          0          0          0        112   _scanf.o
       336          0          0          0          0         96   _scanf_int.o
       218          0          0          0          0         96   _scanf_str.o
        64          0          0          0          0         84   _sgetc.o
        40          6         64          0          0         68   ctype_c.o
         0          0          0          0          0          0   entry.o
         0          0          0          0          0          0   entry10a.o
         0          0          0          0          0          0   entry11a.o
         8          4          0          0          0          0   entry2.o
         4          0          0          0          0          0   entry5.o
         0          0          0          0          0          0   entry7b.o
         0          0          0          0          0          0   entry8b.o
         8          4          0          0          0          0   entry9a.o
        30          0          0          0          0          0   handlers.o
        36          8          0          0          0         68   init.o
        10          0          0          0          0         68   isspace_c.o
         0          0          0          0          0          0   iusefp.o
        30          0          0          0          0         68   llshl.o
        36          0          0          0          0         68   llsshr.o
        32          0          0          0          0         68   llushr.o
        36          0          0          0          0         68   memcpya.o
        36          0          0          0          0        108   memseta.o
       258          6          0          0          0        244   printf2.o
      2256         86          0          0          0        508   printfa.o
        40          8          0          0          0         84   scanf_char.o
       842         12          0          0          0        216   scanf_fp.o
        28          0          0          0          0         76   strcmp.o
        18          0          0          0          0         68   strcpy.o
        14          0          0          0          0         68   strlen.o
        24          0          0          0          0         76   strncpy.o
        36          0          0          0          0         80   strstr.o
        44          0          0          0          0         80   uidiv.o
        98          0          0          0          0         92   uldiv.o
        40          2          0          0          0         68   cdrcmple.o
        20          0          0          0          0         68   cfcmple.o
        56          0          0          0          0         88   d2f.o
       334          0          0          0          0        148   dadd.o
       222          0          0          0          0        100   ddiv.o
       190          0          0          0          0        176   depilogue.o
        48          0          0          0          0         68   dfixul.o
        24          0          0          0          0         76   dfltul.o
       228          0          0          0          0         96   dmul.o
       108          0          0          0          0        168   fepilogue.o
        40          0          0          0          0         68   ffixui.o
        10          0          0          0          0         68   ffltui.o

    ----------------------------------------------------------------------
     12384        256        160         68        260      34064   Library Totals
        16          0          0          3          4          0   (incl. Padding)

    ----------------------------------------------------------------------

      Code (inc. data)   RO Data    RW Data    ZI Data      Debug   Library Name

      5478        106         96         65        256      30156   ampm_lib.lib
      5570        148         64          0          0       2716   mc_w.l
      1320          2          0          0          0       1192   mf_w.l

    ----------------------------------------------------------------------
     12384        256        160         68        260      34064   Library Totals

    ----------------------------------------------------------------------

==============================================================================


      Code (inc. data)   RO Data    RW Data    ZI Data      Debug   

     61484       3436       7048       1368      18504     691714   Grand Totals
     61484       3436       7048        196      18504     691714   ELF Image Totals (compressed)
     61484       3436       7048        196          0          0   ROM Totals

==============================================================================

    Total RO  Size (Code + RO Data)                68532 (  66.93kB)
    Total RW  Size (RW Data + ZI Data)             19872 (  19.41kB)
    Total ROM Size (Code + RO Data + RW Data)      68728 (  67.12kB)

==============================================================================

