ARM Linker, 5.03 [Build 76] [MDK-ARM Standard]

==============================================================================

Section Cross References

    ampm_gsm_main_task.o(.text) refers to ampm_gsm_io.o(.text) for Ampm_SendAtCmdNow
    ampm_gsm_main_task.o(.text) refers to ampm_gsm_ring.o(.text) for Ampm_Ringing_GetPhase
    ampm_gsm_main_task.o(.text) refers to ampm_gsm_sms.o(.text) for Ampm_SmsCheckMessage_IsEmpty
    ampm_gsm_main_task.o(.text) refers to ampm_gsm_call.o(.text) for Ampm_VoiceCallCheckList_IsEmpty
    ampm_gsm_main_task.o(.text) refers to ampm_gsm_dial_up.o(.text) for Ampm_GSM_DialUp_Reset
    ampm_gsm_main_task.o(.text) refers to ppp.o(.text) for PPP_Init
    ampm_gsm_main_task.o(.text) refers to led.o(.text) for LedSetStatus
    ampm_gsm_main_task.o(.text) refers to ampm_gsm_startup.o(.text) for AMPM_GSM_Startup_Init
    ampm_gsm_main_task.o(.text) refers to ampm_list.o(.text) for list_init
    ampm_gsm_main_task.o(.text) refers to resolver.o(.text) for RESOLVER_Manage
    ampm_gsm_main_task.o(.text) refers to sparser.o(.text) for Ampm_CmdTask_IsIdle
    ampm_gsm_main_task.o(.text) refers to sys_tick.o(.text) for SysTick_Get
    ampm_gsm_main_task.o(.text) refers to ampm_gsm_main_task.o(.data) for ampmGSM_TaskPhase
    ampm_gsm_main_task.o(.text) refers to ampm_gsm_main_task.o(.constdata) for ampmMainCmdProcess_ATH
    ampm_gsm_main_task.o(.text) refers to ampm_gsm_ring.o(.data) for ampm_NewSmsFlag
    ampm_gsm_main_task.o(.text) refers to ampm_gsm_common.o(.data) for ampm_ModemResetFlag
    ampm_gsm_main_task.o(.text) refers to ampm_gsm_sms.o(.data) for smsTaskFailCnt
    ampm_gsm_main_task.o(.text) refers to main.o(.text) for Ampm_MainSmsRecvCallback
    ampm_gsm_main_task.o(.text) refers to led.o(.bss) for led1Ctr
    ampm_gsm_main_task.o(.text) refers to ampm_gsm_io.o(.data) for gotoDataModeFlag
    ampm_gsm_main_task.o(.text) refers to comm.o(.text) for MODEM_Wakeup
    ampm_gsm_main_task.o(.text) refers to data_cmp.o(.text) for InitFindData
    ampm_gsm_main_task.o(.text) refers to at_command_parser.o(.data) for ampm_AtCommandParserEnable
    ampm_gsm_main_task.o(.text) refers to ampm_gsm_io.o(.bss) for ampm_GSM_TaskTimeout
    ampm_gsm_main_task.o(.text) refers to ampm_gsm_main_task.o(.bss) for tRingTask
    ampm_gsm_main_task.o(.text) refers to ampm_gsm_startup.o(.data) for ampm_AtGsmCmdStart_pt
    ampm_gsm_main_task.o(.constdata) refers to ampm_gsm_main_task.o(.conststring) for .conststring
    ampm_gsm_main_task.o(.constdata) refers to ampm_gsm_common.o(.constdata) for ampmCmdProcess_AT
    ampm_gsm_main_task.o(.constdata) refers to ampm_gsm_io.o(.text) for Ampm_GsmSendCallback
    ampm_gsm_main_task.o(.constdata) refers to ampm_gsm_main_task.o(.text) for Ampm_GsmMainCallPhaseFinished
    main.o(.text) refers to system_stm32f10x.o(.text) for SystemInit
    main.o(.text) refers to comm.o(.text) for MODEM_MOSFET_On
    main.o(.text) refers to rtc.o(.text) for RTC_Init
    main.o(.text) refers to led.o(.text) for LedInit
    main.o(.text) refers to adc_task.o(.text) for ADC_TaskInit
    main.o(.text) refers to uart1.o(.text) for USART1_Init
    main.o(.text) refers to ampm_ff.o(.text) for ampm_f_init
    main.o(.text) refers to strlen.o(.text) for strlen
    main.o(.text) refers to inet.o(.text) for inet_addr
    main.o(.text) refers to sockets.o(.text) for lwip_socket
    main.o(.text) refers to api_lib.o(.text) for netconn_new
    main.o(.text) refers to sys_tick.o(.text) for InitTimeout
    main.o(.text) refers to ampm_gsm_main_task.o(.text) for AMPM_GSM_Init
    main.o(.text) refers to ampm_gsm_call.o(.text) for Ampm_ComparePhoneNumber
    main.o(.text) refers to ringbuf.o(.text) for RINGBUF_Get
    main.o(.text) refers to dbg.o(.text) for DbgCfgPrintf
    main.o(.text) refers to printf8.o(i.__0sprintf$8) for __2sprintf
    main.o(.text) refers to encoding.o(.text) for utf8s_to_ucs2s
    main.o(.text) refers to ampm_gsm_sms.o(.text) for Ampm_Sms_SendMsg
    main.o(.text) refers to system_stm32f10x.o(.data) for SystemCoreClock
    main.o(.text) refers to main.o(.data) for ca_cert
    main.o(.text) refers to main.o(.bss) for replySmsBuf
    main.o(.text) refers to tcp_ip_task.o(.text) for vTcpIpTaskInit
    main.o(.text) refers to ampm_gsm_call.o(.bss) for incomingCall
    main.o(.text) refers to ampm_gsm_call.o(.data) for ampm_GotIncomingNumberFlag
    main.o(.text) refers to sys_arch.o(.text) for sys_init
    main.o(.text) refers to mem.o(.text) for mem_init
    main.o(.text) refers to memp.o(.text) for memp_init
    main.o(.text) refers to pbuf.o(.text) for pbuf_init
    main.o(.text) refers to tasks.o(.text) for xTaskGenericCreate
    main.o(.text) refers to ampm_gsm_ring.o(.text) for Ampm_SetRinging
    main.o(.text) refers to dtmf_app.o(.text) for DTMF_Task
    main.o(.data) refers to main.o(.conststring) for .conststring
    tcp_ip_task.o(.text) refers to sys_arch.o(.text) for sys_arch_mbox_fetch
[...]
    Ampm_SmsTask_Init                        0x0800984f   Thumb Code    34  ampm_gsm_sms.o(.text)
    Ampm_SmsTaskPeriodic_1Sec                0x08009871   Thumb Code   276  ampm_gsm_sms.o(.text)
    Ampm_SmsTask                             0x08009985   Thumb Code   266  ampm_gsm_sms.o(.text)
    Ampm_SmsCheckMessage_IsEmpty             0x08009a8f   Thumb Code    20  ampm_gsm_sms.o(.text)
    Ampm_SmsAddMsg                           0x08009aa3   Thumb Code    16  ampm_gsm_sms.o(.text)
    Ampm_Sms_SendMsg                         0x08009ab3   Thumb Code    88  ampm_gsm_sms.o(.text)
    Ampm_SMS_ReadMsg                         0x08009b0b   Thumb Code   304  ampm_gsm_sms.o(.text)
    Ampm_GetServiceCenterNumber              0x08009c3b   Thumb Code    84  ampm_gsm_sms.o(.text)
    Ampm_SMS_URC_Incomming                   0x08009c8f   Thumb Code   122  ampm_gsm_sms.o(.text)
    Ampm_SMS_Process                         0x08009d09   Thumb Code   208  ampm_gsm_sms.o(.text)
    Ampm_SendSmsPolling                      0x08009dd9   Thumb Code   118  ampm_gsm_sms.o(.text)
    AMPM_GSM_Startup_Init                    0x08009e65   Thumb Code    24  ampm_gsm_startup.o(.text)
    Ampm_GSM_GetSimCID                       0x08009e7d   Thumb Code    38  ampm_gsm_startup.o(.text)
    Ampm_GSM_GetIMEI                         0x08009ea3   Thumb Code    42  ampm_gsm_startup.o(.text)
    AMPM_GSM_Startup                         0x08009ecd   Thumb Code   850  ampm_gsm_startup.o(.text)
    Ampm_URC_CLIP_Process                    0x0800a2b5   Thumb Code    76  at_command_parser.o(.text)
    Ampm_URC_RING_Process                    0x0800a301   Thumb Code    14  at_command_parser.o(.text)
    AT_CmdProcessInit                        0x0800a30f   Thumb Code    18  at_command_parser.o(.text)
    AT_ComnandParser                         0x0800a321   Thumb Code    46  at_command_parser.o(.text)
    pdu_encode                               0x0800a581   Thumb Code   232  pdu.o(.text)
    pdu16_encode                             0x0800a669   Thumb Code   216  pdu.o(.text)
    pdu_decode                               0x0800a741   Thumb Code   308  pdu.o(.text)
    TPM3_DeInit                              0x0800a875   Thumb Code    30  dtmf_app.o(.text)
    TIM3_IRQHandler                          0x0800a893   Thumb Code    58  dtmf_app.o(.text)
    TPM3_Init                                0x0800a8cd   Thumb Code   130  dtmf_app.o(.text)
    DTMF_DeInit                              0x0800a94f   Thumb Code    14  dtmf_app.o(.text)
    DTMF_Init                                0x0800a95d   Thumb Code    28  dtmf_app.o(.text)
    DTMF_Task                                0x0800a979   Thumb Code    66  dtmf_app.o(.text)
    gmtime_r                                 0x0800a9f5   Thumb Code   366  m_time.o(.text)
    localtime_r                              0x0800ab63   Thumb Code    26  m_time.o(.text)
    mktime                                   0x0800ab7d   Thumb Code  1200  m_time.o(.text)
    TIME_GetSec                              0x0800b041   Thumb Code   128  sys_time.o(.text)
    SysTimeSetup                             0x0800b0c1   Thumb Code    42  sys_time.o(.text)
    UpdateRtcTime                            0x0800b0eb   Thumb Code    48  sys_time.o(.text)
    TIME_FromGsm                             0x0800b11b   Thumb Code   194  sys_time.o(.text)
    TIME_FromSec                             0x0800b1dd   Thumb Code    78  sys_time.o(.text)
    TIME_AddSec                              0x0800b22b   Thumb Code    40  sys_time.o(.text)
    GPIO_DeInit                              0x0800b269   Thumb Code   172  stm32f10x_gpio.o(.text)
    GPIO_AFIODeInit                          0x0800b315   Thumb Code    20  stm32f10x_gpio.o(.text)
    GPIO_Init                                0x0800b329   Thumb Code   274  stm32f10x_gpio.o(.text)
    GPIO_StructInit                          0x0800b43b   Thumb Code    16  stm32f10x_gpio.o(.text)
    GPIO_ReadInputDataBit                    0x0800b44b   Thumb Code    18  stm32f10x_gpio.o(.text)
    GPIO_ReadInputData                       0x0800b45d   Thumb Code     8  stm32f10x_gpio.o(.text)
    GPIO_ReadOutputDataBit                   0x0800b465   Thumb Code    18  stm32f10x_gpio.o(.text)
    GPIO_ReadOutputData                      0x0800b477   Thumb Code     8  stm32f10x_gpio.o(.text)
    GPIO_SetBits                             0x0800b47f   Thumb Code     4  stm32f10x_gpio.o(.text)
    GPIO_ResetBits                           0x0800b483   Thumb Code     4  stm32f10x_gpio.o(.text)
    GPIO_WriteBit                            0x0800b487   Thumb Code    10  stm32f10x_gpio.o(.text)
    GPIO_Write                               0x0800b491   Thumb Code     4  stm32f10x_gpio.o(.text)
    GPIO_PinLockConfig                       0x0800b495   Thumb Code    18  stm32f10x_gpio.o(.text)
    GPIO_EventOutputConfig                   0x0800b4a7   Thumb Code    26  stm32f10x_gpio.o(.text)
    GPIO_EventOutputCmd                      0x0800b4c1   Thumb Code     6  stm32f10x_gpio.o(.text)
    GPIO_PinRemapConfig                      0x0800b4c7   Thumb Code   138  stm32f10x_gpio.o(.text)
    GPIO_EXTILineConfig                      0x0800b551   Thumb Code    66  stm32f10x_gpio.o(.text)
    GPIO_ETH_MediaInterfaceConfig            0x0800b593   Thumb Code     6  stm32f10x_gpio.o(.text)
    RCC_DeInit                               0x0800b5c1   Thumb Code    64  stm32f10x_rcc.o(.text)
    RCC_HSEConfig                            0x0800b601   Thumb Code    70  stm32f10x_rcc.o(.text)
    RCC_GetFlagStatus                        0x0800b647   Thumb Code    56  stm32f10x_rcc.o(.text)
    RCC_WaitForHSEStartUp                    0x0800b67f   Thumb Code    56  stm32f10x_rcc.o(.text)
    RCC_AdjustHSICalibrationValue            0x0800b6b7   Thumb Code    20  stm32f10x_rcc.o(.text)
    RCC_HSICmd                               0x0800b6cb   Thumb Code     6  stm32f10x_rcc.o(.text)
    RCC_PLLConfig                            0x0800b6d1   Thumb Code    24  stm32f10x_rcc.o(.text)
    RCC_PLLCmd                               0x0800b6e9   Thumb Code     6  stm32f10x_rcc.o(.text)
    RCC_SYSCLKConfig                         0x0800b6ef   Thumb Code    18  stm32f10x_rcc.o(.text)
    RCC_GetSYSCLKSource                      0x0800b701   Thumb Code    10  stm32f10x_rcc.o(.text)
    RCC_HCLKConfig                           0x0800b70b   Thumb Code    18  stm32f10x_rcc.o(.text)
    RCC_PCLK1Config                          0x0800b71d   Thumb Code    18  stm32f10x_rcc.o(.text)
    RCC_PCLK2Config                          0x0800b72f   Thumb Code    20  stm32f10x_rcc.o(.text)
    RCC_ITConfig                             0x0800b743   Thumb Code    26  stm32f10x_rcc.o(.text)
    RCC_USBCLKConfig                         0x0800b75d   Thumb Code     6  stm32f10x_rcc.o(.text)
    RCC_ADCCLKConfig                         0x0800b763   Thumb Code    18  stm32f10x_rcc.o(.text)
    RCC_LSEConfig                            0x0800b775   Thumb Code    44  stm32f10x_rcc.o(.text)
    RCC_LSICmd                               0x0800b7a1   Thumb Code     6  stm32f10x_rcc.o(.text)
    RCC_RTCCLKConfig                         0x0800b7a7   Thumb Code    12  stm32f10x_rcc.o(.text)
    RCC_RTCCLKCmd                            0x0800b7b3   Thumb Code     8  stm32f10x_rcc.o(.text)
    RCC_GetClocksFreq                        0x0800b7bb   Thumb Code   192  stm32f10x_rcc.o(.text)
    RCC_AHBPeriphClockCmd                    0x0800b87b   Thumb Code    26  stm32f10x_rcc.o(.text)
    RCC_APB2PeriphClockCmd                   0x0800b895   Thumb Code    26  stm32f10x_rcc.o(.text)
    RCC_APB1PeriphClockCmd                   0x0800b8af   Thumb Code    26  stm32f10x_rcc.o(.text)
    RCC_APB2PeriphResetCmd                   0x0800b8c9   Thumb Code    26  stm32f10x_rcc.o(.text)
    RCC_APB1PeriphResetCmd                   0x0800b8e3   Thumb Code    26  stm32f10x_rcc.o(.text)
    RCC_BackupResetCmd                       0x0800b8fd   Thumb Code     8  stm32f10x_rcc.o(.text)
    RCC_ClockSecuritySystemCmd               0x0800b905   Thumb Code     6  stm32f10x_rcc.o(.text)
    RCC_MCOConfig                            0x0800b90b   Thumb Code     6  stm32f10x_rcc.o(.text)
    RCC_ClearFlag                            0x0800b911   Thumb Code    14  stm32f10x_rcc.o(.text)
    RCC_GetITStatus                          0x0800b91f   Thumb Code    20  stm32f10x_rcc.o(.text)
    RCC_ClearITPendingBit                    0x0800b933   Thumb Code     6  stm32f10x_rcc.o(.text)
    USART1_Init                              0x0800b965   Thumb Code   374  uart1.o(.text)
    USART1_DeInit                            0x0800badb   Thumb Code    26  uart1.o(.text)
    USART1_PutChar                           0x0800baf5   Thumb Code   104  uart1.o(.text)
    USART1_PutString                         0x0800bb5d   Thumb Code    22  uart1.o(.text)
    USART1_GetChar                           0x0800bb73   Thumb Code    24  uart1.o(.text)
    USART1_IRQHandler                        0x0800bb8b   Thumb Code   222  uart1.o(.text)
    RTC_IRQHandler                           0x0800bc91   Thumb Code    34  rtc.o(.text)
    RTC_ExitConfigMode                       0x0800bcb3   Thumb Code    16  rtc.o(.text)
    RTC_EnterConfigMode                      0x0800bcc3   Thumb Code    14  rtc.o(.text)
    RTC_SetAlarm                             0x0800bcd1   Thumb Code    26  rtc.o(.text)
    RTC_GetCounter                           0x0800bceb   Thumb Code    18  rtc.o(.text)
    RTC_SetCounter                           0x0800bcfd   Thumb Code    40  rtc.o(.text)
    RTCAlarm_IRQHandler                      0x0800bd25   Thumb Code   138  rtc.o(.text)
    RTC_SanityCheck                          0x0800bdaf   Thumb Code    52  rtc.o(.text)
    RTC_Init                                 0x0800bde3   Thumb Code   192  rtc.o(.text)
    RTC_SetCounterX                          0x0800bea3   Thumb Code    26  rtc.o(.text)
    ADC_DeInit                               0x0800bef1   Thumb Code    78  stm32f10x_adc.o(.text)
    ADC_Init                                 0x0800bf3f   Thumb Code    70  stm32f10x_adc.o(.text)
    ADC_StructInit                           0x0800bf85   Thumb Code    18  stm32f10x_adc.o(.text)
    ADC_Cmd                                  0x0800bf97   Thumb Code    22  stm32f10x_adc.o(.text)
    ADC_DMACmd                               0x0800bfad   Thumb Code    22  stm32f10x_adc.o(.text)
    ADC_ITConfig                             0x0800bfc3   Thumb Code    24  stm32f10x_adc.o(.text)
    ADC_ResetCalibration                     0x0800bfdb   Thumb Code    10  stm32f10x_adc.o(.text)
    ADC_GetResetCalibrationStatus            0x0800bfe5   Thumb Code    20  stm32f10x_adc.o(.text)
    ADC_StartCalibration                     0x0800bff9   Thumb Code    10  stm32f10x_adc.o(.text)
    ADC_GetCalibrationStatus                 0x0800c003   Thumb Code    20  stm32f10x_adc.o(.text)
    ADC_SoftwareStartConvCmd                 0x0800c017   Thumb Code    22  stm32f10x_adc.o(.text)
    ADC_GetSoftwareStartConvStatus           0x0800c02d   Thumb Code    20  stm32f10x_adc.o(.text)
    ADC_DiscModeChannelCountConfig           0x0800c041   Thumb Code    24  stm32f10x_adc.o(.text)
    ADC_DiscModeCmd                          0x0800c059   Thumb Code    22  stm32f10x_adc.o(.text)
    ADC_RegularChannelConfig                 0x0800c06f   Thumb Code   184  stm32f10x_adc.o(.text)
    ADC_ExternalTrigConvCmd                  0x0800c127   Thumb Code    22  stm32f10x_adc.o(.text)
    ADC_GetConversionValue                   0x0800c13d   Thumb Code     8  stm32f10x_adc.o(.text)
    ADC_GetDualModeConversionValue           0x0800c145   Thumb Code     8  stm32f10x_adc.o(.text)
    ADC_AutoInjectedConvCmd                  0x0800c14d   Thumb Code    22  stm32f10x_adc.o(.text)
    ADC_InjectedDiscModeCmd                  0x0800c163   Thumb Code    22  stm32f10x_adc.o(.text)
    ADC_ExternalTrigInjectedConvConfig       0x0800c179   Thumb Code    16  stm32f10x_adc.o(.text)
    ADC_ExternalTrigInjectedConvCmd          0x0800c189   Thumb Code    22  stm32f10x_adc.o(.text)
    ADC_SoftwareStartInjectedConvCmd         0x0800c19f   Thumb Code    22  stm32f10x_adc.o(.text)
    ADC_GetSoftwareStartInjectedConvCmdStatus 0x0800c1b5   Thumb Code    20  stm32f10x_adc.o(.text)
    ADC_InjectedChannelConfig                0x0800c1c9   Thumb Code   130  stm32f10x_adc.o(.text)
    ADC_InjectedSequencerLengthConfig        0x0800c24b   Thumb Code    24  stm32f10x_adc.o(.text)
    ADC_SetInjectedOffset                    0x0800c263   Thumb Code    20  stm32f10x_adc.o(.text)
    ADC_GetInjectedConversionValue           0x0800c277   Thumb Code    28  stm32f10x_adc.o(.text)
    ADC_AnalogWatchdogCmd                    0x0800c293   Thumb Code    16  stm32f10x_adc.o(.text)
    ADC_AnalogWatchdogThresholdsConfig       0x0800c2a3   Thumb Code     6  stm32f10x_adc.o(.text)
    ADC_AnalogWatchdogSingleChannelConfig    0x0800c2a9   Thumb Code    16  stm32f10x_adc.o(.text)
    ADC_TempSensorVrefintCmd                 0x0800c2b9   Thumb Code    64  stm32f10x_adc.o(.text)
    ADC_GetFlagStatus                        0x0800c2f9   Thumb Code    18  stm32f10x_adc.o(.text)
    ADC_ClearFlag                            0x0800c30b   Thumb Code     6  stm32f10x_adc.o(.text)
    ADC_GetITStatus                          0x0800c311   Thumb Code    36  stm32f10x_adc.o(.text)
    ADC_ClearITPendingBit                    0x0800c335   Thumb Code    10  stm32f10x_adc.o(.text)
    DMA_DeInit                               0x0800c341   Thumb Code   324  stm32f10x_dma.o(.text)
    DMA_Init                                 0x0800c485   Thumb Code    60  stm32f10x_dma.o(.text)
    DMA_StructInit                           0x0800c4c1   Thumb Code    26  stm32f10x_dma.o(.text)
    DMA_Cmd                                  0x0800c4db   Thumb Code    24  stm32f10x_dma.o(.text)
    DMA_ITConfig                             0x0800c4f3   Thumb Code    18  stm32f10x_dma.o(.text)
    DMA_SetCurrDataCounter                   0x0800c505   Thumb Code     4  stm32f10x_dma.o(.text)
    DMA_GetCurrDataCounter                   0x0800c509   Thumb Code     8  stm32f10x_dma.o(.text)
    DMA_GetFlagStatus                        0x0800c511   Thumb Code    38  stm32f10x_dma.o(.text)
    DMA_ClearFlag                            0x0800c537   Thumb Code    22  stm32f10x_dma.o(.text)
    DMA_GetITStatus                          0x0800c54d   Thumb Code    38  stm32f10x_dma.o(.text)
    DMA_ClearITPendingBit                    0x0800c573   Thumb Code    22  stm32f10x_dma.o(.text)
    USART3_Init                              0x0800c591   Thumb Code   338  uart3.o(.text)
    USART3_DeInit                            0x0800c6e3   Thumb Code    26  uart3.o(.text)
    USART3_PutChar                           0x0800c6fd   Thumb Code    74  uart3.o(.text)
    USART3_PutString                         0x0800c747   Thumb Code    22  uart3.o(.text)
    USART3_GetChar                           0x0800c75d   Thumb Code    24  uart3.o(.text)
    USART3_IRQHandler                        0x0800c775   Thumb Code   284  uart3.o(.text)
    SPI_InitLowFreq                          0x0800c8c1   Thumb Code   246  spi.o(.text)
    SPI_InitHighFreq                         0x0800c9b7   Thumb Code   214  spi.o(.text)
    SPI_DeInit                               0x0800ca8d   Thumb Code    36  spi.o(.text)
    halSpiWriteByte                          0x0800cab1   Thumb Code    32  spi.o(.text)
    halSpiWriteMutilByte                     0x0800cad1   Thumb Code    92  spi.o(.text)
    halSpiReadMutilByte                      0x0800cb2d   Thumb Code    92  spi.o(.text)
    SystemInit                               0x0800cc7d   Thumb Code    78  system_stm32f10x.o(.text)
    SystemCoreClockUpdate                    0x0800cccb   Thumb Code   142  system_stm32f10x.o(.text)
    Reset_Handler                            0x0800cd7d   Thumb Code     4  startup_stm32f10x_md.o(.text)
    NMI_Handler                              0x0800cd81   Thumb Code     2  startup_stm32f10x_md.o(.text)
    MemManage_Handler                        0x0800cd85   Thumb Code     2  startup_stm32f10x_md.o(.text)
    BusFault_Handler                         0x0800cd87   Thumb Code     2  startup_stm32f10x_md.o(.text)
    UsageFault_Handler                       0x0800cd89   Thumb Code     2  startup_stm32f10x_md.o(.text)
    SVC_Handler                              0x0800cd8b   Thumb Code     2  startup_stm32f10x_md.o(.text)
    DebugMon_Handler                         0x0800cd8d   Thumb Code     2  startup_stm32f10x_md.o(.text)
    PendSV_Handler                           0x0800cd8f   Thumb Code     2  startup_stm32f10x_md.o(.text)
    ADC1_2_IRQHandler                        0x0800cd93   Thumb Code     0  startup_stm32f10x_md.o(.text)
    CAN1_RX1_IRQHandler                      0x0800cd93   Thumb Code     0  startup_stm32f10x_md.o(.text)
    CAN1_SCE_IRQHandler                      0x0800cd93   Thumb Code     0  startup_stm32f10x_md.o(.text)
    DMA1_Channel1_IRQHandler                 0x0800cd93   Thumb Code     0  startup_stm32f10x_md.o(.text)
    DMA1_Channel2_IRQHandler                 0x0800cd93   Thumb Code     0  startup_stm32f10x_md.o(.text)
    DMA1_Channel3_IRQHandler                 0x0800cd93   Thumb Code     0  startup_stm32f10x_md.o(.text)
    DMA1_Channel4_IRQHandler                 0x0800cd93   Thumb Code     0  startup_stm32f10x_md.o(.text)
    DMA1_Channel5_IRQHandler                 0x0800cd93   Thumb Code     0  startup_stm32f10x_md.o(.text)
    DMA1_Channel6_IRQHandler                 0x0800cd93   Thumb Code     0  startup_stm32f10x_md.o(.text)
    DMA1_Channel7_IRQHandler                 0x0800cd93   Thumb Code     0  startup_stm32f10x_md.o(.text)
    EXTI0_IRQHandler                         0x0800cd93   Thumb Code     0  startup_stm32f10x_md.o(.text)
    EXTI15_10_IRQHandler                     0x0800cd93   Thumb Code     0  startup_stm32f10x_md.o(.text)
    EXTI1_IRQHandler                         0x0800cd93   Thumb Code     0  startup_stm32f10x_md.o(.text)
    EXTI2_IRQHandler                         0x0800cd93   Thumb Code     0  startup_stm32f10x_md.o(.text)
    EXTI3_IRQHandler                         0x0800cd93   Thumb Code     0  startup_stm32f10x_md.o(.text)
    EXTI4_IRQHandler                         0x0800cd93   Thumb Code     0  startup_stm32f10x_md.o(.text)
    FLASH_IRQHandler                         0x0800cd93   Thumb Code     0  startup_stm32f10x_md.o(.text)
    I2C1_ER_IRQHandler                       0x0800cd93   Thumb Code     0  startup_stm32f10x_md.o(.text)
    I2C1_EV_IRQHandler                       0x0800cd93   Thumb Code     0  startup_stm32f10x_md.o(.text)
    I2C2_ER_IRQHandler                       0x0800cd93   Thumb Code     0  startup_stm32f10x_md.o(.text)
    I2C2_EV_IRQHandler                       0x0800cd93   Thumb Code     0  startup_stm32f10x_md.o(.text)
    PVD_IRQHandler                           0x0800cd93   Thumb Code     0  startup_stm32f10x_md.o(.text)
    RCC_IRQHandler                           0x0800cd93   Thumb Code     0  startup_stm32f10x_md.o(.text)
    SPI1_IRQHandler                          0x0800cd93   Thumb Code     0  startup_stm32f10x_md.o(.text)
    SPI2_IRQHandler                          0x0800cd93   Thumb Code     0  startup_stm32f10x_md.o(.text)
    TAMPER_IRQHandler                        0x0800cd93   Thumb Code     0  startup_stm32f10x_md.o(.text)
    TIM1_BRK_IRQHandler                      0x0800cd93   Thumb Code     0  startup_stm32f10x_md.o(.text)
    TIM1_CC_IRQHandler                       0x0800cd93   Thumb Code     0  startup_stm32f10x_md.o(.text)
    TIM1_TRG_COM_IRQHandler                  0x0800cd93   Thumb Code     0  startup_stm32f10x_md.o(.text)
    TIM1_UP_IRQHandler                       0x0800cd93   Thumb Code     0  startup_stm32f10x_md.o(.text)
    TIM4_IRQHandler                          0x0800cd93   Thumb Code     0  startup_stm32f10x_md.o(.text)
    USART2_IRQHandler                        0x0800cd93   Thumb Code     0  startup_stm32f10x_md.o(.text)
    USBWakeUp_IRQHandler                     0x0800cd93   Thumb Code     0  startup_stm32f10x_md.o(.text)
    USB_HP_CAN1_TX_IRQHandler                0x0800cd93   Thumb Code     0  startup_stm32f10x_md.o(.text)
    USB_LP_CAN1_RX0_IRQHandler               0x0800cd93   Thumb Code     0  startup_stm32f10x_md.o(.text)
    WWDG_IRQHandler                          0x0800cd93   Thumb Code     0  startup_stm32f10x_md.o(.text)
    SST25_Init                               0x0800cd99   Thumb Code    12  sst25.o(.text)
    SST25_Erase                              0x0800ce4f   Thumb Code   252  sst25.o(.text)
    __SST25_Write                            0x0800cf4b   Thumb Code   208  sst25.o(.text)
    _SST25_Write                             0x0800d01b   Thumb Code    94  sst25.o(.text)
    _SST25_Read                              0x0800d079   Thumb Code   150  sst25.o(.text)
    SST25_Write                              0x0800d10f   Thumb Code   250  sst25.o(.text)
    SST25_Read                               0x0800d209   Thumb Code   114  sst25.o(.text)
    _ampm_f_file_format_check                0x0800d39f   Thumb Code   116  ampm_ff.o(.text)
    ampm_flash_read                          0x0800d413   Thumb Code    28  ampm_ff.o(.text)
    ampm_f_file_format_check                 0x0800d42f   Thumb Code    46  ampm_ff.o(.text)
    ampm_f_disk_cleanup                      0x0800d45d   Thumb Code   116  ampm_ff.o(.text)
    ampm_f_init                              0x0800d4d1   Thumb Code    20  ampm_ff.o(.text)
    ampm_flash_write                         0x0800d4e5   Thumb Code    28  ampm_ff.o(.text)
    ampm_f_disk_format                       0x0800d501   Thumb Code    28  ampm_ff.o(.text)
    ampm_f_open                              0x0800d51d   Thumb Code   268  ampm_ff.o(.text)
    ampm_f_find_free_sector                  0x0800d629   Thumb Code   110  ampm_ff.o(.text)
    ampm_f_getfree                           0x0800d697   Thumb Code    50  ampm_ff.o(.text)
    ampm_f_searchfile                        0x0800d6c9   Thumb Code    76  ampm_ff.o(.text)
    ampm_f_unlink                            0x0800d715   Thumb Code    86  ampm_ff.o(.text)
    ampm_f_close                             0x0800d76b   Thumb Code   226  ampm_ff.o(.text)
    ampm_f_lseek                             0x0800d84d   Thumb Code    84  ampm_ff.o(.text)
    ampm_f_next_sector                       0x0800d8a1   Thumb Code    58  ampm_ff.o(.text)
    ampm_f_read                              0x0800d8db   Thumb Code   234  ampm_ff.o(.text)
    ampm_f_write                             0x0800d9c5   Thumb Code   328  ampm_ff.o(.text)
    ampm_f_printf                            0x0800db0d   Thumb Code    88  ampm_ff.o(.text)
    InitFindData                             0x0800db71   Thumb Code    24  data_cmp.o(.text)
    FindData                                 0x0800db89   Thumb Code    60  data_cmp.o(.text)
    RINGBUF_Init                             0x0800dbc5   Thumb Code    30  ringbuf.o(.text)
    RINGBUF_Put                              0x0800dbe3   Thumb Code    42  ringbuf.o(.text)
    RINGBUF_Get                              0x0800dc0d   Thumb Code    46  ringbuf.o(.text)
    RINGBUF_GetFill                          0x0800dc3b   Thumb Code    30  ringbuf.o(.text)
    Ampm_CmdAddToList                        0x0800dc59   Thumb Code    16  sparser.o(.text)
    Ampm_CmdResetList                        0x0800dc69   Thumb Code    12  sparser.o(.text)
    Ampm_CmdCheckList_IsEmpty                0x0800dc75   Thumb Code    14  sparser.o(.text)
    Ampm_CmdCheck_IsEmpty                    0x0800dc83   Thumb Code    14  sparser.o(.text)
    Ampm_CmdTask_IsIdle                      0x0800dc91   Thumb Code    22  sparser.o(.text)
    Ampm_SendCmd                             0x0800dca7   Thumb Code    52  sparser.o(.text)
    Ampm_SendCmdNow                          0x0800dcdb   Thumb Code    38  sparser.o(.text)
    Ampm_Cmd_Task                            0x0800dd01   Thumb Code   332  sparser.o(.text)
    StrParserInit                            0x0800de4d   Thumb Code    44  sparser.o(.text)
    StrParserCtl                             0x0800de79   Thumb Code    50  sparser.o(.text)
    StrComnandParser                         0x0800deab   Thumb Code   232  sparser.o(.text)
    SysTick_Init                             0x0800df99   Thumb Code     2  sys_tick.o(.text)
    SysTick_DeInit                           0x0800df9b   Thumb Code     2  sys_tick.o(.text)
    SysTick_Task                             0x0800df9d   Thumb Code    58  sys_tick.o(.text)
    SysTick_Get                              0x0800dfd7   Thumb Code     6  sys_tick.o(.text)
    SysTick_Get64                            0x0800dfdd   Thumb Code     8  sys_tick.o(.text)
    SysTick_DelayMs                          0x0800dfe5   Thumb Code    24  sys_tick.o(.text)
    InitTimeout                              0x0800dffd   Thumb Code    22  sys_tick.o(.text)
    CheckTimeout                             0x0800e013   Thumb Code    70  sys_tick.o(.text)
    TimerDelayms                             0x0800e059   Thumb Code    48  sys_tick.o(.text)
    unilen                                   0x0800e095   Thumb Code    32  encoding.o(.text)
    big2litel_endian                         0x0800e0b5   Thumb Code    36  encoding.o(.text)
    utf8_to_ucs2                             0x0800e0d9   Thumb Code   126  encoding.o(.text)
    utf8s_to_ucs2s                           0x0800e157   Thumb Code    54  encoding.o(.text)
    ucs2_to_utf8                             0x0800e18d   Thumb Code   182  encoding.o(.text)
    uni_srtsrt                               0x0800e243   Thumb Code    48  encoding.o(.text)
    list_init                                0x0800e279   Thumb Code     6  ampm_list.o(.text)
    list_head                                0x0800e27f   Thumb Code     6  ampm_list.o(.text)
    list_copy                                0x0800e285   Thumb Code     6  ampm_list.o(.text)
    list_tail                                0x0800e28b   Thumb Code    26  ampm_list.o(.text)
    list_remove                              0x0800e2a5   Thumb Code    52  ampm_list.o(.text)
    list_add                                 0x0800e2d9   Thumb Code    36  ampm_list.o(.text)
    list_push                                0x0800e2fd   Thumb Code    22  ampm_list.o(.text)
    list_chop                                0x0800e313   Thumb Code    48  ampm_list.o(.text)
    list_pop                                 0x0800e343   Thumb Code    16  ampm_list.o(.text)
    list_length                              0x0800e353   Thumb Code    18  ampm_list.o(.text)
    list_insert                              0x0800e365   Thumb Code    28  ampm_list.o(.text)
    list_item_next                           0x0800e381   Thumb Code    12  ampm_list.o(.text)
    ampm_f_putc                              0x0800e38d   Thumb Code    18  ampm_sprintf.o(.text)
    ampm_f_puts                              0x0800e39f   Thumb Code    40  ampm_sprintf.o(.text)
    ampm_vsprintf                            0x0800e3c7   Thumb Code   686  ampm_sprintf.o(.text)
    ampm_sprintf                             0x0800e675   Thumb Code    34  ampm_sprintf.o(.text)
    DTMF_Detect                              0x0800e9c3   Thumb Code   108  dtmf.o(.text)
    __aeabi_llsl                             0x0800ea49   Thumb Code    30  llshl.o(.text)
    _ll_shift_l                              0x0800ea49   Thumb Code     0  llshl.o(.text)
    __aeabi_llsr                             0x0800ea67   Thumb Code    32  llushr.o(.text)
    _ll_ushift_r                             0x0800ea67   Thumb Code     0  llushr.o(.text)
    rand                                     0x0800ea89   Thumb Code    20  rand.o(.text)
    srand                                    0x0800ea9d   Thumb Code     6  rand.o(.text)
    ___aeabi_memcpy8$move                    0x0800eaad   Thumb Code     0  memmovea.o(.text)
    __aeabi_memcpy                           0x0800eaad   Thumb Code    64  memmovea.o(.text)
    __aeabi_memcpy4                          0x0800eaad   Thumb Code     0  memmovea.o(.text)
    __aeabi_memmove                          0x0800eaad   Thumb Code     0  memmovea.o(.text)
    __aeabi_memmove4                         0x0800eaad   Thumb Code     0  memmovea.o(.text)
    __aeabi_memmove8                         0x0800eaad   Thumb Code     0  memmovea.o(.text)
    __aeabi_memset                           0x0800eaed   Thumb Code    14  memseta.o(.text)
    __aeabi_memset4                          0x0800eaed   Thumb Code     0  memseta.o(.text)
    __aeabi_memset8                          0x0800eaed   Thumb Code     0  memseta.o(.text)
    __aeabi_memclr                           0x0800eafb   Thumb Code     4  memseta.o(.text)
    __aeabi_memclr4                          0x0800eafb   Thumb Code     0  memseta.o(.text)
    __aeabi_memclr8                          0x0800eafb   Thumb Code     0  memseta.o(.text)
    _memset$wrapper                          0x0800eaff   Thumb Code    18  memseta.o(.text)
    strstr                                   0x0800eb11   Thumb Code    36  strstr.o(.text)
    strncpy                                  0x0800eb35   Thumb Code    24  strncpy.o(.text)
    strlen                                   0x0800eb4d   Thumb Code    14  strlen.o(.text)
    strcmp                                   0x0800eb5b   Thumb Code    28  strcmp.o(.text)
    memcmp                                   0x0800eb77   Thumb Code    26  memcmp.o(.text)
    strcpy                                   0x0800eb91   Thumb Code    18  strcpy.o(.text)
    __0sscanf                                0x0800eba5   Thumb Code    48  __0sscanf.o(.text)
    _scanf_int                               0x0800ebdd   Thumb Code   336  _scanf_int.o(.text)
    _scanf_string                            0x0800ed2d   Thumb Code   218  _scanf_str.o(.text)
    _scanf_real                              0x0800ef09   Thumb Code     0  scanf_fp.o(.text)
    _scanf_really_real                       0x0800ef09   Thumb Code   560  scanf_fp.o(.text)
    __aeabi_dadd                             0x0800f145   Thumb Code   322  dadd.o(.text)
    __aeabi_dsub                             0x0800f287   Thumb Code     6  dadd.o(.text)
    __aeabi_drsub                            0x0800f28d   Thumb Code     6  dadd.o(.text)
    __aeabi_dmul                             0x0800f293   Thumb Code   228  dmul.o(.text)
    __aeabi_ui2f                             0x0800f377   Thumb Code    10  ffltui.o(.text)
    __aeabi_f2uiz                            0x0800f381   Thumb Code    40  ffixui.o(.text)
    __aeabi_cfcmpeq                          0x0800f3a9   Thumb Code     0  cfcmple.o(.text)
    __aeabi_cfcmple                          0x0800f3a9   Thumb Code    20  cfcmple.o(.text)
    __aeabi_uidiv                            0x0800f3bd   Thumb Code     0  uidiv.o(.text)
    __aeabi_uidivmod                         0x0800f3bd   Thumb Code    44  uidiv.o(.text)
    __aeabi_uldivmod                         0x0800f3e9   Thumb Code    98  uldiv.o(.text)
    __aeabi_lasr                             0x0800f44b   Thumb Code    36  llsshr.o(.text)
    _ll_sshift_r                             0x0800f44b   Thumb Code     0  llsshr.o(.text)
    _chval                                   0x0800f46f   Thumb Code    28  _chval.o(.text)
    __vfscanf_char                           0x0800f499   Thumb Code    20  scanf_char.o(.text)
    _sgetc                                   0x0800f4b5   Thumb Code    30  _sgetc.o(.text)
    _sbackspace                              0x0800f4d3   Thumb Code    34  _sgetc.o(.text)
    __I$use$fp                               0x0800f4f5   Thumb Code     0  iusefp.o(.text)
    _float_round                             0x0800f4f5   Thumb Code    18  fepilogue.o(.text)
    _float_epilogue                          0x0800f507   Thumb Code    90  fepilogue.o(.text)
    _double_round                            0x0800f561   Thumb Code    26  depilogue.o(.text)
    _double_epilogue                         0x0800f57b   Thumb Code   164  depilogue.o(.text)
    __aeabi_ddiv                             0x0800f61f   Thumb Code   222  ddiv.o(.text)
    __aeabi_ul2d                             0x0800f6fd   Thumb Code    24  dfltul.o(.text)
    __aeabi_d2ulz                            0x0800f715   Thumb Code    48  dfixul.o(.text)
    __aeabi_cdrcmple                         0x0800f745   Thumb Code    38  cdrcmple.o(.text)
    __aeabi_d2f                              0x0800f76d   Thumb Code    56  d2f.o(.text)
    __scatterload                            0x0800f7a5   Thumb Code    28  init.o(.text)
    __scatterload_rt2                        0x0800f7a5   Thumb Code     0  init.o(.text)
    isspace                                  0x0800f7c9   Thumb Code    10  isspace_c.o(.text)
    __vfscanf                                0x0800f7d5   Thumb Code   806  _scanf.o(.text)
    __ctype_lookup                           0x0800fb01   Thumb Code    34  ctype_c.o(.text)
    __decompress                             0x0800fb29   Thumb Code     0  __dczerorl2.o(.text)
    __decompress1                            0x0800fb29   Thumb Code    92  __dczerorl2.o(.text)
    __0sprintf$8                             0x0800fb85   Thumb Code    34  printf8.o(i.__0sprintf$8)
    __1sprintf$8                             0x0800fb85   Thumb Code     0  printf8.o(i.__0sprintf$8)
    __2sprintf                               0x0800fb85   Thumb Code     0  printf8.o(i.__0sprintf$8)
    __0vsprintf                              0x0800fbad   Thumb Code    30  printfa.o(i.__0vsprintf)
    __1vsprintf                              0x0800fbad   Thumb Code     0  printfa.o(i.__0vsprintf)
    __2vsprintf                              0x0800fbad   Thumb Code     0  printfa.o(i.__0vsprintf)
    __c89vsprintf                            0x0800fbad   Thumb Code     0  printfa.o(i.__0vsprintf)
    vsprintf                                 0x0800fbad   Thumb Code     0  printfa.o(i.__0vsprintf)
    __scatterload_copy                       0x0800fbd1   Thumb Code    14  handlers.o(i.__scatterload_copy)
    __scatterload_null                       0x0800fbdf   Thumb Code     2  handlers.o(i.__scatterload_null)
    __scatterload_zeroinit                   0x0800fbe1   Thumb Code    14  handlers.o(i.__scatterload_zeroinit)
    _is_digit                                0x0800fd4d   Thumb Code    14  scanf_fp.o(i._is_digit)
    ampm_AtGsmCmdStartBGS2_W                 0x08010914   Data         522  ampm_gsm_main_task.o(.constdata)
    ampm_AtGsmCmdStartBGS2_E                 0x08010b1e   Data         459  ampm_gsm_main_task.o(.constdata)
    ampm_AtGsmCmdStartBG2_E                  0x08010ce9   Data         443  ampm_gsm_main_task.o(.constdata)
    ampm_AtGsmCmdStartM95                    0x08010ea4   Data         373  ampm_gsm_main_task.o(.constdata)
    ampm_AtGsmCmdStartUbloxG100              0x08011019   Data         376  ampm_gsm_main_task.o(.constdata)
    ampmAtCmd_AT_CFUN_1                      0x08011194   Data          24  ampm_gsm_main_task.o(.constdata)
    ampmAtCmd_AT_CFUN_9                      0x080111ac   Data          24  ampm_gsm_main_task.o(.constdata)
    ampmMainCmdProcess_CHLD                  0x080111c4   Data          28  ampm_gsm_main_task.o(.constdata)
    ampmMainCmdProcess_End                   0x080111e0   Data          28  ampm_gsm_main_task.o(.constdata)
    ampmMainCmdProcess_AT_CFUN_1             0x080111fc   Data          28  ampm_gsm_main_task.o(.constdata)
    ampmMainCmdProcess_AT_CFUN_9             0x08011218   Data          28  ampm_gsm_main_task.o(.constdata)
    ampmMainCmdProcess_ATH                   0x08011234   Data          28  ampm_gsm_main_task.o(.constdata)
    ampmMainCmdProcess_AT                    0x08011250   Data          28  ampm_gsm_main_task.o(.constdata)
    uip_broadcast_addr                       0x08011288   Data           4  uip.o(.constdata)
    uip_all_zeroes_addr                      0x0801128c   Data           4  uip.o(.constdata)
    fcstab                                   0x08011290   Data         512  fcs.o(.constdata)
    ampmAtCmd_ATA                            0x08011490   Data          24  ampm_gsm_call.o(.constdata)
    ampmAtCmd_AT_CLVL                        0x080114a8   Data          24  ampm_gsm_call.o(.constdata)
    ampmAtCmd_ATM                            0x080114c0   Data          24  ampm_gsm_call.o(.constdata)
    ampmAtCmd_ATL                            0x080114d8   Data          24  ampm_gsm_call.o(.constdata)
    callDial                                 0x080114f0   Data          24  ampm_gsm_call.o(.constdata)
    ampmAtCmd_AT_CLCC                        0x08011508   Data          24  ampm_gsm_call.o(.constdata)
    ampmAtCmd_AT_CEER                        0x08011520   Data          24  ampm_gsm_call.o(.constdata)
    ampmAtCmd_AT_CHLD_1X                     0x08011538   Data          24  ampm_gsm_call.o(.constdata)
    voiceCallSendCmdProcess_end              0x08011550   Data          28  ampm_gsm_call.o(.constdata)
    voiceCallSendCmdProcess_AT_CHLD_1X       0x0801156c   Data          28  ampm_gsm_call.o(.constdata)
    voiceCallSendCmdProcess_AT_CHLD          0x08011588   Data          28  ampm_gsm_call.o(.constdata)
    voiceCallSendCmdProcess_ATH              0x080115a4   Data          28  ampm_gsm_call.o(.constdata)
    voiceCallSendCmdProcess_AT_CEER          0x080115c0   Data          28  ampm_gsm_call.o(.constdata)
    voiceCallSendCmdProcess_AT_CLCC          0x080115dc   Data          28  ampm_gsm_call.o(.constdata)
    voiceCallSendCmdProcess_ATD              0x080115f8   Data          28  ampm_gsm_call.o(.constdata)
    voiceCallSendCmdProcess_ATM              0x08011614   Data          28  ampm_gsm_call.o(.constdata)
    voiceCallSendCmdProcess_CLVL             0x08011630   Data          28  ampm_gsm_call.o(.constdata)
    voiceCallSendCmdProcess_ATL              0x0801164c   Data          28  ampm_gsm_call.o(.constdata)
    voiceCallSendCmdProcess_Start            0x08011668   Data          28  ampm_gsm_call.o(.constdata)
    voiceCallSendCmdProcess_ATA              0x08011684   Data          28  ampm_gsm_call.o(.constdata)
    ampmAtCmd_AT                             0x080116a0   Data          24  ampm_gsm_common.o(.constdata)
    ampmAtCmd_AT_CHLD                        0x080116b8   Data          24  ampm_gsm_common.o(.constdata)
    ampmAtCmd_ATH                            0x080116d0   Data          24  ampm_gsm_common.o(.constdata)
    ampmAtCmd_AT_CSQ                         0x080116e8   Data          24  ampm_gsm_common.o(.constdata)
    ampmAtCmd_AT_CLIP                        0x08011700   Data          24  ampm_gsm_common.o(.constdata)
    ampmAtCmd_AT_CMGF_1                      0x08011718   Data          24  ampm_gsm_common.o(.constdata)
    ampmAtCmd_AT_CMGF_0                      0x08011730   Data          24  ampm_gsm_common.o(.constdata)
    ampmAtCmd_AT_CMGL                        0x08011748   Data          24  ampm_gsm_common.o(.constdata)
    ampmAtCmd_AT_CGACT                       0x08011760   Data          24  ampm_gsm_common.o(.constdata)
    ampmAtCmd_AT_DIALUP                      0x08011778   Data          24  ampm_gsm_common.o(.constdata)
    ampmAtCmd_AT_CREG                        0x08011790   Data          24  ampm_gsm_common.o(.constdata)
    ampmCmdProcess_AT                        0x080117a8   Data          28  ampm_gsm_common.o(.constdata)
    ampmCmdProcess_ATH                       0x080117c4   Data          28  ampm_gsm_common.o(.constdata)
    ampmAtCmd_AT_CGDCONT                     0x080117e0   Data          24  ampm_gsm_dial_up.o(.constdata)
    dialupCmdProcess_4                       0x080117f8   Data          28  ampm_gsm_dial_up.o(.constdata)
    dialupCmdProcess_3                       0x08011814   Data          28  ampm_gsm_dial_up.o(.constdata)
    dialupCmdProcess_2                       0x08011830   Data          28  ampm_gsm_dial_up.o(.constdata)
    dialupCmdProcess_1                       0x0801184c   Data          28  ampm_gsm_dial_up.o(.constdata)
    dialupCmdProcess_0                       0x08011868   Data          28  ampm_gsm_dial_up.o(.constdata)
    smsRecvCmd_AT_CMGR                       0x08011884   Data          24  ampm_gsm_sms.o(.constdata)
    smsRecvCmd_AT_CMGD                       0x0801189c   Data          24  ampm_gsm_sms.o(.constdata)
    smsRecvCmdProcess_end                    0x080118b4   Data          28  ampm_gsm_sms.o(.constdata)
    smsRecvCmdProcess_5                      0x080118d0   Data          28  ampm_gsm_sms.o(.constdata)
    smsRecvCmdProcess_4                      0x080118ec   Data          28  ampm_gsm_sms.o(.constdata)
    smsRecvCmdProcess_3                      0x08011908   Data          28  ampm_gsm_sms.o(.constdata)
    smsRecvCmdProcess_2                      0x08011924   Data          28  ampm_gsm_sms.o(.constdata)
    smsRecvCmdProcess_1                      0x08011940   Data          28  ampm_gsm_sms.o(.constdata)
    smsRecvCmdProcess_0                      0x0801195c   Data          28  ampm_gsm_sms.o(.constdata)
    smsSendCmd_AT_CSCA                       0x08011978   Data          24  ampm_gsm_sms.o(.constdata)
    smsSendCmd_AT_CMGS                       0x08011990   Data          24  ampm_gsm_sms.o(.constdata)
    smsSendMessage                           0x080119a8   Data          24  ampm_gsm_sms.o(.constdata)
    smsSendCmdProcess_end                    0x080119c0   Data          28  ampm_gsm_sms.o(.constdata)
    smsSendCmdProcess_6                      0x080119dc   Data          28  ampm_gsm_sms.o(.constdata)
    smsSendCmdProcess_5                      0x080119f8   Data          28  ampm_gsm_sms.o(.constdata)
    smsSendCmdProcess_4                      0x08011a14   Data          28  ampm_gsm_sms.o(.constdata)
    smsSendCmdProcess_3                      0x08011a30   Data          28  ampm_gsm_sms.o(.constdata)
    smsSendCmdProcess_2                      0x08011a4c   Data          28  ampm_gsm_sms.o(.constdata)
    smsSendCmdProcess_1                      0x08011a68   Data          28  ampm_gsm_sms.o(.constdata)
    smsSendCmdProcess_0                      0x08011a84   Data          28  ampm_gsm_sms.o(.constdata)
    terminateStr                             0x08011ae0   Data           7  at_command_parser.o(.constdata)
    _ytab                                    0x08011ae8   Data          96  m_time.o(.constdata)
    __ctype_categories                       0x08011b48   Data          64  ctype_c.o(.constdata)
    Region$$Table$$Base                      0x08012f44   Number         0  anon$$obj.o(Region$$Table)
    Region$$Table$$Limit                     0x08012f64   Number         0  anon$$obj.o(Region$$Table)
    ampm_GSM_mode                            0x20000000   Data           1  ampm_gsm_main_task.o(.data)
    smsCheckTime                             0x20000004   Data           4  ampm_gsm_main_task.o(.data)
    ampmGsmModuleType                        0x20000008   Data           1  ampm_gsm_main_task.o(.data)
    ampmGSM_TaskPhase                        0x20000009   Data           1  ampm_gsm_main_task.o(.data)
    gsmMainTaskTryCnt                        0x2000000a   Data           1  ampm_gsm_main_task.o(.data)
    Ampm_TcpIpCallback                       0x2000000c   Data           4  ampm_gsm_main_task.o(.data)
    Ampm_TcpIpInit                           0x20000010   Data           4  ampm_gsm_main_task.o(.data)
    ca_cert                                  0x20000014   Data           4  main.o(.data)
    server_cert                              0x20000018   Data           4  main.o(.data)
    server_key                               0x2000001c   Data           4  main.o(.data)
    sysStatus                                0x20000020   Data           1  main.o(.data)
    timer2Cnt                                0x20000024   Data           4  main.o(.data)
    smsLen                                   0x20000028   Data           1  main.o(.data)
    c                                        0x20000029   Data           1  main.o(.data)
    ADC1_0_MaxValue                          0x20000044   Data           4  adc_task.o(.data)
    ADC1_0_MinValue                          0x20000048   Data           4  adc_task.o(.data)
    ADC_CntValue                             0x2000004c   Data           1  adc_task.o(.data)
    ADC_Updated                              0x2000004d   Data           1  adc_task.o(.data)
    ADC1ConvertedValueTotal                  0x20000054   Data           8  adc_task.o(.data)
    intlevel                                 0x20000060   Data           4  sys_arch.o(.data)
    uip_ethaddr                              0x200000e8   Data           6  uip.o(.data)
    uip_hostaddr                             0x200000ee   Data           4  uip.o(.data)
    uip_draddr                               0x200000f2   Data           4  uip.o(.data)
    uip_netmask                              0x200000f6   Data           4  uip.o(.data)
    uip_appdata                              0x200000fc   Data           4  uip.o(.data)
    uip_sappdata                             0x20000100   Data           4  uip.o(.data)
    uip_len                                  0x20000104   Data           2  uip.o(.data)
    uip_slen                                 0x20000106   Data           2  uip.o(.data)
    uip_flags                                0x20000108   Data           1  uip.o(.data)
    uip_conn                                 0x2000010c   Data           4  uip.o(.data)
    uip_listenports                          0x20000110   Data           2  uip.o(.data)
    uip_udp_conn                             0x20000114   Data           4  uip.o(.data)
    uip_acc32                                0x20000120   Data           4  uip.o(.data)
    curr_tick                                0x2000013c   Data           4  timer.o(.data)
    uipTimer                                 0x20000140   Data           8  uip_ppp.o(.data)
    localIp                                  0x20000148   Data           4  uip_ppp.o(.data)
    resolverTick                             0x20000150   Data           8  resolver.o(.data)
    resolverState                            0x20000158   Data           1  resolver.o(.data)
    tcp_ticks                                0x20000164   Data           4  tcpip_rtos.o(.data)
    pppRxBuf                                 0x2000016c   Data           4  ppp.o(.data)
    pppErrCnt                                0x20000170   Data           1  ppp.o(.data)
    pppIsEsc                                 0x20000171   Data           1  ppp.o(.data)
    pppPhaseTick                             0x20000174   Data           4  ppp.o(.data)
    pppDialAttempts                          0x20000178   Data           1  ppp.o(.data)
    pppApn_UseLoginPass                      0x20000179   Data           1  ppp.o(.data)
    pppUseESC                                0x2000017a   Data           1  ppp.o(.data)
    pppRestartCount                          0x2000017b   Data           1  ppp.o(.data)
    pppFrameSize                             0x2000017c   Data           2  ppp.o(.data)
    pppMsgID                                 0x2000017e   Data           1  ppp.o(.data)
    pppTick                                  0x20000180   Data           4  ppp.o(.data)
    pppTimerOn                               0x20000184   Data           1  ppp.o(.data)
    pppDataPrepared                          0x20000185   Data           1  ppp.o(.data)
    pppIpAddr                                0x20000186   Data           4  ppp.o(.data)
    priDnsServerIp                           0x2000018a   Data           4  ppp.o(.data)
    secDnsServerIp                           0x2000018e   Data           4  ppp.o(.data)
    lcpState                                 0x20000192   Data           1  ppp.o(.data)
    papState                                 0x20000193   Data           1  ppp.o(.data)
    ipcpState                                0x20000194   Data           1  ppp.o(.data)
    pppPhase                                 0x20000195   Data           1  ppp.o(.data)
    pppInState                               0x20000196   Data           1  ppp.o(.data)
    pxCurrentTCB                             0x20000198   Data           4  tasks.o(.data)
    commTxRingBuf                            0x200001ec   Data           4  comm.o(.data)
    commRxRingBuf                            0x200001f0   Data           4  comm.o(.data)
    callTaskFailCnt                          0x200001fc   Data           1  ampm_gsm_call.o(.data)
    gotListOfCurrentCall                     0x200001fd   Data           1  ampm_gsm_call.o(.data)
    callListIsEmpty                          0x200001fe   Data           1  ampm_gsm_call.o(.data)
    ceerId                                   0x20000200   Data           2  ampm_gsm_call.o(.data)
    gotCeerId                                0x20000202   Data           1  ampm_gsm_call.o(.data)
    callDelayTime                            0x20000203   Data           1  ampm_gsm_call.o(.data)
    callTaskIsRunningCnt                     0x20000204   Data           1  ampm_gsm_call.o(.data)
    ampm_GotIncomingNumberFlag               0x20000205   Data           1  ampm_gsm_call.o(.data)
    voiceCall                                0x20000210   Data           4  ampm_gsm_call.o(.data)
    ampm_ModemResetFlag                      0x20000214   Data           1  ampm_gsm_common.o(.data)
    csqValue                                 0x20000218   Data           4  ampm_gsm_common.o(.data)
    gsmSignal                                0x2000021c   Data           1  ampm_gsm_common.o(.data)
    dialupTryCnt                             0x2000021d   Data           1  ampm_gsm_dial_up.o(.data)
    ampmGsmDialupPhase                       0x2000021e   Data           1  ampm_gsm_dial_up.o(.data)
    modemOk                                  0x20000220   Data           4  ampm_gsm_io.o(.data)
    modemError                               0x20000224   Data           4  ampm_gsm_io.o(.data)
    ampm_GprsApn                             0x20000228   Data           4  ampm_gsm_io.o(.data)
    ampm_GSM_CmdList_list                    0x2000022c   Data           4  ampm_gsm_io.o(.data)
    ampm_GSM_CmdList                         0x20000230   Data           4  ampm_gsm_io.o(.data)
    ampm_CmdParsedChar                       0x20000234   Data           1  ampm_gsm_io.o(.data)
    gotoCmdModeFlag                          0x20000235   Data           1  ampm_gsm_io.o(.data)
    gotoDataModeFlag                         0x20000236   Data           1  ampm_gsm_io.o(.data)
    ampm_GSM_AtCmd                           0x20000238   Data           4  ampm_gsm_io.o(.data)
    ampm_GSM_CmdPhase                        0x2000023c   Data           1  ampm_gsm_io.o(.data)
    ampm_AtProcessCmd                        0x20000240   Data           8  ampm_gsm_io.o(.data)
    ampm_MissCall                            0x20000248   Data           1  ampm_gsm_ring.o(.data)
    ampm_NewSmsFlag                          0x20000249   Data           1  ampm_gsm_ring.o(.data)
    ampm_RingingFlagTimes                    0x2000024a   Data           1  ampm_gsm_ring.o(.data)
    ampm_RingingFlag                         0x2000024b   Data           1  ampm_gsm_ring.o(.data)
    ampm_RingingTime                         0x2000024c   Data           1  ampm_gsm_ring.o(.data)
    ampm_RingingPauseTime                    0x2000024d   Data           1  ampm_gsm_ring.o(.data)
    ampm_RingingPhase                        0x2000024e   Data           1  ampm_gsm_ring.o(.data)
    smsNewMessageFlag                        0x20000258   Data           1  ampm_gsm_sms.o(.data)
    smsCancelAll                             0x20000259   Data           1  ampm_gsm_sms.o(.data)
    flagSmsReadFinish                        0x2000025a   Data           1  ampm_gsm_sms.o(.data)
    getServiceCenterNumber                   0x2000025b   Data           1  ampm_gsm_sms.o(.data)
    smsTaskFailCnt                           0x2000025c   Data           1  ampm_gsm_sms.o(.data)
    readTryCnt                               0x2000025d   Data           1  ampm_gsm_sms.o(.data)
    smsIndex                                 0x2000025e   Data           2  ampm_gsm_sms.o(.data)
    smsTryCnt                                0x20000260   Data           1  ampm_gsm_sms.o(.data)
    smsMsg                                   0x20000284   Data           4  ampm_gsm_sms.o(.data)
    pdu_len_except_smsc                      0x20000288   Data           1  ampm_gsm_sms.o(.data)
    pdu_len                                  0x2000028a   Data           2  ampm_gsm_sms.o(.data)
    Ampm_SmsRecvCallback                     0x2000028c   Data           4  ampm_gsm_sms.o(.data)
    flagGotSimCID                            0x20000290   Data           1  ampm_gsm_startup.o(.data)
    modemCIDPass                             0x20000291   Data           1  ampm_gsm_startup.o(.data)
    flagServerUpdateSimCID                   0x20000292   Data           1  ampm_gsm_startup.o(.data)
    flagGotIMEI                              0x20000293   Data           1  ampm_gsm_startup.o(.data)
    newIMEI_IsUpdate                         0x20000294   Data           1  ampm_gsm_startup.o(.data)
    modemIMEIPass                            0x20000295   Data           1  ampm_gsm_startup.o(.data)
    ampm_GSM_StartupPhase                    0x20000296   Data           1  ampm_gsm_startup.o(.data)
    ampm_gsm_baudrate_index                  0x20000297   Data           1  ampm_gsm_startup.o(.data)
    gsmBaudrateSaved                         0x20000298   Data           4  ampm_gsm_startup.o(.data)
    ampm_AtGsmCmdStart_pt                    0x200002a0   Data           4  ampm_gsm_startup.o(.data)
    ampm_AtCommandParserEnable               0x200002a4   Data           1  at_command_parser.o(.data)
    commandSeparator                         0x200002a8   Data           4  at_command_parser.o(.data)
    cmdCnt                                   0x200002b0   Data           8  at_command_parser.o(.data)
    dail1                                    0x200002c8   Data         532  dtmf_app.o(.data)
    DEMF_Enable                              0x200004dc   Data           1  dtmf_app.o(.data)
    toggle                                   0x200004e0   Data           4  dtmf_app.o(.data)
    _daylight                                0x200004e4   Data           4  m_time.o(.data)
    _dstbias                                 0x200004e8   Data           4  m_time.o(.data)
    _timezone                                0x200004ec   Data           4  m_time.o(.data)
    rtcTimeSec                               0x200004f0   Data           4  sys_time.o(.data)
    timeZone                                 0x200004f4   Data           4  sys_time.o(.data)
    sysTimeZone                              0x200004f8   Data           4  sys_time.o(.data)
    rtcUpdateFlag                            0x200004fc   Data           4  sys_time.o(.data)
    rtcUpdateCnt                             0x20000500   Data           4  sys_time.o(.data)
    sysTime                                  0x20000504   Data           8  sys_time.o(.data)
    localTime                                0x2000050c   Data           8  sys_time.o(.data)
    rtcCnt                                   0x20000528   Data           4  rtc.o(.data)
    resetCnt                                 0x2000052c   Data           1  rtc.o(.data)
    sec                                      0x20000530   Data           4  rtc.o(.data)
    uart3_parity                             0x20000534   Data           4  uart3.o(.data)
    SystemCoreClock                          0x20000538   Data           4  system_stm32f10x.o(.data)
    AHBPrescTable                            0x2000053c   Data          16  system_stm32f10x.o(.data)
    countErrTemp                             0x2000054c   Data           4  sst25.o(.data)
    writeErrCnt                              0x20000550   Data           4  sst25.o(.data)
    rand_sec                                 0x20000554   Data           4  ampm_ff.o(.data)
    sysTickTimeSec                           0x20000560   Data           4  sys_tick.o(.data)
    sysTickCounter32                         0x20000564   Data           4  sys_tick.o(.data)
    sysTickCounter64                         0x20000568   Data           8  sys_tick.o(.data)
    tRingTask                                0x20000574   Data          12  ampm_gsm_main_task.o(.bss)
    cmpBGS2_W                                0x20000580   Data          12  ampm_gsm_main_task.o(.bss)
    cmpBGS2_E                                0x2000058c   Data          12  ampm_gsm_main_task.o(.bss)
    cmpBG2_E                                 0x20000598   Data          12  ampm_gsm_main_task.o(.bss)
    cmpM95                                   0x200005a4   Data          12  ampm_gsm_main_task.o(.bss)
    cmpUbloxG100                             0x200005b0   Data          12  ampm_gsm_main_task.o(.bss)
    cmp                                      0x200005bc   Data          12  ampm_gsm_main_task.o(.bss)
    smsUser                                  0x200005c8   Data          20  main.o(.bss)
    callUser                                 0x200005dc   Data          32  main.o(.bss)
    tSendSmsTime                             0x200005fc   Data          12  main.o(.bss)
    dtmfRingBuf                              0x20000608   Data          16  main.o(.bss)
    dtmfBuf                                  0x20000618   Data          64  main.o(.bss)
    pdu2uniBuf                               0x20000658   Data         256  main.o(.bss)
    replySmsBuf                              0x20000758   Data         256  main.o(.bss)
    led1Ctr                                  0x20000858   Data          20  led.o(.bss)
    led2Ctr                                  0x2000086c   Data          20  led.o(.bss)
    ADC1ConvertedValue                       0x20000880   Data          40  adc_task.o(.bss)
    uip_aligned_buf                          0x20001ffc   Data        1516  uip.o(.bss)
    uip_conns                                0x200025e8   Data         200  uip.o(.bss)
    uip_udp_conns                            0x200026b0   Data         100  uip.o(.bss)
    pppTxBuf                                 0x20002848   Data          89  ppp.o(.bss)
    pppUsr                                   0x200028a1   Data          16  ppp.o(.bss)
    pppPwd                                   0x200028b1   Data          16  ppp.o(.bss)
    incomingCall                             0x20003d8c   Data          32  ampm_gsm_call.o(.bss)
    listOfCurrentCall                        0x20003dac   Data         128  ampm_gsm_call.o(.bss)
    callTimeout                              0x20003e2c   Data          12  ampm_gsm_call.o(.bss)
    callAlertingTimeout                      0x20003e38   Data          12  ampm_gsm_call.o(.bss)
    tCallDelayTimeout                        0x20003e44   Data          12  ampm_gsm_call.o(.bss)
    ampm_IncomingCallPhoneNo                 0x20003e50   Data          16  ampm_gsm_call.o(.bss)
    csqBuff                                  0x20003e60   Data          16  ampm_gsm_common.o(.bss)
    ampmGSM_CmdSend                          0x20003ef0   Data          28  ampm_gsm_io.o(.bss)
    ampm_GSM_TaskTimeout                     0x20003f0c   Data          12  ampm_gsm_io.o(.bss)
    ampmCommonAppStruct                      0x20003f18   Data          24  ampm_gsm_io.o(.bss)
    ampmAtCmdBuf                             0x20003f30   Data         256  ampm_gsm_io.o(.bss)
    ampmGSM_CmdOk                            0x20004030   Data          12  ampm_gsm_io.o(.bss)
    ampmGSM_CmdFails                         0x2000403c   Data          12  ampm_gsm_io.o(.bss)
    ampm_AtCallBackParser                    0x20004048   Data          16  ampm_gsm_io.o(.bss)
    smsUnreadBuff                            0x20004058   Data          32  ampm_gsm_sms.o(.bss)
    tSmsTaskTimeOut                          0x20004078   Data          12  ampm_gsm_sms.o(.bss)
    smsUnreadRingBuff                        0x20004084   Data          16  ampm_gsm_sms.o(.bss)
    smsSender                                0x20004094   Data          16  ampm_gsm_sms.o(.bss)
    smsDataBuf                               0x200040a4   Data         256  ampm_gsm_sms.o(.bss)
    serviceCenterNumber                      0x200041a4   Data          16  ampm_gsm_sms.o(.bss)
    gsmSimCIDBuf                             0x200041b4   Data          32  ampm_gsm_startup.o(.bss)
    gsmIMEIBuf                               0x200041d4   Data          18  ampm_gsm_startup.o(.bss)
    tAmpm_GsmStartupTaskDelay                0x200041e8   Data          12  ampm_gsm_startup.o(.bss)
    at_cmd                                   0x200041f4   Data         180  ampm_gsm_startup.o(.bss)
    AT_CmdParser                             0x200042b8   Data          16  at_command_parser.o(.bss)
    DTMF_ringBuff                            0x200042c8   Data          16  dtmf_app.o(.bss)
    DTMF_buf                                 0x200042d8   Data          32  dtmf_app.o(.bss)
    USART1_RxBuff                            0x200042f8   Data         256  uart1.o(.bss)
    USART1_TxBuff                            0x200043f8   Data         128  uart1.o(.bss)
    USART1_RxRingBuff                        0x20004478   Data          16  uart1.o(.bss)
    USART1_TxRingBuff                        0x20004488   Data          16  uart1.o(.bss)
    USART3_RxBuff                            0x20004498   Data        1024  uart3.o(.bss)
    USART3_TxBuff                            0x20004898   Data         512  uart3.o(.bss)
    USART3_RxRingBuff                        0x20004a98   Data          16  uart3.o(.bss)
    USART3_TxRingBuff                        0x20004aa8   Data          16  uart3.o(.bss)
    sst25buf                                 0x20004ab8   Data         256  sst25.o(.bss)
    ampm_file_buf                            0x20004cb8   Data         256  ampm_ff.o(.bss)
    __initial_sp                             0x200050b8   Data           0  startup_stm32f10x_md.o(STACK)



==============================================================================

Memory Map of the image

  Image Entry point : 0x080000ed

  Load Region LR_IROM1 (Base: 0x08000000, Size: 0x000134d8, Max: 0x00040000, ABSOLUTE, COMPRESSED[0x00013030])

    Execution Region ER_IROM1 (Base: 0x08000000, Size: 0x00012f64, Max: 0x00040000, ABSOLUTE)

    Base Addr    Size         Type   Attr      Idx    E Section Name        Object

    0x08000000   0x000000ec   Data   RO         1537    RESET               startup_stm32f10x_md.o
    0x080000ec   0x00000000   Code   RO         2496  * .ARM.Collect$$$$00000000  mc_w.l(entry.o)
    0x080000ec   0x00000004   Code   RO         2868    .ARM.Collect$$$$00000001  mc_w.l(entry2.o)
    0x080000f0   0x00000004   Code   RO         2871    .ARM.Collect$$$$00000004  mc_w.l(entry5.o)
    0x080000f4   0x00000000   Code   RO         2873    .ARM.Collect$$$$00000008  mc_w.l(entry7b.o)
    0x080000f4   0x00000000   Code   RO         2875    .ARM.Collect$$$$0000000A  mc_w.l(entry8b.o)
    0x080000f4   0x00000008   Code   RO         2876    .ARM.Collect$$$$0000000B  mc_w.l(entry9a.o)
    0x080000fc   0x00000000   Code   RO         2878    .ARM.Collect$$$$0000000D  mc_w.l(entry10a.o)
    0x080000fc   0x00000000   Code   RO         2880    .ARM.Collect$$$$0000000F  mc_w.l(entry11a.o)
    0x080000fc   0x00000004   Code   RO         2869    .ARM.Collect$$$$00002712  mc_w.l(entry2.o)
    0x08000100   0x000000a2   Code   RO         1005    .emb_text           port.o
    0x080001a2   0x00000002   PAD
    0x080001a4   0x00000740   Code   RO            1    .text               ampm_gsm_main_task.o
    0x080008e4   0x00000640   Code   RO          232    .text               main.o
    0x08000f24   0x00000098   Code   RO          435    .text               tcp_ip_task.o
    0x08000fbc   0x00000140   Code   RO          479    .text               led.o
    0x080010fc   0x000001bc   Code   RO          498    .text               adc_task.o
    0x080012b8   0x0000003c   Code   RO          520    .text               dbg.o
    0x080012f4   0x00000248   Code   RO          547    .text               sys_arch.o
    0x0800153c   0x00000240   Code   RO          572    .text               sys.o
    0x0800177c   0x000000f4   Code   RO          584    .text               memp.o
    0x08001870   0x000006b8   Code   RO          631    .text               api_lib.o
    0x08001f28   0x00000300   Code   RO          671    .text               api_msg.o
    0x08002228   0x000002c8   Code   RO          695    .text               mem.o
    0x080024f0   0x0000047a   Code   RO          716    .text               pbuf.o
    0x0800296a   0x00000002   PAD
    0x0800296c   0x00000e60   Code   RO          738    .text               sockets.o
    0x080037cc   0x00000390   Code   RO          765    .text               inet.o
    0x08003b5c   0x000013dc   Code   RO          781    .text               uip.o
    0x08004f38   0x000003a4   Code   RO          809    .text               resolv.o
    0x080052dc   0x0000004c   Code   RO          824    .text               timer.o
    0x08005328   0x00000174   Code   RO          839    .text               uip_ppp.o
    0x0800549c   0x00000160   Code   RO          861    .text               tcpip.o
    0x080055fc   0x0000009c   Code   RO          880    .text               resolver.o
    0x08005698   0x00000498   Code   RO          901    .text               tcpip_rtos.o
    0x08005b30   0x000010c8   Code   RO          922    .text               ppp.o
    0x08006bf8   0x00000044   Code   RO          956    .text               fcs.o
    0x08006c3c   0x00000596   Code   RO          971    .text               queue.o
    0x080071d2   0x00000002   PAD
    0x080071d4   0x00000f78   Code   RO          983    .text               tasks.o
    0x0800814c   0x000000d4   Code   RO         1006    .text               port.o
    0x08008220   0x00000124   Code   RO         1024    .text               heap_2.o
    0x08008344   0x00000094   Code   RO         1039    .text               list.o
    0x080083d8   0x0000010c   Code   RO         1051    .text               comm.o
    0x080084e4   0x000008dc   Code   RO         1074    .text               ampm_gsm_call.o
    0x08008dc0   0x000000f4   Code   RO         1114    .text               ampm_gsm_common.o
    0x08008eb4   0x00000128   Code   RO         1135    .text               ampm_gsm_dial_up.o
    0x08008fdc   0x00000334   Code   RO         1152    .text               ampm_gsm_io.o
    0x08009310   0x00000190   Code   RO         1172    .text               ampm_gsm_ring.o
    0x080094a0   0x000009c4   Code   RO         1190    .text               ampm_gsm_sms.o
    0x08009e64   0x00000450   Code   RO         1211    .text               ampm_gsm_startup.o
    0x0800a2b4   0x000000bc   Code   RO         1231    .text               at_command_parser.o
    0x0800a370   0x00000504   Code   RO         1252    .text               pdu.o
    0x0800a874   0x00000180   Code   RO         1273    .text               dtmf_app.o
    0x0800a9f4   0x0000064c   Code   RO         1299    .text               m_time.o
    0x0800b040   0x00000228   Code   RO         1315    .text               sys_time.o
    0x0800b268   0x00000358   Code   RO         1379    .text               stm32f10x_gpio.o
    0x0800b5c0   0x000003a4   Code   RO         1391    .text               stm32f10x_rcc.o
    0x0800b964   0x0000032c   Code   RO         1405    .text               uart1.o
    0x0800bc90   0x00000260   Code   RO         1429    .text               rtc.o
    0x0800bef0   0x0000044e   Code   RO         1448    .text               stm32f10x_adc.o
    0x0800c33e   0x00000002   PAD
    0x0800c340   0x00000250   Code   RO         1460    .text               stm32f10x_dma.o
    0x0800c590   0x00000330   Code   RO         1472    .text               uart3.o
    0x0800c8c0   0x000002e0   Code   RO         1492    .text               spi.o
    0x0800cba0   0x000001dc   Code   RO         1517    .text               system_stm32f10x.o
    0x0800cd7c   0x0000001c   Code   RO         1538    .text               startup_stm32f10x_md.o
    0x0800cd98   0x000005d8   Code   RO         2298    .text               sst25.o
    0x0800d370   0x00000800   Code   RO         2314    .text               ampm_ff.o
    0x0800db70   0x00000054   Code   RO         2342    .text               ampm_lib.lib(data_cmp.o)
    0x0800dbc4   0x00000094   Code   RO         2357    .text               ampm_lib.lib(ringbuf.o)
    0x0800dc58   0x00000340   Code   RO         2373    .text               ampm_lib.lib(sparser.o)
    0x0800df98   0x000000fc   Code   RO         2395    .text               ampm_lib.lib(sys_tick.o)
    0x0800e094   0x000001e4   Code   RO         2413    .text               ampm_lib.lib(encoding.o)
    0x0800e278   0x00000114   Code   RO         2428    .text               ampm_lib.lib(ampm_list.o)
    0x0800e38c   0x0000030a   Code   RO         2443    .text               ampm_lib.lib(ampm_sprintf.o)
    0x0800e696   0x00000002   PAD
    0x0800e698   0x000003b0   Code   RO         2458    .text               ampm_lib.lib(dtmf.o)
    0x0800ea48   0x0000001e   Code   RO         2500    .text               mc_w.l(llshl.o)
    0x0800ea66   0x00000020   Code   RO         2502    .text               mc_w.l(llushr.o)
    0x0800ea86   0x00000002   PAD
    0x0800ea88   0x00000024   Code   RO         2506    .text               mc_w.l(rand.o)
    0x0800eaac   0x00000040   Code   RO         2511    .text               mc_w.l(memmovea.o)
    0x0800eaec   0x00000024   Code   RO         2513    .text               mc_w.l(memseta.o)
    0x0800eb10   0x00000024   Code   RO         2515    .text               mc_w.l(strstr.o)
    0x0800eb34   0x00000018   Code   RO         2517    .text               mc_w.l(strncpy.o)
    0x0800eb4c   0x0000000e   Code   RO         2519    .text               mc_w.l(strlen.o)
    0x0800eb5a   0x0000001c   Code   RO         2521    .text               mc_w.l(strcmp.o)
    0x0800eb76   0x0000001a   Code   RO         2523    .text               mc_w.l(memcmp.o)
    0x0800eb90   0x00000012   Code   RO         2525    .text               mc_w.l(strcpy.o)
    0x0800eba2   0x00000002   PAD
    0x0800eba4   0x00000038   Code   RO         2829    .text               mc_w.l(__0sscanf.o)
    0x0800ebdc   0x00000150   Code   RO         2831    .text               mc_w.l(_scanf_int.o)
    0x0800ed2c   0x000000da   Code   RO         2833    .text               mc_w.l(_scanf_str.o)
    0x0800ee06   0x00000002   PAD
    0x0800ee08   0x0000033c   Code   RO         2835    .text               mc_w.l(scanf_fp.o)
    0x0800f144   0x0000014e   Code   RO         2839    .text               mf_w.l(dadd.o)
    0x0800f292   0x000000e4   Code   RO         2841    .text               mf_w.l(dmul.o)
    0x0800f376   0x0000000a   Code   RO         2843    .text               mf_w.l(ffltui.o)
    0x0800f380   0x00000028   Code   RO         2847    .text               mf_w.l(ffixui.o)
    0x0800f3a8   0x00000014   Code   RO         2851    .text               mf_w.l(cfcmple.o)
    0x0800f3bc   0x0000002c   Code   RO         2885    .text               mc_w.l(uidiv.o)
    0x0800f3e8   0x00000062   Code   RO         2887    .text               mc_w.l(uldiv.o)
    0x0800f44a   0x00000024   Code   RO         2889    .text               mc_w.l(llsshr.o)
    0x0800f46e   0x0000001c   Code   RO         2893    .text               mc_w.l(_chval.o)
    0x0800f48a   0x00000002   PAD
    0x0800f48c   0x00000028   Code   RO         2895    .text               mc_w.l(scanf_char.o)
    0x0800f4b4   0x00000040   Code   RO         2897    .text               mc_w.l(_sgetc.o)
    0x0800f4f4   0x00000000   Code   RO         2899    .text               mc_w.l(iusefp.o)
    0x0800f4f4   0x0000006c   Code   RO         2900    .text               mf_w.l(fepilogue.o)
    0x0800f560   0x000000be   Code   RO         2902    .text               mf_w.l(depilogue.o)
    0x0800f61e   0x000000de   Code   RO         2904    .text               mf_w.l(ddiv.o)
    0x0800f6fc   0x00000018   Code   RO         2910    .text               mf_w.l(dfltul.o)
    0x0800f714   0x00000030   Code   RO         2912    .text               mf_w.l(dfixul.o)
    0x0800f744   0x00000028   Code   RO         2916    .text               mf_w.l(cdrcmple.o)
    0x0800f76c   0x00000038   Code   RO         2918    .text               mf_w.l(d2f.o)
    0x0800f7a4   0x00000024   Code   RO         2920    .text               mc_w.l(init.o)
    0x0800f7c8   0x0000000a   Code   RO         2923    .text               mc_w.l(isspace_c.o)
    0x0800f7d2   0x00000002   PAD
    0x0800f7d4   0x0000032c   Code   RO         2925    .text               mc_w.l(_scanf.o)
    0x0800fb00   0x00000028   Code   RO         2930    .text               mc_w.l(ctype_c.o)
    0x0800fb28   0x0000005c   Code   RO         2941    .text               mc_w.l(__dczerorl2.o)
    0x0800fb84   0x00000028   Code   RO         2742    i.__0sprintf$8      mc_w.l(printf8.o)
    0x0800fbac   0x00000024   Code   RO         2772    i.__0vsprintf       mc_w.l(printfa.o)
    0x0800fbd0   0x0000000e   Code   RO         2935    i.__scatterload_copy  mc_w.l(handlers.o)
    0x0800fbde   0x00000002   Code   RO         2936    i.__scatterload_null  mc_w.l(handlers.o)
    0x0800fbe0   0x0000000e   Code   RO         2937    i.__scatterload_zeroinit  mc_w.l(handlers.o)
    0x0800fbee   0x00000002   PAD
    0x0800fbf0   0x0000015c   Code   RO         2773    i._fp_digits        mc_w.l(printfa.o)
    0x0800fd4c   0x0000000e   Code   RO         2837    i._is_digit         mc_w.l(scanf_fp.o)
    0x0800fd5a   0x00000002   PAD
    0x0800fd5c   0x00000408   Code   RO         2747    i._printf_core      mc_w.l(printf8.o)
    0x08010164   0x000006f0   Code   RO         2774    i._printf_core      mc_w.l(printfa.o)
    0x08010854   0x00000026   Code   RO         2748    i._printf_post_padding  mc_w.l(printf8.o)
    0x0801087a   0x00000026   Code   RO         2775    i._printf_post_padding  mc_w.l(printfa.o)
    0x080108a0   0x00000030   Code   RO         2749    i._printf_pre_padding  mc_w.l(printf8.o)
    0x080108d0   0x00000030   Code   RO         2776    i._printf_pre_padding  mc_w.l(printfa.o)
    0x08010900   0x0000000a   Code   RO         2751    i._sputc            mc_w.l(printf8.o)
    0x0801090a   0x0000000a   Code   RO         2778    i._sputc            mc_w.l(printfa.o)
    0x08010914   0x00000958   Data   RO            3    .constdata          ampm_gsm_main_task.o
    0x0801126c   0x0000001c   Data   RO          586    .constdata          memp.o
    0x08011288   0x00000008   Data   RO          783    .constdata          uip.o
    0x08011290   0x00000200   Data   RO          957    .constdata          fcs.o
    0x08011490   0x00000210   Data   RO         1076    .constdata          ampm_gsm_call.o
    0x080116a0   0x00000140   Data   RO         1116    .constdata          ampm_gsm_common.o
    0x080117e0   0x000000a4   Data   RO         1136    .constdata          ampm_gsm_dial_up.o
    0x08011884   0x0000021c   Data   RO         1192    .constdata          ampm_gsm_sms.o
    0x08011aa0   0x00000047   Data   RO         1233    .constdata          at_command_parser.o
    0x08011ae7   0x00000001   PAD
    0x08011ae8   0x00000060   Data   RO         1300    .constdata          m_time.o
    0x08011b48   0x00000040   Data   RO         2931    .constdata          mc_w.l(ctype_c.o)
    0x08011b88   0x0000001c   Data   RO            4    .conststring        ampm_gsm_main_task.o
    0x08011ba4   0x0000125b   Data   RO          234    .conststring        main.o
    0x08012dff   0x0000004d   Data   RO         1077    .conststring        ampm_gsm_call.o
    0x08012e4c   0x00000089   Data   RO         1117    .conststring        ampm_gsm_common.o
    0x08012ed5   0x00000009   Data   RO         1154    .conststring        ampm_gsm_io.o
    0x08012ede   0x00000018   Data   RO         1193    .conststring        ampm_gsm_sms.o
    0x08012ef6   0x0000004b   Data   RO         1234    .conststring        at_command_parser.o
    0x08012f41   0x00000003   PAD
    0x08012f44   0x00000020   Data   RO         2933    Region$$Table       anon$$obj.o


    Execution Region RW_IRAM1 (Base: 0x20000000, Size: 0x000050b8, Max: 0x0000c000, ABSOLUTE, COMPRESSED[0x000000cc])

    Base Addr    Size         Type   Attr      Idx    E Section Name        Object

    0x20000000   0x00000014   Data   RW            5    .data               ampm_gsm_main_task.o
    0x20000014   0x00000016   Data   RW          235    .data               main.o
    0x2000002a   0x00000002   PAD
    0x2000002c   0x00000004   Data   RW          436    .data               tcp_ip_task.o
    0x20000030   0x00000014   Data   RW          481    .data               led.o
    0x20000044   0x00000018   Data   RW          500    .data               adc_task.o
    0x2000005c   0x0000000c   Data   RW          549    .data               sys_arch.o
    0x20000068   0x00000004   Data   RW          587    .data               memp.o
    0x2000006c   0x0000002c   Data   RW          672    .data               api_msg.o
    0x20000098   0x0000000c   Data   RW          697    .data               mem.o
    0x200000a4   0x0000000c   Data   RW          718    .data               pbuf.o
    0x200000b0   0x00000038   Data   RW          740    .data               sockets.o
    0x200000e8   0x00000040   Data   RW          784    .data               uip.o
    0x20000128   0x00000011   Data   RW          811    .data               resolv.o
    0x20000139   0x00000003   PAD
    0x2000013c   0x00000004   Data   RW          825    .data               timer.o
    0x20000140   0x0000000c   Data   RW          841    .data               uip_ppp.o
    0x2000014c   0x00000003   Data   RW          863    .data               tcpip.o
    0x2000014f   0x00000001   PAD
    0x20000150   0x00000009   Data   RW          881    .data               resolver.o
    0x20000159   0x00000003   PAD
    0x2000015c   0x0000000d   Data   RW          902    .data               tcpip_rtos.o
    0x20000169   0x00000003   PAD
    0x2000016c   0x0000002b   Data   RW          924    .data               ppp.o
    0x20000197   0x00000001   PAD
    0x20000198   0x00000038   Data   RW          985    .data               tasks.o
    0x200001d0   0x00000004   Data   RW         1007    .data               port.o
    0x200001d4   0x00000018   Data   RW         1026    .data               heap_2.o
    0x200001ec   0x00000008   Data   RW         1052    .data               comm.o
    0x200001f4   0x00000020   Data   RW         1078    .data               ampm_gsm_call.o
    0x20000214   0x00000009   Data   RW         1118    .data               ampm_gsm_common.o
    0x2000021d   0x00000002   Data   RW         1138    .data               ampm_gsm_dial_up.o
    0x2000021f   0x00000001   PAD
    0x20000220   0x00000028   Data   RW         1155    .data               ampm_gsm_io.o
    0x20000248   0x00000007   Data   RW         1173    .data               ampm_gsm_ring.o
    0x2000024f   0x00000001   PAD
    0x20000250   0x00000040   Data   RW         1194    .data               ampm_gsm_sms.o
    0x20000290   0x00000014   Data   RW         1214    .data               ampm_gsm_startup.o
    0x200002a4   0x00000014   Data   RW         1235    .data               at_command_parser.o
    0x200002b8   0x0000022c   Data   RW         1275    .data               dtmf_app.o
    0x200004e4   0x0000000c   Data   RW         1301    .data               m_time.o
    0x200004f0   0x00000024   Data   RW         1316    .data               sys_time.o
    0x20000514   0x00000014   Data   RW         1392    .data               stm32f10x_rcc.o
    0x20000528   0x0000000c   Data   RW         1430    .data               rtc.o
    0x20000534   0x00000004   Data   RW         1474    .data               uart3.o
    0x20000538   0x00000014   Data   RW         1518    .data               system_stm32f10x.o
    0x2000054c   0x00000008   Data   RW         2300    .data               sst25.o
    0x20000554   0x00000004   Data   RW         2316    .data               ampm_ff.o
    0x20000558   0x00000001   Data   RW         2374    .data               ampm_lib.lib(sparser.o)
    0x20000559   0x00000007   PAD
    0x20000560   0x00000010   Data   RW         2396    .data               ampm_lib.lib(sys_tick.o)
    0x20000570   0x00000004   Data   RW         2507    .data               mc_w.l(rand.o)
    0x20000574   0x00000054   Zero   RW            2    .bss                ampm_gsm_main_task.o
    0x200005c8   0x00000290   Zero   RW          233    .bss                main.o
    0x20000858   0x00000028   Zero   RW          480    .bss                led.o
    0x20000880   0x00000028   Zero   RW          499    .bss                adc_task.o
    0x200008a8   0x00000100   Zero   RW          521    .bss                dbg.o
    0x200009a8   0x00000020   Zero   RW          548    .bss                sys_arch.o
    0x200009c8   0x000004c8   Zero   RW          585    .bss                memp.o
    0x20000e90   0x0000080c   Zero   RW          696    .bss                mem.o
    0x2000169c   0x00000900   Zero   RW          717    .bss                pbuf.o
    0x20001f9c   0x00000050   Zero   RW          739    .bss                sockets.o
    0x20001fec   0x00000010   Zero   RW          766    .bss                inet.o
    0x20001ffc   0x00000718   Zero   RW          782    .bss                uip.o
    0x20002714   0x00000128   Zero   RW          810    .bss                resolv.o
    0x2000283c   0x0000000c   Zero   RW          862    .bss                tcpip.o
    0x20002848   0x00000079   Zero   RW          923    .bss                ppp.o
    0x200028c1   0x00000003   PAD
    0x200028c4   0x000000c8   Zero   RW          984    .bss                tasks.o
    0x2000298c   0x00001400   Zero   RW         1025    .bss                heap_2.o
    0x20003d8c   0x000000d4   Zero   RW         1075    .bss                ampm_gsm_call.o
    0x20003e60   0x00000010   Zero   RW         1115    .bss                ampm_gsm_common.o
    0x20003e70   0x000001e8   Zero   RW         1153    .bss                ampm_gsm_io.o
    0x20004058   0x0000015c   Zero   RW         1191    .bss                ampm_gsm_sms.o
    0x200041b4   0x000000f4   Zero   RW         1212    .bss                ampm_gsm_startup.o
    0x200042a8   0x00000020   Zero   RW         1232    .bss                at_command_parser.o
    0x200042c8   0x00000030   Zero   RW         1274    .bss                dtmf_app.o
    0x200042f8   0x000001a0   Zero   RW         1406    .bss                uart1.o
    0x20004498   0x00000620   Zero   RW         1473    .bss                uart3.o
    0x20004ab8   0x00000100   Zero   RW         2299    .bss                sst25.o
    0x20004bb8   0x00000200   Zero   RW         2315    .bss                ampm_ff.o
    0x20004db8   0x00000100   Zero   RW         2459    .bss                ampm_lib.lib(dtmf.o)
    0x20004eb8   0x00000200   Zero   RW         1535    STACK               startup_stm32f10x_md.o


==============================================================================

Image component sizes


      Code (inc. data)   RO Data    RW Data    ZI Data      Debug   Object Name

       444         26          0         24         40       2045   adc_task.o
      2048         24          0          4        512       7861   ampm_ff.o
      2268        236        605         32        212      12373   ampm_gsm_call.o
       244         38        457          9         16       2090   ampm_gsm_common.o
       296         48        164          2          0       2448   ampm_gsm_dial_up.o
       820         70          9         40        488       5765   ampm_gsm_io.o
      1856        286       2420         20         84     295268   ampm_gsm_main_task.o
       400         30          0          7          0       2720   ampm_gsm_ring.o
      2500        278        564         64        348      10690   ampm_gsm_sms.o
      1104        168          0         20        244       3661   ampm_gsm_startup.o
      1720         12          0          0          0      28594   api_lib.o
       768         26          0         44          0       5813   api_msg.o
       188         34        146         20         32       2180   at_command_parser.o
       268         14          0          8          0       2790   comm.o
        60          4          0          0        256       2639   dbg.o
       384         58          0        556         48      17877   dtmf_app.o
        68          4        512          0          0       1193   fcs.o
       292         20          0         24       5120       3148   heap_2.o
       912         12          0          0         16       4592   inet.o
       320         26          0         20         40       2899   led.o
       148          0          0          0          0       1842   list.o
      1612         32         96         12          0       2943   m_time.o
      1600        304       4699         22        656      56965   main.o
       712         18          0         12       2060       3208   mem.o
       244         20         28          4       1224      18292   memp.o
      1146         20          0         12       2304       5692   pbuf.o
      1284          0          0          0          0       6145   pdu.o
       374         24          0          4          0       4471   port.o
      4296        410          0         43        121       8931   ppp.o
      1430          0          0          0          0       8298   queue.o
       932         58          0         17        296       4317   resolv.o
       156         20          0          9          0       1902   resolver.o
       608         52          0         12          0       2422   rtc.o
      3680         56          0         56         80      16458   sockets.o
       736         24          0          0          0       2183   spi.o
      1496         42          0          8        256       4935   sst25.o
        28          4        236          0        512        844   startup_stm32f10x_md.o
      1102         26          0          0          0      10873   stm32f10x_adc.o
       592          8          0          0          0       4366   stm32f10x_dma.o
       856         40          0          0          0       5685   stm32f10x_gpio.o
       932         44          0         20          0       8840   stm32f10x_rcc.o
       576          6          0          0          0       3144   sys.o
       584         28          0         12         32       5190   sys_arch.o
       552         22          0         36          0       3278   sys_time.o
       476         36          0         20          0       1895   system_stm32f10x.o
      3960        244          0         56        200      16910   tasks.o
       152          4          0          4          0       3293   tcp_ip_task.o
       352         34          0          3         12       2675   tcpip.o
      1176         46          0         13          0       6385   tcpip_rtos.o
        76          6          0          4          0       1620   timer.o
       812         40          0          0        416      17963   uart1.o
       816         48          0          4       1568       3087   uart3.o
      5084        240          8         64       1816      21512   uip.o
       372         46          0         12          0       2205   uip_ppp.o

    ----------------------------------------------------------------------
     55920       3416       9980       1368      19012     685415   Object Totals
         0          0         32          0          0          0   (incl. Generated)
         8          0          4         15          3          0   (incl. Padding)

    ----------------------------------------------------------------------

      Code (inc. data)   RO Data    RW Data    ZI Data      Debug   Library Member Name

       276          0          0          0          0       3967   ampm_list.o
       778          0          0          0          0       2309   ampm_sprintf.o
        84          0          0          0          0       1448   data_cmp.o
       944         26          0          0        256       4142   dtmf.o
       484          6          0          0          0       2506   encoding.o
       148          0          0          0          0       2110   ringbuf.o
       832         14          0          1          0       6721   sparser.o
       252         12          0         16          0       3226   sys_tick.o
        56          8          0          0          0         84   __0sscanf.o
        92          0          0          0          0          0   __dczerorl2.o
        28          0          0          0          0         68   _chval.o
       812          6          0          0          0        112   _scanf.o
       336          0          0          0          0         96   _scanf_int.o
       218          0          0          0          0         96   _scanf_str.o
        64          0          0          0          0         84   _sgetc.o
        40          6         64          0          0         68   ctype_c.o
         0          0          0          0          0          0   entry.o
         0          0          0          0          0          0   entry10a.o
         0          0          0          0          0          0   entry11a.o
         8          4          0          0          0          0   entry2.o
         4          0          0          0          0          0   entry5.o
         0          0          0          0          0          0   entry7b.o
         0          0          0          0          0          0   entry8b.o
         8          4          0          0          0          0   entry9a.o
        30          0          0          0          0          0   handlers.o
        36          8          0          0          0         68   init.o
        10          0          0          0          0         68   isspace_c.o
         0          0          0          0          0          0   iusefp.o
        30          0          0          0          0         68   llshl.o
        36          0          0          0          0         68   llsshr.o
        32          0          0          0          0         68   llushr.o
        26          0          0          0          0         80   memcmp.o
        64          0          0          0          0         76   memmovea.o
        36          0          0          0          0        108   memseta.o
      1168         50          0          0          0        420   printf8.o
      2256         86          0          0          0        508   printfa.o
        36         10          0          4          0        136   rand.o
        40          8          0          0          0         84   scanf_char.o
       842         12          0          0          0        216   scanf_fp.o
        28          0          0          0          0         76   strcmp.o
        18          0          0          0          0         68   strcpy.o
        14          0          0          0          0         68   strlen.o
        24          0          0          0          0         76   strncpy.o
        36          0          0          0          0         80   strstr.o
        44          0          0          0          0         80   uidiv.o
        98          0          0          0          0         92   uldiv.o
        40          2          0          0          0         68   cdrcmple.o
        20          0          0          0          0         68   cfcmple.o
        56          0          0          0          0         88   d2f.o
       334          0          0          0          0        148   dadd.o
       222          0          0          0          0        100   ddiv.o
       190          0          0          0          0        176   depilogue.o
        48          0          0          0          0         68   dfixul.o
        24          0          0          0          0         76   dfltul.o
       228          0          0          0          0         96   dmul.o
       108          0          0          0          0        168   fepilogue.o
        40          0          0          0          0         68   ffixui.o
        10          0          0          0          0         68   ffltui.o

    ----------------------------------------------------------------------
     11704        262         64         28        256      30737   Library Totals
        16          0          0          7          0          0   (incl. Padding)

    ----------------------------------------------------------------------

      Code (inc. data)   RO Data    RW Data    ZI Data      Debug   Library Name

      3798         58          0         17        256      26429   ampm_lib.lib
      6570        202         64          4          0       3116   mc_w.l
      1320          2          0          0          0       1192   mf_w.l

    ----------------------------------------------------------------------
     11704        262         64         28        256      30737   Library Totals

    ----------------------------------------------------------------------

==============================================================================


      Code (inc. data)   RO Data    RW Data    ZI Data      Debug   

     67624       3678      10044       1396      19268     706896   Grand Totals
     67624       3678      10044        204      19268     706896   ELF Image Totals (compressed)
     67624       3678      10044        204          0          0   ROM Totals

==============================================================================

    Total RO  Size (Code + RO Data)                77668 (  75.85kB)
    Total RW  Size (RW Data + ZI Data)             20664 (  20.18kB)
    Total ROM Size (Code + RO Data + RW Data)      77872 (  76.05kB)

==============================================================================

