<html>
<body>
<pre>
<h1>µVision Build Log</h1>
<h2>Project:</h2>
E:\AMPM\GIT\ampm_uip_lwip_gprs_freeRTOS\firmware\app\build\keil\bt1.uvproj
Project File Date:  02/27/2016

<h2>Output:</h2>
Build target 'AMPM_IOT_RELEASE'
compiling ampm_gsm_startup.c...
..\..\ampm_lib\ampm_gsm\ampm_gsm_startup.c(267): warning:  #111-D: statement is unreachable
                ampm_GSM_StartupPhase = AMPM_GSM_STARTUP_INIT_PHASE;
..\..\ampm_lib\ampm_gsm\ampm_gsm_startup.c(74): warning:  #177-D: variable "uartBaud" was declared but never referenced
        uint32_t callback,uartBaud;
..\..\ampm_lib\ampm_gsm\ampm_gsm_startup.c: 2 warnings, 0 errors
linking...
Program Size: Code=67656 RO-data=10368 RW-data=1392 ZI-data=18256  
FromELF: creating hex file...
After Build - User command #1: fromelf --bin --output .\output\PJ2000STV3.03.bin .\flash\PJ2000ST.axf
".\flash\PJ2000ST.axf" - 0 Error(s), 2 Warning(s).
Load "E:\\AMPM\\GIT\\ampm_uip_lwip_gprs_freeRTOS\\firmware\\app\\build\\keil\\flash\\PJ2000ST.axf" 
Full Chip Erase Done.
Programming Done.
Verify OK.
</pre>
</body>
</html>
: L6406E: No space in execution regions with .ANY selector matching rtc.o(.data).
.\flash\PJ2000ST.axf: Error: L6406E: No space in execution regions with .ANY selector matching resolver.o(.data).
.\flash\PJ2000ST.axf: Error: L6406E: No space in execution regions with .ANY selector matching ampm_gsm_common.o(.data).
.\flash\PJ2000ST.axf: Error: L6406E: No space in execution regions with .ANY selector matching comm.o(.data).
.\flash\PJ2000ST.axf: Error: L6406E: No space in execution regions with .ANY selector matching sst25.o(.data).
.\flash\PJ2000ST.axf: Error: L6406E: No space in execution regions with .ANY selector matching ampm_gsm_ring.o(.data).
.\flash\PJ2000ST.axf: Error: L6406E: No space in execution regions with .ANY selector matching tcp_ip_task.o(.data).
.\flash\PJ2000ST.axf: Error: L6406E: No space in execution regions with .ANY selector matching memp.o(.data).
.\flash\PJ2000ST.axf: Error: L6406E: No space in execution regions with .ANY selector matching timer.o(.data).
.\flash\PJ2000ST.axf: Error: L6406E: No space in execution regions with .ANY selector matching port.o(.data).
.\flash\PJ2000ST.axf: Error: L6406E: No space in execution regions with .ANY selector matching uart3.o(.data).
.\flash\PJ2000ST.axf: Error: L6406E: No space in execution regions with .ANY selector matching ampm_ff.o(.data).
.\flash\PJ2000ST.axf: Error: L6406E: No space in execution regions with .ANY selector matching rand.o(.data).
.\flash\PJ2000ST.axf: Error: L6406E: No space in execution regions with .ANY selector matching tcpip.o(.data).
.\flash\PJ2000ST.axf: Error: L6406E: No space in execution regions with .ANY selector matching ampm_gsm_dial_up.o(.data).
.\flash\PJ2000ST.axf: Error: L6406E: No space in execution regions with .ANY selector matching sparser.o(.data).
.\flash\PJ2000ST.axf: Error: L6407E: Sections of aggregate size 0xbc bytes could not fit into .ANY selector(s).
Not enough information to list image symbols.
Not enough information to list the image map.
Finished: 2 information, 0 warning and 24 error messages.
".\flash\PJ2000ST.axf" - 24 Error(s), 0 Warning(s).
Target not created
