<html>
<body>
<pre>
<h1>µVision Build Log</h1>
<h2>Project:</h2>
E:\AMPM\GIT\ampm_uip_lwip_gprs_freeRTOS\firmware\app\build\keil\bt1.uvproj
Project File Date:  02/27/2016

<h2>Output:</h2>
Build target 'AMPM_IOT_RELEASE'
compiling ampm_gsm_main_task.c...
compiling main.c...
..\..\src\main.c(168): warning:  #177-D: variable "j" was declared but never referenced
        uint32_t i,j,len;
..\..\src\main.c(168): warning:  #177-D: variable "len" was declared but never referenced
        uint32_t i,j,len;
..\..\src\main.c(169): warning:  #177-D: variable "buf" was declared but never referenced
        uint8_t buf[32];
..\..\src\main.c(263): warning:  #111-D: statement is unreachable
        return 0;
..\..\src\main.c(274): warning:  #550-D: variable "err" was set but never used
    err_t err;
..\..\src\main.c(296): warning:  #177-D: variable "newconn" was declared but never referenced
        int xClientSocket, newconn, size;
..\..\src\main.c(296): warning:  #177-D: variable "size" was declared but never referenced
        int xClientSocket, newconn, size;
..\..\src\main.c: 7 warnings, 0 errors
compiling ampm_gsm_startup.c...
..\..\ampm_lib\ampm_gsm\ampm_gsm_startup.c(74): warning:  #177-D: variable "uartBaud" was declared but never referenced
        uint32_t callback,uartBaud;
..\..\ampm_lib\ampm_gsm\ampm_gsm_startup.c: 1 warning, 0 errors
linking...
Program Size: Code=67684 RO-data=10368 RW-data=1392 ZI-data=19280  
FromELF: creating hex file...
After Build - User command #1: fromelf --bin --output .\output\PJ2000STV3.03.bin .\flash\PJ2000ST.axf
".\flash\PJ2000ST.axf" - 0 Error(s), 8 Warning(s).
</pre>
</body>
</html>
 warnings, 0 errors
compiling dbg.c...
compiling sys_arch.c...
compiling sys.c...
compiling memp.c...
compiling api_lib.c...
..\..\ampm_lib\uip\os\src\api\api_lib.c(598): warning:  #177-D: variable "len" was declared but never referenced
    u16_t len;
..\..\ampm_lib\uip\os\src\api\api_lib.c: 1 warning, 0 errors
compiling api_msg.c...
..\..\ampm_lib\uip\os\src\api\api_msg.c(91): warning:  #111-D: statement is unreachable
    return ERR_OK;
..\..\ampm_lib\uip\os\src\api\api_msg.c(321): warning:  #550-D: variable "err" was set but never used
    err_t err;
..\..\ampm_lib\uip\os\src\api\api_msg.c(168): warning:  #177-D: function "accept_function" was declared but never referenced
  accept_function(void *arg, struct tcp_pcb *newpcb, err_t err)
..\..\ampm_lib\uip\os\src\api\api_msg.c: 3 warnings, 0 errors
compiling mem.c...
compiling pbuf.c...
compiling sockets.c...
..\..\ampm_lib\uip\os\src\include\lwip/arch.h(91): warning:  #47-D: incompatible redefinition of macro "ENOMEM" (declared at line 122 of "C:\Keil\ARM\ARMCC\bin\..\include\errno.h")
  #define  ENOMEM    12  /* Out of memory */
..\..\ampm_lib\uip\os\src\include\lwip/arch.h(101): warning:  #47-D: incompatible redefinition of macro "EINVAL" (declared at line 121 of "C:\Keil\ARM\ARMCC\bin\..\include\errno.h")
  #define  EINVAL    22  /* Invalid argument */
..\..\ampm_lib\uip\os\src\include\lwip/arch.h(112): warning:  #47-D: incompatible redefinition of macro "EDOM" (declared at line 77 of "C:\Keil\ARM\ARMCC\bin\..\include\errno.h")
  #define  EDOM    33  /* Math argument out of domain of func */
..\..\ampm_lib\uip\os\src\include\lwip/arch.h(113): warning:  #47-D: incompatible redefinition of macro "ERANGE" (declared at line 88 of "C:\Keil\ARM\ARMCC\bin\..\include\errno.h")
  #define  ERANGE    34  /* Math result not representable */
..\..\ampm_lib\uip\os\src\include\lwip/arch.h(165): warning:  #47-D: incompatible redefinition of macro "EILSEQ" (declared at line 101 of "C:\Keil\ARM\ARMCC\bin\..\include\errno.h")
  #define  EILSEQ    84  /* Illegal byte sequence */
..\..\ampm_lib\uip\os\src\api\sockets.c: 5 warnings, 0 errors
compiling inet.c...
compiling uip.c...
compiling resolv.c...
..\..\ampm_lib\uip\resolv.c(239): warning:  #550-D: variable "nquestions" was set but never used
    static u8_t nquestions, nanswers;
..\..\ampm_lib\uip\resolv.c: 1 warning, 0 errors
compiling timer.c...
compiling uip_ppp.c...
compiling tcpip.c...
compiling resolver.c...
..\..\ampm_lib\uip\resolver.c(25): warning:  #177-D: variable "dnsServerIp" was declared but never referenced
        uip_ipaddr_t dnsServerIp;
..\..\ampm_lib\uip\resolver.c: 1 warning, 0 errors
compiling tcpip_rtos.c...
..\..\ampm_lib\uip\tcpip_rtos.c(39): warning:  #550-D: variable "err" was set but never used
        err_t err;
..\..\ampm_lib\uip\tcpip_rtos.c(110): warning:  #177-D: variable "copylen" was declared but never referenced
    uint16_t len, copylen, bytesleft;
..\..\ampm_lib\uip\tcpip_rtos.c(110): warning:  #177-D: variable "bytesleft" was declared but never referenced
    uint16_t len, copylen, bytesleft;
..\..\ampm_lib\uip\tcpip_rtos.c(113): warning:  #550-D: variable "err" was set but never used
        err_t err;
..\..\ampm_lib\uip\tcpip_rtos.c(140): warning:  #550-D: variable "err" was set but never used
        err_t err;
..\..\ampm_lib\uip\tcpip_rtos.c(366): warning:  #513-D: a value of type "err_t (*)(void *, struct tcp_pcb *, err_t)" cannot be assigned to an entity of type "err_t (*)(void *, struct tcp_pcb *, struct pbuf *, err_t)"
      pcb->recv = tcp_recv_null;  
..\..\ampm_lib\uip\tcpip_rtos.c(351): warning:  #177-D: variable "iss" was declared but never referenced
    u32_t iss;
..\..\ampm_lib\uip\tcpip_rtos.c(233): warning:  #177-D: function "init" was declared but never referenced
  init(void)
..\..\ampm_lib\uip\tcpip_rtos.c: 8 warnings, 0 errors
compiling ppp.c...
..\..\ampm_lib\PPP\ppp.c(124): warning:  #167-D: argument of type "int8_t *" is incompatible with parameter of type "const char *restrict"
        strcpy(pppUsr, usr);
..\..\ampm_lib\PPP\ppp.c(125): warning:  #167-D: argument of type "int8_t *" is incompatible with parameter of type "const char *restrict"
        strcpy(pppPwd, pwd);
..\..\ampm_lib\PPP\ppp.c: 2 warnings, 0 errors
compiling xtea.c...
compiling fcs.c...
compiling queue.c...
compiling tasks.c...
compiling port.c...
compiling heap_2.c...
compiling list.c...
compiling comm.c...
compiling ampm_gsm_call.c...
..\..\ampm_lib\ampm_gsm\ampm_gsm_call.c(375): warning:  #111-D: statement is unreachable
                                        break;
..\..\ampm_lib\ampm_gsm\ampm_gsm_call.c: 1 warning, 0 errors
compiling ampm_gsm_common.c...
compiling ampm_gsm_dial_up.c...
compiling ampm_gsm_io.c...
compiling ampm_gsm_ring.c...
compiling ampm_gsm_sms.c...
compiling ampm_gsm_startup.c...
..\..\ampm_lib\ampm_gsm\ampm_gsm_startup.c(74): warning:  #177-D: variable "uartBaud" was declared but never referenced
        uint32_t callback,uartBaud;
..\..\ampm_lib\ampm_gsm\ampm_gsm_startup.c: 1 warning, 0 errors
compiling at_command_parser.c...
compiling pdu.c...
compiling DTMF_app.c...
compiling m_time.c...
compiling sys_time.c...
..\..\ampm_lib\lib\sys_time.c(111): warning:  #177-D: variable "gt" was declared but never referenced
          struct tm *gt;
..\..\ampm_lib\lib\sys_time.c: 1 warning, 0 errors
compiling ampm_list.c...
compiling ampm_sprintf.c...
compiling data_cmp.c...
compiling DTMF.c...
compiling encoding.c...
compiling packet_queue.c...
compiling protocol.c...
compiling ringbuf.c...
compiling sparser.c...
..\..\ampm_lib\lib\sparser.c(81): warning:  #177-D: variable "c" was declared but never referenced
        uint8_t c,res;
..\..\ampm_lib\lib\sparser.c: 1 warning, 0 errors
compiling sys_tick.c...
compiling tick.c...
compiling stm32f10x_flash.c...
compiling stm32f10x_iwdg.c...
compiling stm32f10x_gpio.c...
compiling stm32f10x_rcc.c...
compiling uart1.c...
compiling rtc.c...
..\..\driver\ampm\stm32\rtc.c(56): warning:  #177-D: variable "temp" was declared but never referenced
        uint32_t RTC_counter,temp;
..\..\driver\ampm\stm32\rtc.c: 1 warning, 0 errors
compiling stm32f10x_adc.c...
compiling stm32f10x_dma.c...
compiling uart3.c...
compiling spi.c...
..\..\driver\ampm\stm32\spi.c(120): warning:  #550-D: variable "rc" was set but never used
        unsigned char rc;
..\..\driver\ampm\stm32\spi.c: 1 warning, 0 errors
compiling core_cm3.c...
compiling system_stm32f10x.c...
assembling startup_stm32f10x_md.s...
compiling aes.c...
compiling arc4.c...
compiling asm.c...
compiling asn.c...
compiling blake2b.c...
compiling camellia.c...
compiling chacha.c...
compiling chacha20_poly1305.c...
compiling coding.c...
compiling compress.c...
compiling curve25519.c...
compiling des3.c...
compiling dh.c...
compiling dsa.c...
compiling ecc.c...
compiling ecc_fp.c...
compiling ed25519.c...
compiling error.c...
compiling fe_low_mem.c...
compiling fe_operations.c...
compiling ge_low_mem.c...
compiling ge_operations.c...
compiling hash.c...
compiling hc128.c...
compiling hmac.c...
compiling idea.c...
compiling integer.c...
compiling logging.c...
compiling md2.c...
compiling md4.c...
compiling md5.c...
compiling memory.c...
compiling misc.c...
..\..\wolfssl\wolfcrypt\src\misc.c(73): warning:  #177-D: function "rotrFixed" was declared but never referenced
      STATIC INLINE word32 rotrFixed(word32 x, word32 y)
..\..\wolfssl\wolfcrypt\src\misc.c(100): warning:  #177-D: function "ByteReverseWords" was declared but never referenced
  STATIC INLINE void ByteReverseWords(word32* out, const word32* in,
..\..\wolfssl\wolfcrypt\src\misc.c(114): warning:  #177-D: function "rotlFixed64" was declared but never referenced
  STATIC INLINE word64 rotlFixed64(word64 x, word64 y)
..\..\wolfssl\wolfcrypt\src\misc.c(120): warning:  #177-D: function "rotrFixed64" was declared but never referenced
  STATIC INLINE word64 rotrFixed64(word64 x, word64 y)
..\..\wolfssl\wolfcrypt\src\misc.c(141): warning:  #177-D: function "ByteReverseWords64" was declared but never referenced
  STATIC INLINE void ByteReverseWords64(word64* out, const word64* in,
..\..\wolfssl\wolfcrypt\src\misc.c(162): warning:  #177-D: function "xorbuf" was declared but never referenced
  STATIC INLINE void xorbuf(void* buf, const void* mask, word32 count)
..\..\wolfssl\wolfcrypt\src\misc.c(178): warning:  #177-D: function "ForceZero" was declared but never referenced
  STATIC INLINE void ForceZero(const void* mem, word32 len)
..\..\wolfssl\wolfcrypt\src\misc.c(187): warning:  #177-D: function "ConstantCompare" was declared but never referenced
  STATIC INLINE int ConstantCompare(const byte* a, const byte* b, int length)
..\..\wolfssl\wolfcrypt\src\misc.c: 8 warnings, 0 errors
compiling pkcs7.c...
compiling poly1305.c...
compiling pwdbased.c...
compiling rabbit.c...
compiling random.c...
compiling ripemd.c...
compiling rsa.c...
compiling sha.c...
compiling sha256.c...
compiling sha512.c...
compiling signature.c...
compiling srp.c...
compiling tfm.c...
compiling wc_encrypt.c...
compiling wc_port.c...
compiling crl.c...
compiling internal.c...
..\..\wolfssl\src\internal.c(11692): warning:  #1293-D: assignment in condition
              if (!(ret = wc_InitSha256(sha256))
..\..\wolfssl\src\internal.c(11693): warning:  #1293-D: assignment in condition
              &&  !(ret = wc_Sha256Update(sha256, ssl->arrays->clientRandom,
..\..\wolfssl\src\internal.c(11695): warning:  #1293-D: assignment in condition
              &&  !(ret = wc_Sha256Update(sha256, ssl->arrays->serverRandom,
..\..\wolfssl\src\internal.c(11697): warning:  #1293-D: assignment in condition
              &&  !(ret = wc_Sha256Update(sha256, messageVerify, verifySz))) {
..\..\wolfssl\src\internal.c(14820): warning:  #1293-D: assignment in condition
                      if (!(ret = wc_InitSha256(sha256))
..\..\wolfssl\src\internal.c(14821): warning:  #1293-D: assignment in condition
                      &&  !(ret = wc_Sha256Update(sha256,
..\..\wolfssl\src\internal.c(14823): warning:  #1293-D: assignment in condition
                      &&  !(ret = wc_Sha256Update(sha256,
..\..\wolfssl\src\internal.c(14825): warning:  #1293-D: assignment in condition
                      &&  !(ret = wc_Sha256Update(sha256,
..\..\wolfssl\src\internal.c: 8 warnings, 0 errors
compiling io.c...
compiling keys.c...
compiling ocsp.c...
compiling sniffer.c...
compiling ssl.c...
..\..\wolfssl\src\ssl.c(3757): warning:  #167-D: argument of type "byte *" is incompatible with parameter of type "char *"
      if ( (ret = (int)XFREAD(myBuffer, sz, 1, file)) < 0)
..\..\wolfssl\src\ssl.c(3928): warning:  #167-D: argument of type "byte *" is incompatible with parameter of type "char *"
      if ( (ret = (int)XFREAD(myBuffer, sz, 1, file)) < 0)
..\..\wolfssl\src\ssl.c(4447): warning:  #167-D: argument of type "byte *" is incompatible with parameter of type "char *"
      if ( (ret = (int)XFREAD(myBuffer, sz, 1, file)) < 0)
..\..\wolfssl\src\ssl.c: 3 warnings, 0 errors
compiling tls.c...
compiling sst25.c...
..\..\ampm_lib\flash_mem\sst25.c(297): warning:  #177-D: function "SST25__WriteDisable" was declared but never referenced
  static uint8_t SST25__WriteDisable(void)
..\..\ampm_lib\flash_mem\sst25.c(315): warning:  #177-D: function "SST25__GlobalProtect" was declared but never referenced
  static uint8_t SST25__GlobalProtect(uint8_t enable)
..\..\ampm_lib\flash_mem\sst25.c: 2 warnings, 0 errors
compiling ampm_ff.c...
..\..\ampm_lib\ampm_ff\ampm_ff.c(254): warning:  #177-D: variable "rend_sec" was declared but never referenced
        uint32_t i,temp,rend_sec;
..\..\ampm_lib\ampm_ff\ampm_ff.c(301): warning:  #111-D: statement is unreachable
        if(free_sector_cnt)
..\..\ampm_lib\ampm_ff\ampm_ff.c(343): warning:  #111-D: statement is unreachable
        return FR_OK;
..\..\ampm_lib\ampm_ff\ampm_ff.c(328): warning:  #177-D: variable "temp" was declared but never referenced
        uint32_t i,temp;
..\..\ampm_lib\ampm_ff\ampm_ff.c: 4 warnings, 0 errors
compiling ampm_ff_port.c...
".\flash\PJ2000ST.axf" - 1 Error(s), 61 Warning(s).
Target not created
